******************************************************************************
                  TI ARM Linker PC v20.2.7                     
******************************************************************************
>> Linked Tue Apr 23 14:39:07 2024

OUTPUT FILE NAME:   <empty_MSP_EXP432P401R_tirtos_ccs.out>
ENTRY POINT SYMBOL: "_c_int00"  address: 000028d1


MEMORY CONFIGURATION

         name            origin    length      used     unused   attr    fill
----------------------  --------  ---------  --------  --------  ----  --------
  MAIN                  00000000   00040000  0000472f  0003b8d1  R  X
  INFO                  00200000   00004000  00000000  00004000  R  X
  SRAM_CODE             01000000   00010000  00008e86  0000717a  RW X
  SRAM_DATA             20000000   00010000  00008e86  0000717a  RW  


SEGMENT ALLOCATION MAP

run origin  load origin   length   init length attrs members
----------  ----------- ---------- ----------- ----- -------
00000000    00000000    00004738   00004738    r-x
  00000000    00000000    0000003c   0000003c    r-- .resetVecs
  00000040    00000040    000040ba   000040ba    r-x .text
  000040fc    000040fc    00000411   00000411    r-- .const
  00004510    00004510    00000228   00000228    r-- .cinit
20000140    20000140    00008000   00000000    r--
  20000140    20000140    00008000   00000000    r-- .priheap
20008140    20008140    0000094c   00000000    rw-
  20008140    20008140    000005fa   00000000    rw- .data
  20008740    20008740    0000034c   00000000    rw- .bss
2000fc00    2000fc00    00000400   00000000    rw-
  2000fc00    2000fc00    00000400   00000000    rw- .stack


SECTION ALLOCATION MAP

 output                                  attributes/
section   page    origin      length       input sections
--------  ----  ----------  ----------   ----------------
.text      0    00000040    000040ba     
                  00000040    000002f8     drivers_msp432p401x.aem4f : PowerMSP432.oem4f (.text:Power_sleep)
                  00000338    0000028a     msp432p4xx_driverlib.lib : pcm.o (.text:__PCM_setPowerStateAdvanced)
                  000005c2    00000002     ti_drivers_config.obj (.text:Board_initHook)
                  000005c4    00000288     drivers_msp432p401x.aem4f : PowerMSP432.oem4f (.text:initPerfControl)
                  0000084c    0000015c     msp432p4xx_driverlib.lib : pcm.o (.text:__PCM_setPowerModeAdvanced)
                  000009a8    00000130     sysbios.aem4f : BIOS.obj (.text:ti_sysbios_knl_Semaphore_pend__E)
                  00000ad8    00000108     msp432p4xx_driverlib.lib : pcm.o (.text:__PCM_setCoreVoltageLevelAdvanced)
                  00000be0    00000108     sysbios.aem4f : BIOS.obj (.text:ti_sysbios_knl_Task_postInit__I)
                  00000ce8    00000108                   : BIOS.obj (.text:xdc_runtime_Startup_startMods__I)
                  00000df0    00000104                   : BIOS.obj (.text:ti_sysbios_knl_Task_Instance_finalize__E)
                  00000ef4    00000004     msp432p4xx_driverlib.lib : cpu.o (.text:CPU_wfi)
                  00000ef8    000000f8     sysbios.aem4f : BIOS.obj (.text:ti_sysbios_family_arm_msp432_init_Boot_configureClocksHigh)
                  00000ff0    000000f0                   : BIOS.obj (.text:pthread_create)
                  000010e0    000000f0                   : m3_Hwi_asm.obj (.text:ti_sysbios_family_arm_m3_Hwi_dispatch__I)
                  000011d0    000000e4     msp432p4xx_driverlib.lib : cs.o (.text:CS_startHFXTWithTimeout)
                  000012b4    000000e0                              : cs.o (.text:CS_startLFXTWithTimeout)
                  00001394    00000004     release_pem4f.oem4f (.text:ti_sysbios_BIOS_RtsGateProxy_enter__E)
                  00001398    000000e0     sysbios.aem4f : BIOS.obj (.text:ti_sysbios_knl_Task_Instance_init__E)
                  00001478    000000dc     msp432p4xx_driverlib.lib : cs.o (.text:_CSGetHFXTFrequency)
                  00001554    00000004     release_pem4f.oem4f (.text:ti_sysbios_BIOS_RtsGateProxy_leave__E)
                  00001558    000000d0     sysbios.aem4f : BIOS.obj (.text:ti_sysbios_heaps_HeapMem_alloc__E)
                  00001628    000000c4                   : BIOS.obj (.text:ti_sysbios_knl_Task_sleep__E)
                  000016ec    000000b8     thread.obj (.text:mainThread)
                  000017a4    00000004     release_pem4f.oem4f (.text:ti_sysbios_family_arm_m3_TaskSupport_Module__startupDone__S)
                  000017a8    000000b8     sysbios.aem4f : BIOS.obj (.text:ti_sysbios_family_arm_m3_Hwi_Instance_init__E)
                  00001860    000000aa                   : BIOS.obj (.text:xdc_runtime_Core_createObject__I)
                  0000190a    00000004     release_pem4f.oem4f (.text:ti_sysbios_heaps_HeapMem_Module_GateProxy_enter__E)
                  0000190e    00000002     dpl_msp432p401x.aem4f : PowerMSP432_tirtos.oem4f (.text:PowerMSP432_initPolicy)
                  00001910    000000a8     sysbios.aem4f : BIOS.obj (.text:ti_sysbios_family_arm_msp432_Timer_periodicStub__E)
                  000019b8    000000a4                   : BIOS.obj (.text:ti_sysbios_knl_Task_setPri__E)
                  00001a5c    000000a0     auto_init.aem4f : auto_init.oem4f (.text)
                  00001afc    0000009c     drivers_msp432p401x.aem4f : PowerMSP432.oem4f (.text:Power_init)
                  00001b98    0000009c     rtsv7M4_T_le_v4SPD16_eabi.lib : memcpy_t2.asm.obj (.text)
                  00001c34    00000004     release_pem4f.oem4f (.text:ti_sysbios_heaps_HeapMem_Module_GateProxy_leave__E)
                  00001c38    00000094     sysbios.aem4f : BIOS.obj (.text:_pthread_removeThreadKeys)
                  00001ccc    00000004     release_pem4f.oem4f (.text:ti_sysbios_knl_Clock_TimerProxy_getMaxTicks__E)
                  00001cd0    00000094     sysbios.aem4f : BIOS.obj (.text:ti_sysbios_family_arm_m3_Hwi_initNVIC__E)
                  00001d64    00000004     release_pem4f.oem4f (.text:ti_sysbios_knl_Task_delete)
                  00001d68    00000094     sysbios.aem4f : BIOS.obj (.text:ti_sysbios_knl_Task_exit__E)
                  00001dfc    00000004     release_pem4f.oem4f (.text:xdc_runtime_System_Module_GateProxy_enter__E)
                  00001e00    00000090     sysbios.aem4f : BIOS.obj (.text:ti_sysbios_knl_Task_Module_startup__E)
                  00001e90    0000008c                   : m3_TaskSupport_asm.obj (.text:ti_sysbios_family_arm_m3_TaskSupport_buildTaskStack)
                  00001f1c    00000004     release_pem4f.oem4f (.text:xdc_runtime_System_Module_GateProxy_leave__E)
                  00001f20    0000008c     sysbios.aem4f : BIOS.obj (.text:xdc_runtime_Memory_alloc__E)
                  00001fac    00000002     rtsv7M4_T_le_v4SPD16_eabi.lib : _lock.c.obj (.text:_nop)
                  00001fae    00000002     release_pem4f.oem4f (.text:ti_sysbios_BIOS_nullFunc__I)
                  00001fb0    00000086     sysbios.aem4f : BIOS.obj (.text:xdc_runtime_Core_constructObject__I)
                  00002036    00000002     --HOLE-- [fill = 0]
                  00002038    00000084     msp432p4xx_driverlib.lib : pcm.o (.text:PCM_gotoLPM3)
                  000020bc    00000084     drivers_msp432p401x.aem4f : PowerMSP432.oem4f (.text:restartHFXT)
                  00002140    00000084     sysbios.aem4f : BIOS.obj (.text:ti_sysbios_family_arm_m3_Hwi_postInit__I)
                  000021c4    00000004     --HOLE-- [fill = 0]
                  000021c8    00000084                   : BIOS.obj (.text:ti_sysbios_heaps_HeapMem_free__E)
                  0000224c    00000004     --HOLE-- [fill = 0]
                  00002250    00000080                   : BIOS.obj (.text:ti_sysbios_knl_Clock_workFunc__E)
                  000022d0    0000007a     rtsv7M4_T_le_v4SPD16_eabi.lib : memset_t2.asm.obj (.text)
                  0000234a    00000006     --HOLE-- [fill = 0]
                  00002350    00000070     sysbios.aem4f : BIOS.obj (.text:ti_sysbios_heaps_HeapMem_initPrimary__I)
                  000023c0    0000006c                   : BIOS.obj (.text:ti_sysbios_knl_Swi_restoreHwi__E)
                  0000242c    00000068     rtsv7M4_T_le_v4SPD16_eabi.lib : copy_decompress_lzss.c.obj (.text:decompress:lzss:__TI_decompress_lzss)
                  00002494    00000004     --HOLE-- [fill = 0]
                  00002498    00000066     sysbios.aem4f : BIOS.obj (.text:xdc_runtime_Core_deleteObject__I)
                  000024fe    00000002     --HOLE-- [fill = 0]
                  00002500    00000064     main_tirtos.obj (.text:main)
                  00002564    00000004     --HOLE-- [fill = 0]
                  00002568    00000064     sysbios.aem4f : BIOS.obj (.text:pthread_exit)
                  000025cc    00000004     --HOLE-- [fill = 0]
                  000025d0    00000064                   : BIOS.obj (.text:ti_sysbios_family_arm_m3_Hwi_dispatchC__I)
                  00002634    00000004     --HOLE-- [fill = 0]
                  00002638    00000060                   : BIOS.obj (.text:ti_sysbios_knl_Semaphore_post__E)
                  00002698    00000060                   : BIOS.obj (.text:ti_sysbios_knl_Swi_run__I)
                  000026f8    0000005e     msp432p4xx_driverlib.lib : pcm.o (.text:PCM_getCoreVoltageLevel)
                  00002756    00000002     --HOLE-- [fill = 0]
                  00002758    0000005c     sysbios.aem4f : BIOS.obj (.text:ti_sysbios_knl_Swi_schedule__I)
                  000027b4    00000004     --HOLE-- [fill = 0]
                  000027b8    0000005c                   : BIOS.obj (.text:ti_sysbios_knl_Task_startCore__E)
                  00002814    00000004     --HOLE-- [fill = 0]
                  00002818    0000005c                   : BIOS.obj (.text:xdc_runtime_Startup_exec__E)
                  00002874    0000005a     msp432p4xx_driverlib.lib : pcm.o (.text:PCM_getPowerMode)
                  000028ce    00000002     --HOLE-- [fill = 0]
                  000028d0    00000058     boot.aem4f : boot.oem4f (.text)
                  00002928    00000058     sysbios.aem4f : m3_Hwi_asm_switch.obj (.text:ti_sysbios_family_arm_m3_Hwi_initStacks__E)
                  00002980    00000054     msp432p4xx_driverlib.lib : pcm.o (.text:PCM_shutdownDevice)
                  000029d4    00000054     release_pem4f.oem4f (.text:ti_sysbios_family_arm_m3_Hwi_create)
                  00002a28    00000054     sysbios.aem4f : BIOS.obj (.text:ti_sysbios_family_arm_msp432_Timer_initDevice__I)
                  00002a7c    00000004     --HOLE-- [fill = 0]
                  00002a80    00000050                   : BIOS.obj (.text:ti_sysbios_family_arm_m3_Hwi_Module_startup__E)
                  00002ad0    00000050     release_pem4f.oem4f (.text:ti_sysbios_knl_Task_create)
                  00002b20    0000004c     dpl_msp432p401x.aem4f : PowerMSP432_tirtos.oem4f (.text:PowerMSP432_sleepPolicy)
                  00002b6c    0000004c     rtsv7M4_T_le_v4SPD16_eabi.lib : cpy_tbl.c.obj (.text:copy_in)
                  00002bb8    0000004c     sysbios.aem4f : BIOS.obj (.text:ti_sysbios_family_arm_msp432_Timer_postInit__I)
                  00002c04    00000004     --HOLE-- [fill = 0]
                  00002c08    0000004c                   : BIOS.obj (.text:ti_sysbios_family_arm_msp432_Timer_start__E)
                  00002c54    00000004     --HOLE-- [fill = 0]
                  00002c58    0000004c                   : BIOS.obj (.text:ti_sysbios_heaps_HeapMem_getStats__E)
                  00002ca4    00000004     --HOLE-- [fill = 0]
                  00002ca8    0000004c                   : BIOS.obj (.text:ti_sysbios_knl_Swi_runLoop__I)
                  00002cf4    00000004     --HOLE-- [fill = 0]
                  00002cf8    0000004c                   : BIOS.obj (.text:ti_sysbios_knl_Task_allBlockedFunction__I)
                  00002d44    00000004     --HOLE-- [fill = 0]
                  00002d48    0000004c                   : BIOS.obj (.text:ti_sysbios_knl_Task_schedule__I)
                  00002d94    00000004     --HOLE-- [fill = 0]
                  00002d98    00000048                   : BIOS.obj (.text:ti_sysbios_family_arm_m3_Hwi_disableInterrupt__E)
                  00002de0    00000048                   : BIOS.obj (.text:ti_sysbios_family_arm_m3_Hwi_enableInterrupt__E)
                  00002e28    00000048                   : BIOS.obj (.text:ti_sysbios_knl_Mailbox_Module_startup__E)
                  00002e70    00000048                   : BIOS.obj (.text:xdc_runtime_Core_assignParams__I)
                  00002eb8    00000044                   : BIOS.obj (.text:ti_sysbios_family_arm_m3_Hwi_getStackInfo__E)
                  00002efc    00000004     --HOLE-- [fill = 0]
                  00002f00    00000044                   : BIOS.obj (.text:ti_sysbios_knl_Swi_post__E)
                  00002f44    00000040     dpl_msp432p401x.aem4f : HwiP_tirtos.oem4f (.text:HwiP_create)
                  00002f84    00000004     --HOLE-- [fill = 0]
                  00002f88    00000040     sysbios.aem4f : BIOS.obj (.text:ti_sysbios_family_arm_msp432_Timer_Module_startup__E)
                  00002fc8    00000040                   : BIOS.obj (.text:ti_sysbios_family_arm_msp432_Timer_startup__E)
                  00003008    00000040                   : BIOS.obj (.text:ti_sysbios_heaps_HeapMem_Instance_init__E)
                  00003048    0000003c                   : BIOS.obj (.text:ti_sysbios_family_arm_m3_Hwi_Instance_finalize__E)
                  00003084    00000004     --HOLE-- [fill = 0]
                  00003088    0000003c                   : BIOS.obj (.text:ti_sysbios_family_arm_msp432_Seconds_Module_startup__E)
                  000030c4    00000004     --HOLE-- [fill = 0]
                  000030c8    0000003c                   : BIOS.obj (.text:ti_sysbios_knl_Swi_restore__E)
                  00003104    00000004     --HOLE-- [fill = 0]
                  00003108    0000003c                   : BIOS.obj (.text:usleep)
                  00003144    00000038     drivers_msp432p401x.aem4f : PowerMSP432.oem4f (.text:notify)
                  0000317c    00000004     --HOLE-- [fill = 0]
                  00003180    00000038     sysbios.aem4f : BIOS.obj (.text:xdc_runtime_System_atexit__E)
                  000031b8    00000032                   : BIOS.obj (.text:ti_sysbios_hal_Hwi_initStack)
                  000031ea    00000002     --HOLE-- [fill = 0]
                  000031ec    00000030     release_pem4f.oem4f (.text:ti_sysbios_BIOS_atExitFunc__I)
                  0000321c    00000030     release_pem4f.oem4f (.text:ti_sysbios_BIOS_startFunc__I)
                  0000324c    00000004     --HOLE-- [fill = 0]
                  00003250    00000030     sysbios.aem4f : BIOS.obj (.text:ti_sysbios_family_arm_m3_TaskSupport_start__E)
                  00003280    00000030     release_pem4f.oem4f (.text:ti_sysbios_gates_GateHwi_Object__create__S)
                  000032b0    00000030     release_pem4f.oem4f (.text:ti_sysbios_gates_GateMutex_Object__create__S)
                  000032e0    00000030     sysbios.aem4f : BIOS.obj (.text:ti_sysbios_gates_GateMutex_enter__E)
                  00003310    00000030     release_pem4f.oem4f (.text:ti_sysbios_heaps_HeapMem_Object__create__S)
                  00003340    00000030     sysbios.aem4f : BIOS.obj (.text:ti_sysbios_knl_Mailbox_postInit__I)
                  00003370    00000030     release_pem4f.oem4f (.text:ti_sysbios_knl_Semaphore_construct)
                  000033a0    00000030     sysbios.aem4f : BIOS.obj (.text:ti_sysbios_knl_Semaphore_pendTimeout__I)
                  000033d0    00000030                   : BIOS.obj (.text:ti_sysbios_knl_Task_processVitalTaskFlag__I)
                  00003400    00000030                   : BIOS.obj (.text:ti_sysbios_knl_Task_restore__E)
                  00003430    00000030                   : BIOS.obj (.text:ti_sysbios_knl_Task_unblockI__E)
                  00003460    00000030                   : BIOS.obj (.text:xdc_runtime_System_processAtExit__E)
                  00003490    0000002e                   : BIOS.obj (.text:pthread_setcancelstate)
                  000034be    0000002c     dpl_msp432p401x.aem4f : PowerMSP432_tirtos.oem4f (.text:PowerMSP432_updateFreqs)
                  000034ea    00000002     --HOLE-- [fill = 0]
                  000034ec    0000002c     msp432p4xx_driverlib.lib : rtc_c.o (.text:RTC_C_holdClock)
                  00003518    0000002c     sysbios.aem4f : BIOS.obj (.text:_pthread_cleanupFxn)
                  00003544    00000004     --HOLE-- [fill = 0]
                  00003548    0000002c                   : BIOS.obj (.text:_pthread_delete$43)
                  00003574    0000002c     release_pem4f.oem4f (.text:ti_sysbios_gates_GateHwi_Handle__label__S)
                  000035a0    0000002c     release_pem4f.oem4f (.text:ti_sysbios_gates_GateMutex_Handle__label__S)
                  000035cc    0000002c     release_pem4f.oem4f (.text:ti_sysbios_heaps_HeapMem_Handle__label__S)
                  000035f8    0000002c     release_pem4f.oem4f (.text:ti_sysbios_knl_Clock_doTick__I)
                  00003624    0000002c     release_pem4f.oem4f (.text:ti_sysbios_knl_Queue_construct)
                  00003650    00000028     GPIO_MSP432.obj (.text:GPIO_setPinAlto)
                  00003678    00000028     GPIO_MSP432.obj (.text:GPIO_setPinBajo)
                  000036a0    00000028     msp432p4xx_driverlib.lib : pcm.o (.text:PCM_gotoLPM0)
                  000036c8    00000028     drivers_msp432p401x.aem4f : PowerMSP432.oem4f (.text:disableFaultCounter)
                  000036f0    00000028                               : PowerMSP432.oem4f (.text:disableHFXT)
                  00003718    00000028     sysbios.aem4f : m3_Hwi_asm.obj (.text:ti_sysbios_family_arm_m3_Hwi_excHandlerAsm__I)
                  00003740    00000028                   : BIOS.obj (.text:ti_sysbios_knl_Clock_addI__E)
                  00003768    00000028                   : BIOS.obj (.text:ti_sysbios_knl_Swi_Module_startup__E)
                  00003790    00000026                   : m3_Hwi_asm.obj (.text:ti_sysbios_family_arm_m3_Hwi_pendSV__I)
                  000037b6    00000002     --HOLE-- [fill = 0]
                  000037b8    00000024     GPIO_MSP432.obj (.text:Gpio_Pin_in)
                  000037dc    00000024     msp432p4xx_driverlib.lib : wdt_a.o (.text:WDT_A_holdTimer)
                  00003800    00000024     sysbios.aem4f : BIOS.obj (.text:pthread_attr_init)
                  00003824    00000024     release_pem4f.oem4f (.text:ti_sysbios_BIOS_registerRTSLock__I)
                  00003848    00000024     release_pem4f.oem4f (.text:ti_sysbios_BIOS_removeRTSLock__I)
                  0000386c    00000004     --HOLE-- [fill = 0]
                  00003870    00000024     sysbios.aem4f : BIOS.obj (.text:ti_sysbios_family_arm_msp432_ClockFreqs_setFrequency__E)
                  00003894    00000024     release_pem4f.oem4f (.text:ti_sysbios_gates_GateMutex_Object__delete__S)
                  000038b8    00000024     sysbios.aem4f : BIOS.obj (.text:ti_sysbios_knl_Clock_Module_startup__E)
                  000038dc    00000004     --HOLE-- [fill = 0]
                  000038e0    00000024                   : BIOS.obj (.text:ti_sysbios_knl_Semaphore_Instance_init__E)
                  00003904    00000004     --HOLE-- [fill = 0]
                  00003908    00000024                   : BIOS.obj (.text:ti_sysbios_knl_Task_restoreHwi__E)
                  0000392c    00000004     --HOLE-- [fill = 0]
                  00003930    00000024                   : BIOS.obj (.text:xdc_runtime_Error_policyMin__E)
                  00003954    00000020     msp432p4xx_driverlib.lib : cs.o (.text:CS_setExternalClockSourceFrequency)
                  00003974    00000020     release_pem4f.oem4f (.text:ti_sysbios_BIOS_rtsLock__I)
                  00003994    00000020     release_pem4f.oem4f (.text:ti_sysbios_gates_GateHwi_Object__delete__S)
                  000039b4    00000020     release_pem4f.oem4f (.text:ti_sysbios_heaps_HeapMem_Object__delete__S)
                  000039d4    00000004     --HOLE-- [fill = 0]
                  000039d8    00000020     sysbios.aem4f : BIOS.obj (.text:ti_sysbios_knl_Idle_run__E)
                  000039f8    00000020     release_pem4f.oem4f (.text:ti_sysbios_knl_Semaphore_destruct)
                  00003a18    00000020     release_pem4f.oem4f (.text:ti_sysbios_knl_Task_Object__delete__S)
                  00003a38    0000001e     sysbios.aem4f : m3_Hwi_asm_switch.obj (.text:ti_sysbios_family_xxx_Hwi_switchAndRunFunc)
                  00003a56    0000001c     rtsv7M4_T_le_v4SPD16_eabi.lib : copy_zero_init.c.obj (.text:decompress:ZI:__TI_zero_init_nomemset:__TI_zero_init_nomemset)
                  00003a72    00000006     --HOLE-- [fill = 0]
                  00003a78    0000001c     sysbios.aem4f : BIOS.obj (.text:ti_sysbios_family_arm_m3_Hwi_excHandler__I)
                  00003a94    00000004     --HOLE-- [fill = 0]
                  00003a98    0000001c                   : BIOS.obj (.text:ti_sysbios_gates_GateMutex_Instance_init__E)
                  00003ab4    0000001c     release_pem4f.oem4f (.text:ti_sysbios_knl_Queue_destruct)
                  00003ad0    0000001c     sysbios.aem4f : BIOS.obj (.text:ti_sysbios_knl_Queue_put__E)
                  00003aec    00000004     --HOLE-- [fill = 0]
                  00003af0    0000001c                   : BIOS.obj (.text:ti_sysbios_knl_Task_enter__I)
                  00003b0c    00000004     --HOLE-- [fill = 0]
                  00003b10    0000001c                   : BIOS.obj (.text:ti_sysbios_rts_ti_ReentSupport_getReent__F)
                  00003b2c    00000004     --HOLE-- [fill = 0]
                  00003b30    0000001c                   : BIOS.obj (.text:xdc_runtime_Memory_valloc__E)
                  00003b4c    00000004     --HOLE-- [fill = 0]
                  00003b50    0000001c                   : BIOS.obj (.text:xdc_runtime_System_abort__E)
                  00003b6c    00000018     release_pem4f.oem4f (.text:.bootCodeSection:ti_sysbios_family_arm_msp432_init_Boot_init__I)
                  00003b84    00000018     msp432p4xx_driverlib.lib : sysctl_a.o (.text:SysCtl_A_disableNMISource)
                  00003b9c    00000018                              : sysctl_a.o (.text:SysCtl_A_enableNMISource)
                  00003bb4    00000018     rtsv7M4_T_le_v4SPD16_eabi.lib : args_main.c.obj (.text:_args_main)
                  00003bcc    00000018     release_pem4f.oem4f (.text:ti_sysbios_BIOS_rtsUnlock__I)
                  00003be4    00000018     release_pem4f.oem4f (.text:ti_sysbios_family_arm_m3_Hwi_Module__startupDone__F)
                  00003bfc    00000018     sysbios.aem4f : m3_TaskSupport_asm.obj (.text:ti_sysbios_family_arm_m3_TaskSupport_swap__E)
                  00003c14    00000018     release_pem4f.oem4f (.text:ti_sysbios_family_arm_msp432_Timer_Module__startupDone__F)
                  00003c2c    00000004     --HOLE-- [fill = 0]
                  00003c30    00000018     sysbios.aem4f : BIOS.obj (.text:ti_sysbios_gates_GateMutex_leave__E)
                  00003c48    00000018                   : BIOS.obj (.text:ti_sysbios_knl_Task_sleepTimeout__I)
                  00003c60    00000018     release_pem4f.oem4f (.text:ti_sysbios_rts_ti_ReentSupport_getTlsAddr__I)
                  00003c78    00000018     sysbios.aem4f : BIOS.obj (.text:xdc_runtime_Error_init__E)
                  00003c90    00000018                   : BIOS.obj (.text:xdc_runtime_System_exit__E)
                  00003ca8    00000016     release_pem4f.oem4f (.text:ti_sysbios_BIOS_exitFunc__I)
                  00003cbe    00000002     --HOLE-- [fill = 0]
                  00003cc0    00000016     sysbios.aem4f : BIOS.obj (.text:ti_sysbios_knl_Task_unblock__E)
                  00003cd6    00000002     --HOLE-- [fill = 0]
                  00003cd8    00000014     msp432p4xx_driverlib.lib : pcm.o (.text:PCM_getPowerState)
                  00003cec    00000014     drivers_msp432p401x.aem4f : PowerMSP432.oem4f (.text:Power_idleFunc)
                  00003d00    00000014     sysbios.aem4f : BIOS.obj (.text:pthread_attr_setschedparam)
                  00003d14    00000014     release_pem4f.oem4f (.text:ti_sysbios_family_arm_m3_Hwi_Object__get__S)
                  00003d28    00000014     sysbios.aem4f : BIOS.obj (.text:ti_sysbios_family_arm_m3_Hwi_switchFromBootStack__E)
                  00003d3c    00000014     release_pem4f.oem4f (.text:ti_sysbios_heaps_HeapMem_Object__get__S)
                  00003d50    00000014     release_pem4f.oem4f (.text:ti_sysbios_knl_Swi_Object__get__S)
                  00003d64    00000004     --HOLE-- [fill = 0]
                  00003d68    00000012     sysbios.aem4f : BIOS.obj (.text:_pthread_cleanup_pop)
                  00003d7a    00000006     --HOLE-- [fill = 0]
                  00003d80    00000012                   : BIOS.obj (.text:_pthread_runStub$43)
                  00003d92    00000006     --HOLE-- [fill = 0]
                  00003d98    00000012                   : BIOS.obj (.text:ti_sysbios_hal_Hwi_Module_startup__E)
                  00003daa    00000012     release_pem4f.oem4f (.text:xdc_runtime_Startup_exec__I)
                  00003dbc    00000010     dpl_msp432p401x.aem4f : HwiP_tirtos.oem4f (.text:HwiP_Params_init)
                  00003dcc    00000010     msp432p4xx_driverlib.lib : pcm.o (.text:PCM_gotoLPM4)
                  00003ddc    00000010                              : pcm.o (.text:PCM_setPowerMode)
                  00003dec    00000010                              : pcm.o (.text:PCM_setPowerState)
                  00003dfc    00000010                              : sysctl_a.o (.text:SysCtl_A_getNMISourceStatus)
                  00003e0c    00000010                              : sysctl.o (.text:SysCtl_getNMISourceStatus)
                  00003e1c    00000004     --HOLE-- [fill = 0]
                  00003e20    00000010     sysbios.aem4f : BIOS.obj (.text:ti_sysbios_BIOS_exit__E)
                  00003e30    00000010                   : BIOS.obj (.text:ti_sysbios_BIOS_setCpuFreq__E)
                  00003e40    00000010                   : BIOS.obj (.text:ti_sysbios_BIOS_setThreadType__E)
                  00003e50    00000010                   : BIOS.obj (.text:ti_sysbios_BIOS_start__E)
                  00003e60    00000010                   : m3_TaskSupport_asm.obj (.text:ti_sysbios_family_arm_m3_TaskSupport_glue)
                  00003e70    00000010                   : BIOS.obj (.text:ti_sysbios_family_arm_msp432_init_Boot_disableWatchdog)
                  00003e80    00000010                   : BIOS.obj (.text:ti_sysbios_gates_GateMutex_Instance_finalize__E)
                  00003e90    00000010     release_pem4f.oem4f (.text:ti_sysbios_knl_Mailbox_Object__get__S)
                  00003ea0    00000010     sysbios.aem4f : BIOS.obj (.text:ti_sysbios_knl_Semaphore_Instance_finalize__E)
                  00003eb0    00000010                   : BIOS.obj (.text:ti_sysbios_knl_Swi_disable__E)
                  00003ec0    00000010     release_pem4f.oem4f (.text:ti_sysbios_knl_Task_Object__get__S)
                  00003ed0    00000010     sysbios.aem4f : BIOS.obj (.text:ti_sysbios_knl_Task_disable__E)
                  00003ee0    00000010                   : BIOS.obj (.text:xdc_runtime_Gate_leaveSystem__E)
                  00003ef0    00000010                   : BIOS.obj (.text:xdc_runtime_Memory_free__E)
                  00003f00    00000010                   : BIOS.obj (.text:xdc_runtime_SysCallback_abort__E)
                  00003f10    00000010                   : BIOS.obj (.text:xdc_runtime_SysCallback_exit__E)
                  00003f20    0000000e     rtsv7M4_T_le_v4SPD16_eabi.lib : copy_decompress_none.c.obj (.text:decompress:none:__TI_decompress_none)
                  00003f2e    00000002     --HOLE-- [fill = 0]
                  00003f30    0000000e     sysbios.aem4f : BIOS.obj (.text:pthread_attr_setdetachstate)
                  00003f3e    00000002     --HOLE-- [fill = 0]
                  00003f40    0000000e                   : BIOS.obj (.text:ti_sysbios_knl_Idle_loop__E)
                  00003f4e    00000002     --HOLE-- [fill = 0]
                  00003f50    0000000e                   : BIOS.obj (.text:ti_sysbios_knl_Queue_empty__E)
                  00003f5e    0000000c     ti_drivers_config.obj (.text:Board_init)
                  00003f6a    0000000c     msp432p4xx_driverlib.lib : cpu.o (.text:CPU_cpsid)
                  00003f76    0000000c                              : cpu.o (.text:CPU_cpsie)
                  00003f82    00000002     --HOLE-- [fill = 0]
                  00003f84    0000000c     drivers_msp432p401x.aem4f : PowerMSP432.oem4f (.text:Power_getConstraintMask)
                  00003f90    0000000c     rtsv7M4_T_le_v4SPD16_eabi.lib : _lock.c.obj (.text:_register_lock)
                  00003f9c    0000000c                                   : _lock.c.obj (.text:_register_unlock)
                  00003fa8    0000000c     sysbios.aem4f : BIOS.obj (.text:pthread_self)
                  00003fb4    0000000c     release_pem4f.oem4f (.text:ti_sysbios_family_arm_m3_Hwi_Params__init__S)
                  00003fc0    0000000c     sysbios.aem4f : BIOS.obj (.text:ti_sysbios_family_arm_m3_TaskSupport_getStackAlignment__E)
                  00003fcc    00000004     --HOLE-- [fill = 0]
                  00003fd0    0000000c                   : BIOS.obj (.text:ti_sysbios_family_arm_msp432_Timer_getMaxTicks__E)
                  00003fdc    00000004     --HOLE-- [fill = 0]
                  00003fe0    0000000c                   : BIOS.obj (.text:ti_sysbios_gates_GateHwi_enter__E)
                  00003fec    0000000c     release_pem4f.oem4f (.text:ti_sysbios_knl_Queue_Object__get__S)
                  00003ff8    0000000c     release_pem4f.oem4f (.text:ti_sysbios_knl_Semaphore_Params__init__S)
                  00004004    0000000c     release_pem4f.oem4f (.text:ti_sysbios_knl_Task_Params__init__S)
                  00004010    0000000c     sysbios.aem4f : BIOS.obj (.text:ti_sysbios_knl_Task_self__E)
                  0000401c    00000004     --HOLE-- [fill = 0]
                  00004020    0000000c                   : BIOS.obj (.text:ti_sysbios_rts_ti_ReentSupport_taskRegHook__I)
                  0000402c    00000004     --HOLE-- [fill = 0]
                  00004030    0000000c                   : BIOS.obj (.text:xdc_runtime_Gate_enterSystem__E)
                  0000403c    00000004     --HOLE-- [fill = 0]
                  00004040    0000000c                   : BIOS.obj (.text:xdc_runtime_Startup_rtsDone__E)
                  0000404c    0000000a     release_pem4f.oem4f (.text:xdc_runtime_IHeap_alloc)
                  00004056    0000000a     release_pem4f.oem4f (.text:xdc_runtime_IHeap_free)
                  00004060    00000008     sysbios.aem4f : BIOS.obj (.text:pthread_attr_setstacksize)
                  00004068    00000008                   : BIOS.obj (.text:ti_sysbios_family_arm_m3_Hwi_doSwiRestore__I)
                  00004070    00000008                   : BIOS.obj (.text:ti_sysbios_family_arm_m3_Hwi_startup__E)
                  00004078    00000006                   : BIOS.obj (.text:ti_sysbios_family_arm_m3_Hwi_doTaskRestore__I)
                  0000407e    00000002     --HOLE-- [fill = 0]
                  00004080    00000006                   : BIOS.obj (.text:ti_sysbios_gates_GateHwi_leave__E)
                  00004086    00000002     --HOLE-- [fill = 0]
                  00004088    00000006                   : BIOS.obj (.text:ti_sysbios_heaps_HeapMem_isBlocking__E)
                  0000408e    00000002     --HOLE-- [fill = 0]
                  00004090    00000006                   : BIOS.obj (.text:ti_sysbios_knl_Queue_Instance_init__E)
                  00004096    00000002     --HOLE-- [fill = 0]
                  00004098    00000006                   : BIOS.obj (.text:ti_sysbios_knl_Swi_startup__E)
                  0000409e    00000002     --HOLE-- [fill = 0]
                  000040a0    00000006                   : BIOS.obj (.text:xdc_runtime_System_Module_startup__E)
                  000040a6    00000002     --HOLE-- [fill = 0]
                  000040a8    00000004                   : BIOS.obj (.text:__aeabi_errno_addr)
                  000040ac    00000004     --HOLE-- [fill = 0]
                  000040b0    00000004                   : BIOS.obj (.text:ti_sysbios_gates_GateHwi_query__E)
                  000040b4    00000004     --HOLE-- [fill = 0]
                  000040b8    00000004                   : BIOS.obj (.text:ti_sysbios_gates_GateMutex_query__E)
                  000040bc    00000004     --HOLE-- [fill = 0]
                  000040c0    00000004                   : BIOS.obj (.text:ti_sysbios_knl_Task_startup__E)
                  000040c4    00000004     --HOLE-- [fill = 0]
                  000040c8    00000002                   : BIOS.obj (.text:ti_sysbios_BIOS_linkedWithIncorrectBootLibrary__E)
                  000040ca    00000006     --HOLE-- [fill = 0]
                  000040d0    00000002                   : BIOS.obj (.text:ti_sysbios_gates_GateHwi_Instance_init__E)
                  000040d2    00000006     --HOLE-- [fill = 0]
                  000040d8    00000002                   : BIOS.obj (.text:ti_sysbios_knl_Clock_logTick__E)
                  000040da    00000006     --HOLE-- [fill = 0]
                  000040e0    00000002                   : BIOS.obj (.text:xdc_runtime_SysCallback_defaultAbort)
                  000040e2    00000006     --HOLE-- [fill = 0]
                  000040e8    00000002                   : BIOS.obj (.text:xdc_runtime_SysCallback_defaultExit)
                  000040ea    00000006     --HOLE-- [fill = 0]
                  000040f0    00000002                   : BIOS.obj (.text:xdc_runtime_System_abortSpin__E)
                  000040f2    00000006     --HOLE-- [fill = 0]
                  000040f8    00000002                   : BIOS.obj (.text:xdc_runtime_System_exitSpin__E)

.const     0    000040fc    00000411     
                  000040fc    0000003c     release_pem4f.oem4f (.const:ti_sysbios_knl_Task_Object__PARAMS__C)
                  00004138    00000038     ti_drivers_config.obj (.const:PowerMSP432_config)
                  00004170    00000030     GPIO_MSP432.obj (.const:GPIO_PORT_TO_BASE)
                  000041a0    00000030     release_pem4f.oem4f (.const:ti_sysbios_family_arm_m3_Hwi_Object__PARAMS__C)
                  000041d0    00000028     release_pem4f.oem4f (.const:ti_sysbios_heaps_HeapMem_Module__FXNS__C)
                  000041f8    00000024     release_pem4f.oem4f (.const:ti_sysbios_gates_GateHwi_Module__FXNS__C)
                  0000421c    00000024     release_pem4f.oem4f (.const:ti_sysbios_gates_GateMutex_Module__FXNS__C)
                  00004240    00000024     release_pem4f.oem4f (.const:ti_sysbios_heaps_HeapMem_Object__PARAMS__C)
                  00004264    00000024     release_pem4f.oem4f (.const:ti_sysbios_knl_Semaphore_Object__PARAMS__C)
                  00004288    00000024     release_pem4f.oem4f (.const:xdc_runtime_Startup_sfxnTab__A)
                  000042ac    00000020     release_pem4f.oem4f (.const:ti_sysbios_family_arm_m3_Hwi_Object__DESC__C)
                  000042cc    00000020     release_pem4f.oem4f (.const:ti_sysbios_gates_GateHwi_Object__DESC__C)
                  000042ec    00000020     release_pem4f.oem4f (.const:ti_sysbios_gates_GateMutex_Object__DESC__C)
                  0000430c    00000020     release_pem4f.oem4f (.const:ti_sysbios_heaps_HeapMem_Object__DESC__C)
                  0000432c    00000020     release_pem4f.oem4f (.const:ti_sysbios_knl_Queue_Object__DESC__C)
                  0000434c    00000020     release_pem4f.oem4f (.const:ti_sysbios_knl_Semaphore_Object__DESC__C)
                  0000436c    00000020     release_pem4f.oem4f (.const:ti_sysbios_knl_Task_Object__DESC__C)
                  0000438c    00000018     release_pem4f.oem4f (.const:ti_sysbios_gates_GateHwi_Object__PARAMS__C)
                  000043a4    00000018     release_pem4f.oem4f (.const:ti_sysbios_gates_GateMutex_Object__PARAMS__C)
                  000043bc    00000018     release_pem4f.oem4f (.const:ti_sysbios_knl_Queue_Object__PARAMS__C)
                  000043d4    00000018     release_pem4f.oem4f (.const:ti_sysbios_knl_Task_hooks__A)
                  000043ec    00000012     release_pem4f.oem4f (.const:xdc_runtime_Startup_sfxnRts__A)
                  000043fe    00000002     release_pem4f.oem4f (.const:ti_sysbios_family_arm_m3_Hwi_Module__id__C)
                  00004400    0000000c     release_pem4f.oem4f (.const:xdc_runtime_Startup_firstFxns__A)
                  0000440c    00000008     release_pem4f.oem4f (.const:ti_sysbios_knl_Idle_funcList__A)
                  00004414    00000008     release_pem4f.oem4f (.const:ti_sysbios_knl_Idle_funcList__C)
                  0000441c    00000008     release_pem4f.oem4f (.const:ti_sysbios_knl_Task_hooks__C)
                  00004424    00000008     release_pem4f.oem4f (.const:xdc_runtime_Startup_firstFxns__C)
                  0000442c    00000008     release_pem4f.oem4f (.const:xdc_runtime_Startup_lastFxns__C)
                  00004434    00000004     GPIO_MSP432.obj (.const)
                  00004438    00000004     release_pem4f.oem4f (.const:ti_sysbios_family_arm_m3_Hwi_E_alreadyDefined__C)
                  0000443c    00000004     release_pem4f.oem4f (.const:ti_sysbios_family_arm_m3_Hwi_E_badIntNum__C)
                  00004440    00000004     release_pem4f.oem4f (.const:ti_sysbios_family_arm_m3_Hwi_NUM_INTERRUPTS__C)
                  00004444    00000004     release_pem4f.oem4f (.const:ti_sysbios_family_arm_m3_Hwi_Object__count__C)
                  00004448    00000004     release_pem4f.oem4f (.const:ti_sysbios_family_arm_m3_Hwi_ccr__C)
                  0000444c    00000004     release_pem4f.oem4f (.const:ti_sysbios_family_arm_m3_Hwi_excHandlerFunc__C)
                  00004450    00000004     release_pem4f.oem4f (.const:ti_sysbios_family_arm_m3_Hwi_nullIsrFunc__C)
                  00004454    00000004     release_pem4f.oem4f (.const:ti_sysbios_family_arm_m3_Hwi_priGroup__C)
                  00004458    00000004     release_pem4f.oem4f (.const:ti_sysbios_family_arm_m3_Hwi_swiDisable__C)
                  0000445c    00000004     release_pem4f.oem4f (.const:ti_sysbios_family_arm_m3_Hwi_swiRestore__C)
                  00004460    00000004     release_pem4f.oem4f (.const:ti_sysbios_family_arm_m3_TaskSupport_stackAlignment__C)
                  00004464    00000004     release_pem4f.oem4f (.const:ti_sysbios_family_arm_msp432_Timer_numTimerDevices__C)
                  00004468    00000004     release_pem4f.oem4f (.const:ti_sysbios_family_arm_msp432_Timer_startupNeeded__C)
                  0000446c    00000004     release_pem4f.oem4f (.const:ti_sysbios_gates_GateMutex_Instance_State_sem__O)
                  00004470    00000004     release_pem4f.oem4f (.const:ti_sysbios_heaps_HeapMem_E_memory__C)
                  00004474    00000004     release_pem4f.oem4f (.const:ti_sysbios_heaps_HeapMem_Module__gateObj__C)
                  00004478    00000004     release_pem4f.oem4f (.const:ti_sysbios_heaps_HeapMem_Object__count__C)
                  0000447c    00000004     release_pem4f.oem4f (.const:ti_sysbios_heaps_HeapMem_primaryHeapBaseAddr__C)
                  00004480    00000004     release_pem4f.oem4f (.const:ti_sysbios_heaps_HeapMem_primaryHeapEndAddr__C)
                  00004484    00000004     release_pem4f.oem4f (.const:ti_sysbios_heaps_HeapMem_reqAlign__C)
                  00004488    00000004     release_pem4f.oem4f (.const:ti_sysbios_knl_Clock_Module_State_clockQ__O)
                  0000448c    00000004     release_pem4f.oem4f (.const:ti_sysbios_knl_Clock_tickPeriod__C)
                  00004490    00000004     release_pem4f.oem4f (.const:ti_sysbios_knl_Mailbox_Instance_State_freeQue__O)
                  00004494    00000004     release_pem4f.oem4f (.const:ti_sysbios_knl_Mailbox_Object__count__C)
                  00004498    00000004     release_pem4f.oem4f (.const:ti_sysbios_knl_Mailbox_maxTypeAlign__C)
                  0000449c    00000004     release_pem4f.oem4f (.const:ti_sysbios_knl_Semaphore_Instance_State_pendQ__O)
                  000044a0    00000004     release_pem4f.oem4f (.const:ti_sysbios_knl_Swi_Object__count__C)
                  000044a4    00000004     release_pem4f.oem4f (.const:ti_sysbios_knl_Task_Module_State_inactiveQ__O)
                  000044a8    00000004     release_pem4f.oem4f (.const:ti_sysbios_knl_Task_Object__count__C)
                  000044ac    00000004     release_pem4f.oem4f (.const:ti_sysbios_knl_Task_Object__heap__C)
                  000044b0    00000004     release_pem4f.oem4f (.const:ti_sysbios_knl_Task_allBlockedFunc__C)
                  000044b4    00000004     release_pem4f.oem4f (.const:ti_sysbios_knl_Task_defaultStackHeap__C)
                  000044b8    00000004     release_pem4f.oem4f (.const:ti_sysbios_knl_Task_defaultStackSize__C)
                  000044bc    00000004     release_pem4f.oem4f (.const:ti_sysbios_knl_Task_numConstructedTasks__C)
                  000044c0    00000004     release_pem4f.oem4f (.const:xdc_runtime_Error_E_memory__C)
                  000044c4    00000004     release_pem4f.oem4f (.const:xdc_runtime_Error_policyFxn__C)
                  000044c8    00000004     release_pem4f.oem4f (.const:xdc_runtime_IGateProvider_Interface__BASE__C)
                  000044cc    00000004     release_pem4f.oem4f (.const:xdc_runtime_IHeap_Interface__BASE__C)
                  000044d0    00000004     release_pem4f.oem4f (.const:xdc_runtime_IModule_Interface__BASE__C)
                  000044d4    00000004     release_pem4f.oem4f (.const:xdc_runtime_Memory_defaultHeapInstance__C)
                  000044d8    00000004     release_pem4f.oem4f (.const:xdc_runtime_Startup_execImpl__C)
                  000044dc    00000004     release_pem4f.oem4f (.const:xdc_runtime_Startup_maxPasses__C)
                  000044e0    00000004     release_pem4f.oem4f (.const:xdc_runtime_Startup_sfxnRts__C)
                  000044e4    00000004     release_pem4f.oem4f (.const:xdc_runtime_Startup_sfxnTab__C)
                  000044e8    00000004     release_pem4f.oem4f (.const:xdc_runtime_SysCallback_abortFxn__C)
                  000044ec    00000004     release_pem4f.oem4f (.const:xdc_runtime_SysCallback_exitFxn__C)
                  000044f0    00000004     release_pem4f.oem4f (.const:xdc_runtime_System_Module__gateObj__C)
                  000044f4    00000004     release_pem4f.oem4f (.const:xdc_runtime_System_abortFxn__C)
                  000044f8    00000004     release_pem4f.oem4f (.const:xdc_runtime_System_exitFxn__C)
                  000044fc    00000004     release_pem4f.oem4f (.const:xdc_runtime_System_maxAtexitHandlers__C)
                  00004500    00000002     release_pem4f.oem4f (.const:ti_sysbios_family_arm_msp432_init_Boot_bypassHFXT__C)
                  00004502    00000002     release_pem4f.oem4f (.const:ti_sysbios_family_arm_msp432_init_Boot_bypassLFXT__C)
                  00004504    00000002     release_pem4f.oem4f (.const:ti_sysbios_family_arm_msp432_init_Boot_enableHFXT__C)
                  00004506    00000002     release_pem4f.oem4f (.const:ti_sysbios_family_arm_msp432_init_Boot_enableLFXT__C)
                  00004508    00000002     release_pem4f.oem4f (.const:ti_sysbios_heaps_HeapMem_Module__id__C)
                  0000450a    00000002     release_pem4f.oem4f (.const:xdc_runtime_Memory_Module__id__C)
                  0000450c    00000001     release_pem4f.oem4f (.const:xdc_runtime_Error_policy__C)

.cinit     0    00004510    00000228     
                  00004510    00000202     (.cinit..data.load) [load image, compression = lzss]
                  00004712    00000002     --HOLE-- [fill = 0]
                  00004714    0000000c     (__TI_handler_table)
                  00004720    00000008     (.cinit..bss.load) [load image, compression = zero_init]
                  00004728    00000010     (__TI_cinit_table)

.init_array 
*          0    00000000    00000000     UNINITIALIZED

.data      0    20008140    000005fa     UNINITIALIZED
                  20008140    00000140     drivers_msp432p401x.aem4f : PowerMSP432.oem4f (.data:PowerMSP432_perfLevels)
                  20008280    00000088     sysbios.aem4f : BIOS.obj (.data:$O1$$)
                  20008308    00000080     release_pem4f.oem4f (.data:ti_sysbios_knl_Swi_Module_State_0_readyQ__A)
                  20008388    00000080     release_pem4f.oem4f (.data:ti_sysbios_knl_Task_Module_State_0_readyQ__A)
                  20008408    00000054     release_pem4f.oem4f (.data:ti_sysbios_gates_GateMutex_Object__table__V)
                  2000845c    0000004c     release_pem4f.oem4f (.data:ti_sysbios_knl_Task_Object__table__V)
                  200084a8    00000044     release_pem4f.oem4f (.data:ti_sysbios_family_arm_msp432_Timer_Object__table__V)
                  200084ec    00000044     release_pem4f.oem4f (.data:ti_sysbios_knl_Task_Module__state__V)
                  20008530    00000034     release_pem4f.oem4f (.data:ti_sysbios_family_arm_m3_Hwi_Module__state__V)
                  20008564    00000030     release_pem4f.oem4f (.data:ti_sysbios_knl_Swi_Object__table__V)
                  20008594    0000002c     drivers_msp432p401x.aem4f : PowerMSP432.oem4f (.data:PowerMSP432_module)
                  200085c0    0000002c     release_pem4f.oem4f (.data:ti_sysbios_knl_Clock_Module__state__V)
                  200085ec    00000024     release_pem4f.oem4f (.data:ti_sysbios_BIOS_Module__state__V)
                  20008610    00000020     release_pem4f.oem4f (.data:ti_sysbios_family_arm_msp432_Timer_Module_State_0_device__A)
                  20008630    00000020     release_pem4f.oem4f (.data:xdc_runtime_Error_IgnoreBlock)
                  20008650    0000001c     release_pem4f.oem4f (.data:ti_sysbios_knl_Swi_Module__state__V)
                  2000866c    00000018     release_pem4f.oem4f (.data:ti_sysbios_family_arm_m3_Hwi_Object__table__V)
                  20008684    00000018     release_pem4f.oem4f (.data:ti_sysbios_heaps_HeapMem_Object__table__V)
                  2000869c    00000010     release_pem4f.oem4f (.data:ti_sysbios_family_arm_msp432_Timer_Module_State_0_handles__A)
                  200086ac    0000000c     release_pem4f.oem4f (.data:ti_sysbios_family_arm_msp432_ClockFreqs_Module__state__V)
                  200086b8    0000000c     release_pem4f.oem4f (.data:ti_sysbios_family_arm_msp432_Timer_Module__state__V)
                  200086c4    00000008     rtsv7M4_T_le_v4SPD16_eabi.lib : _lock.c.obj (.data:$O1$$)
                  200086cc    00000008     release_pem4f.oem4f (.data:ti_sysbios_family_arm_m3_Hwi_Module__root__V)
                  200086d4    00000008     release_pem4f.oem4f (.data:ti_sysbios_gates_GateHwi_Module__root__V)
                  200086dc    00000008     release_pem4f.oem4f (.data:ti_sysbios_gates_GateMutex_Module__root__V)
                  200086e4    00000008     release_pem4f.oem4f (.data:ti_sysbios_heaps_HeapMem_Module__root__V)
                  200086ec    00000008     release_pem4f.oem4f (.data:ti_sysbios_knl_Queue_Module__root__V)
                  200086f4    00000008     release_pem4f.oem4f (.data:ti_sysbios_knl_Semaphore_Module__root__V)
                  200086fc    00000008     release_pem4f.oem4f (.data:ti_sysbios_knl_Task_Module__root__V)
                  20008704    00000008     release_pem4f.oem4f (.data:xdc_runtime_Startup_Module__state__V)
                  2000870c    00000008     release_pem4f.oem4f (.data:xdc_runtime_System_Module_State_0_atexitHandlers__A)
                  20008714    00000008     release_pem4f.oem4f (.data:xdc_runtime_System_Module__state__V)
                  2000871c    00000004     rtsv7M4_T_le_v4SPD16_eabi.lib : stkdepth_vars.c.obj (.data)
                  20008720    00000004     release_pem4f.oem4f (.data:ti_sysbios_family_arm_m3_Hwi_Module_State_0_excContext__A)
                  20008724    00000004     release_pem4f.oem4f (.data:ti_sysbios_family_arm_m3_Hwi_Module_State_0_excStack__A)
                  20008728    00000004     release_pem4f.oem4f (.data:ti_sysbios_gates_GateHwi_Object__table__V)
                  2000872c    00000004     release_pem4f.oem4f (.data:ti_sysbios_knl_Task_Module_State_0_idleTask__A)
                  20008730    00000004     release_pem4f.oem4f (.data:ti_sysbios_rts_ti_ReentSupport_Module__state__V)
                  20008734    00000004     release_pem4f.oem4f (.data:xdc_runtime_Memory_Module__state__V)
                  20008738    00000002     release_pem4f.oem4f (.data:ti_sysbios_family_arm_m3_Hwi_Module_State_0_excActive__A)

.bss       0    20008740    0000034c     UNINITIALIZED
                  20008740    00000200     release_pem4f.oem4f (.bss:taskStackSection)
                  20008940    00000140     (.common:ti_sysbios_family_arm_m3_Hwi_dispatchTable)
                  20008a80    00000008     msp432p4xx_driverlib.lib : cs.o (.bss)
                  20008a88    00000004     (.common:ti_sysbios_knl_Task_Instance_State_0_hookEnv__A)

.priheap   0    20000140    00008000     UNINITIALIZED
                  20000140    00008000     --HOLE--

.stack     0    2000fc00    00000400     UNINITIALIZED
                  2000fc00    00000400     --HOLE--

.bootVecs 
*          0    00000000    00000008     DSECT
                  00000000    00000008     boot.aem4f : boot.oem4f (.bootVecs)

.resetVecs 
*          0    00000000    0000003c     
                  00000000    0000003c     release_pem4f.oem4f (.resetVecs)

.vecs      0    20000000    00000140     NOLOAD SECTION
                  20000000    00000140     release_pem4f.oem4f (.vecs)

xdc.meta   0    00000000    00000109     COPY SECTION
                  00000000    00000109     release_pem4f.oem4f (xdc.meta)

xdc.noload 
*          0    00000000    00000000     COPY SECTION

__llvm_prf_cnts 
*          0    20000000    00000000     UNINITIALIZED

.binit     0    00000000    00000000     

MODULE SUMMARY

       Module                       code    ro data   rw data
       ------                       ----    -------   -------
    .\
       thread.obj                   184     0         0      
       main_tirtos.obj              100     0         0      
    +--+----------------------------+-------+---------+---------+
       Total:                       284     0         0      
                                                             
    .\DRIVERS\
       GPIO_MSP432.obj              116     52        0      
    +--+----------------------------+-------+---------+---------+
       Total:                       116     52        0      
                                                             
    .\syscfg\
       ti_drivers_config.obj        14      56        0      
    +--+----------------------------+-------+---------+---------+
       Total:                       14      56        0      
                                                             
    C:\Users\DELL\OneDrive\Escritorio\space\tirtos_builds_MSP_EXP432P401R_release_ccs\Debug\configPkg\package\cfg\
       release_pem4f.oem4f          1326    993       4348   
    +--+----------------------------+-------+---------+---------+
       Total:                       1326    993       4348   
                                                             
    C:/ti/simplelink_msp432p4_sdk_3_40_01_02/kernel/tirtos/packages/ti/dpl/lib/dpl_msp432p401x.aem4f
       PowerMSP432_tirtos.oem4f     122     0         0      
       HwiP_tirtos.oem4f            80      0         0      
    +--+----------------------------+-------+---------+---------+
       Total:                       202     0         0      
                                                             
    C:/ti/simplelink_msp432p4_sdk_3_40_01_02/source/ti/devices/msp432p4xx/driverlib/ccs/msp432p4xx_driverlib.lib
       pcm.o                        1770    0         0      
       cs.o                         704     0         16     
       sysctl_a.o                   64      0         0      
       rtc_c.o                      44      0         0      
       wdt_a.o                      36      0         0      
       cpu.o                        28      0         0      
       sysctl.o                     16      0         0      
    +--+----------------------------+-------+---------+---------+
       Total:                       2662    0         16     
                                                             
    C:/ti/simplelink_msp432p4_sdk_3_40_01_02/source/ti/drivers/lib/drivers_msp432p401x.aem4f
       PowerMSP432.oem4f            1864    0         728    
    +--+----------------------------+-------+---------+---------+
       Total:                       1864    0         728    
                                                             
    C:\Users\DELL\OneDrive\Escritorio\space\tirtos_builds_MSP_EXP432P401R_release_ccs\src\sysbios\sysbios.aem4f
       BIOS.obj                     8410    0         272    
       m3_Hwi_asm.obj               318     0         0      
       m3_TaskSupport_asm.obj       180     0         0      
       m3_Hwi_asm_switch.obj        118     0         0      
    +--+----------------------------+-------+---------+---------+
       Total:                       9026    0         272    
                                                             
    C:\ti\ccs1250\ccs\tools\compiler\ti-cgt-arm_20.2.7.LTS\lib\rtsv7M4_T_le_v4SPD16_eabi.lib
       memcpy_t2.asm.obj            156     0         0      
       memset_t2.asm.obj            122     0         0      
       copy_decompress_lzss.c.obj   104     0         0      
       cpy_tbl.c.obj                76      0         0      
       _lock.c.obj                  26      0         16     
       copy_zero_init.c.obj         28      0         0      
       args_main.c.obj              24      0         0      
       copy_decompress_none.c.obj   14      0         0      
       stkdepth_vars.c.obj          0       0         8      
    +--+----------------------------+-------+---------+---------+
       Total:                       550     0         24     
                                                             
    C:\ti\simplelink_msp432p4_sdk_3_40_01_02\kernel\tirtos\packages\ti\targets\arm\rtsarm\lib\auto_init.aem4f
       auto_init.oem4f              160     0         0      
    +--+----------------------------+-------+---------+---------+
       Total:                       160     0         0      
                                                             
    C:\ti\simplelink_msp432p4_sdk_3_40_01_02\kernel\tirtos\packages\ti\targets\arm\rtsarm\lib\boot.aem4f
       boot.oem4f                   88      0         0      
    +--+----------------------------+-------+---------+---------+
       Total:                       88      0         0      
                                                             
       Stack:                       0       0         2048   
       Linker Generated:            0       550       0      
    +--+----------------------------+-------+---------+---------+
       Grand Total:                 16292   1651      7436   


LINKER GENERATED COPY TABLES

__TI_cinit_table @ 00004728 records: 2, size/record: 8, table size: 16
	.data: load addr=00004510, load size=00000202 bytes, run addr=20008140, run size=000005fa bytes, compression=lzss
	.bss: load addr=00004720, load size=00000008 bytes, run addr=20008740, run size=0000034c bytes, compression=zero_init


LINKER GENERATED HANDLER TABLE

__TI_handler_table @ 00004714 records: 3, size/record: 4, table size: 12
	index: 0, handler: __TI_decompress_lzss
	index: 1, handler: __TI_decompress_none
	index: 2, handler: __TI_zero_init


GLOBAL SYMBOLS: SORTED ALPHABETICALLY BY Name 

address   name                                                            
-------   ----                                                            
00003f5f  Board_init                                                      
000005c3  Board_initHook                                                  
00003f6b  CPU_cpsid                                                       
00003f77  CPU_cpsie                                                       
00000ef5  CPU_wfi                                                         
00003955  CS_setExternalClockSourceFrequency                              
000011d1  CS_startHFXTWithTimeout                                         
000012b5  CS_startLFXTWithTimeout                                         
00003651  GPIO_setPinAlto                                                 
00003679  GPIO_setPinBajo                                                 
000037b9  Gpio_Pin_in                                                     
00008000  HEAPSIZE                                                        
00003dbd  HwiP_Params_init                                                
00002f45  HwiP_create                                                     
000026f9  PCM_getCoreVoltageLevel                                         
00002875  PCM_getPowerMode                                                
00003cd9  PCM_getPowerState                                               
000036a1  PCM_gotoLPM0                                                    
00002039  PCM_gotoLPM3                                                    
00003dcd  PCM_gotoLPM4                                                    
00003ddd  PCM_setPowerMode                                                
00003ded  PCM_setPowerState                                               
00002981  PCM_shutdownDevice                                              
00004138  PowerMSP432_config                                              
0000190f  PowerMSP432_initPolicy                                          
20008594  PowerMSP432_module                                              
20008140  PowerMSP432_perfLevels                                          
00002b21  PowerMSP432_sleepPolicy                                         
000034bf  PowerMSP432_updateFreqs                                         
00003f85  Power_getConstraintMask                                         
00003ced  Power_idleFunc                                                  
00001afd  Power_init                                                      
00000041  Power_sleep                                                     
000034ed  RTC_C_holdClock                                                 
UNDEFED   SHT$$INIT_ARRAY$$Base                                           
UNDEFED   SHT$$INIT_ARRAY$$Limit                                          
00003b85  SysCtl_A_disableNMISource                                       
00003b9d  SysCtl_A_enableNMISource                                        
00003dfd  SysCtl_A_getNMISourceStatus                                     
00003e0d  SysCtl_getNMISourceStatus                                       
4000480c  WDTCTL_SYM                                                      
000037dd  WDT_A_holdTimer                                                 
00000000  __ASM__                                                         
0000008a  __ISA__                                                         
0000009d  __PLAT__                                                        
20010000  __STACK_END                                                     
00000400  __STACK_SIZE                                                    
000000c0  __TARG__                                                        
00004728  __TI_CINIT_Base                                                 
00004738  __TI_CINIT_Limit                                                
00004714  __TI_Handler_Table_Base                                         
00004720  __TI_Handler_Table_Limit                                        
00001a5d  __TI_auto_init                                                  
0000242d  __TI_decompress_lzss                                            
00003f21  __TI_decompress_none                                            
ffffffff  __TI_pprof_out_hndl                                             
ffffffff  __TI_prof_data_size                                             
ffffffff  __TI_prof_data_start                                            
00004510  __TI_static_base__                                              
00003a57  __TI_zero_init_nomemset                                         
000000e6  __TRDR__                                                        
000040a9  __aeabi_errno_addr                                              
000022d1  __aeabi_memclr                                                  
000022d1  __aeabi_memclr4                                                 
000022d1  __aeabi_memclr8                                                 
00001b99  __aeabi_memcpy                                                  
00001b99  __aeabi_memcpy4                                                 
00001b99  __aeabi_memcpy8                                                 
000022d3  __aeabi_memset                                                  
000022d3  __aeabi_memset4                                                 
000022d3  __aeabi_memset8                                                 
ffffffff  __binit__                                                       
ffffffff  __c_args__                                                      
20008140  __primary_heap_end__                                            
20000140  __primary_heap_start__                                          
2000fc00  __stack                                                         
20000000  __start___llvm_prf_cnts                                         
20000000  __stop___llvm_prf_cnts                                          
00003bb5  _args_main                                                      
000028d1  _c_int00                                                        
200086c4  _lock                                                           
00001fad  _nop                                                            
00003519  _pthread_cleanupFxn                                             
00003d69  _pthread_cleanup_pop                                            
00001c39  _pthread_removeThreadKeys                                       
00003f91  _register_lock                                                  
00003f9d  _register_unlock                                                
200086c8  _unlock                                                         
ffffffff  binit                                                           
00002b6d  copy_in                                                         
00002501  main                                                            
000016ed  mainThread                                                      
2000871c  main_func_sp                                                    
00001b99  memcpy                                                          
000022d9  memset                                                          
00004434  p1_in                                                           
00003801  pthread_attr_init                                               
00003f31  pthread_attr_setdetachstate                                     
00003d01  pthread_attr_setschedparam                                      
00004061  pthread_attr_setstacksize                                       
00000ff1  pthread_create                                                  
00002569  pthread_exit                                                    
00003fa9  pthread_self                                                    
00003491  pthread_setcancelstate                                          
200085ec  ti_sysbios_BIOS_Module__state__V                                
000035a1  ti_sysbios_BIOS_RtsGateProxy_Handle__label__S                   
00001395  ti_sysbios_BIOS_RtsGateProxy_enter__E                           
00001555  ti_sysbios_BIOS_RtsGateProxy_leave__E                           
000040b9  ti_sysbios_BIOS_RtsGateProxy_query__E                           
000031ed  ti_sysbios_BIOS_atExitFunc__I                                   
00003ca9  ti_sysbios_BIOS_exitFunc__I                                     
00003e21  ti_sysbios_BIOS_exit__E                                         
000040c9  ti_sysbios_BIOS_linkedWithIncorrectBootLibrary__E               
00001faf  ti_sysbios_BIOS_nullFunc__I                                     
00003825  ti_sysbios_BIOS_registerRTSLock__I                              
00003849  ti_sysbios_BIOS_removeRTSLock__I                                
00003975  ti_sysbios_BIOS_rtsLock__I                                      
00003bcd  ti_sysbios_BIOS_rtsUnlock__I                                    
00003e31  ti_sysbios_BIOS_setCpuFreq__E                                   
00003e41  ti_sysbios_BIOS_setThreadType__E                                
0000321d  ti_sysbios_BIOS_startFunc__I                                    
00003e51  ti_sysbios_BIOS_start__E                                        
00004438  ti_sysbios_family_arm_m3_Hwi_E_alreadyDefined__C                
0000443c  ti_sysbios_family_arm_m3_Hwi_E_badIntNum__C                     
00003049  ti_sysbios_family_arm_m3_Hwi_Instance_finalize__E               
000017a9  ti_sysbios_family_arm_m3_Hwi_Instance_init__E                   
20008738  ti_sysbios_family_arm_m3_Hwi_Module_State_0_excActive__A        
20008720  ti_sysbios_family_arm_m3_Hwi_Module_State_0_excContext__A       
20008724  ti_sysbios_family_arm_m3_Hwi_Module_State_0_excStack__A         
000043fe  ti_sysbios_family_arm_m3_Hwi_Module__id__C                      
200086cc  ti_sysbios_family_arm_m3_Hwi_Module__root__V                    
00003be5  ti_sysbios_family_arm_m3_Hwi_Module__startupDone__F             
00003be5  ti_sysbios_family_arm_m3_Hwi_Module__startupDone__S             
20008530  ti_sysbios_family_arm_m3_Hwi_Module__state__V                   
00002a81  ti_sysbios_family_arm_m3_Hwi_Module_startup__E                  
00004440  ti_sysbios_family_arm_m3_Hwi_NUM_INTERRUPTS__C                  
000042ac  ti_sysbios_family_arm_m3_Hwi_Object__DESC__C                    
000041a0  ti_sysbios_family_arm_m3_Hwi_Object__PARAMS__C                  
00004444  ti_sysbios_family_arm_m3_Hwi_Object__count__C                   
00003d15  ti_sysbios_family_arm_m3_Hwi_Object__get__S                     
2000866c  ti_sysbios_family_arm_m3_Hwi_Object__table__V                   
00003fb5  ti_sysbios_family_arm_m3_Hwi_Params__init__S                    
00004448  ti_sysbios_family_arm_m3_Hwi_ccr__C                             
000029d5  ti_sysbios_family_arm_m3_Hwi_create                             
00002d99  ti_sysbios_family_arm_m3_Hwi_disableInterrupt__E                
000025d1  ti_sysbios_family_arm_m3_Hwi_dispatchC__I                       
20008940  ti_sysbios_family_arm_m3_Hwi_dispatchTable                      
000010e1  ti_sysbios_family_arm_m3_Hwi_dispatch__I                        
00004069  ti_sysbios_family_arm_m3_Hwi_doSwiRestore__I                    
00004079  ti_sysbios_family_arm_m3_Hwi_doTaskRestore__I                   
00002de1  ti_sysbios_family_arm_m3_Hwi_enableInterrupt__E                 
00003719  ti_sysbios_family_arm_m3_Hwi_excHandlerAsm__I                   
0000444c  ti_sysbios_family_arm_m3_Hwi_excHandlerFunc__C                  
00003a79  ti_sysbios_family_arm_m3_Hwi_excHandler__I                      
00002eb9  ti_sysbios_family_arm_m3_Hwi_getStackInfo__E                    
00001cd1  ti_sysbios_family_arm_m3_Hwi_initNVIC__E                        
00002929  ti_sysbios_family_arm_m3_Hwi_initStacks__E                      
000011b5  ti_sysbios_family_arm_m3_Hwi_interruptsAreDisabledButShouldNotBe
00004450  ti_sysbios_family_arm_m3_Hwi_nullIsrFunc__C                     
e000e000  ti_sysbios_family_arm_m3_Hwi_nvic                               
00003791  ti_sysbios_family_arm_m3_Hwi_pendSV__I                          
00002141  ti_sysbios_family_arm_m3_Hwi_postInit__I                        
00004454  ti_sysbios_family_arm_m3_Hwi_priGroup__C                        
20000000  ti_sysbios_family_arm_m3_Hwi_ramVectors                         
00000000  ti_sysbios_family_arm_m3_Hwi_resetVectors                       
000037b5  ti_sysbios_family_arm_m3_Hwi_return                             
00004071  ti_sysbios_family_arm_m3_Hwi_startup__E                         
00004458  ti_sysbios_family_arm_m3_Hwi_swiDisable__C                      
0000445c  ti_sysbios_family_arm_m3_Hwi_swiRestore__C                      
00003d29  ti_sysbios_family_arm_m3_Hwi_switchFromBootStack__E             
000017a5  ti_sysbios_family_arm_m3_TaskSupport_Module__startupDone__S     
00001e91  ti_sysbios_family_arm_m3_TaskSupport_buildTaskStack             
00003fc1  ti_sysbios_family_arm_m3_TaskSupport_getStackAlignment__E       
00003e61  ti_sysbios_family_arm_m3_TaskSupport_glue                       
00004460  ti_sysbios_family_arm_m3_TaskSupport_stackAlignment__C          
00003251  ti_sysbios_family_arm_m3_TaskSupport_start__E                   
00003bfd  ti_sysbios_family_arm_m3_TaskSupport_swap__E                    
200086ac  ti_sysbios_family_arm_msp432_ClockFreqs_Module__state__V        
00003871  ti_sysbios_family_arm_msp432_ClockFreqs_setFrequency__E         
00003089  ti_sysbios_family_arm_msp432_Seconds_Module_startup__E          
20008610  ti_sysbios_family_arm_msp432_Timer_Module_State_0_device__A     
2000869c  ti_sysbios_family_arm_msp432_Timer_Module_State_0_handles__A    
00003c15  ti_sysbios_family_arm_msp432_Timer_Module__startupDone__F       
00003c15  ti_sysbios_family_arm_msp432_Timer_Module__startupDone__S       
200086b8  ti_sysbios_family_arm_msp432_Timer_Module__state__V             
00002f89  ti_sysbios_family_arm_msp432_Timer_Module_startup__E            
200084a8  ti_sysbios_family_arm_msp432_Timer_Object__table__V             
00003fd1  ti_sysbios_family_arm_msp432_Timer_getMaxTicks__E               
00002a29  ti_sysbios_family_arm_msp432_Timer_initDevice__I                
00004464  ti_sysbios_family_arm_msp432_Timer_numTimerDevices__C           
00001911  ti_sysbios_family_arm_msp432_Timer_periodicStub__E              
00002bb9  ti_sysbios_family_arm_msp432_Timer_postInit__I                  
00002c09  ti_sysbios_family_arm_msp432_Timer_start__E                     
00004468  ti_sysbios_family_arm_msp432_Timer_startupNeeded__C             
00002fc9  ti_sysbios_family_arm_msp432_Timer_startup__E                   
00004500  ti_sysbios_family_arm_msp432_init_Boot_bypassHFXT__C            
00004502  ti_sysbios_family_arm_msp432_init_Boot_bypassLFXT__C            
00000ef9  ti_sysbios_family_arm_msp432_init_Boot_configureClocksHigh      
00003e71  ti_sysbios_family_arm_msp432_init_Boot_disableWatchdog          
00004504  ti_sysbios_family_arm_msp432_init_Boot_enableHFXT__C            
00004506  ti_sysbios_family_arm_msp432_init_Boot_enableLFXT__C            
00003b6d  ti_sysbios_family_arm_msp432_init_Boot_init__I                  
00003a39  ti_sysbios_family_xxx_Hwi_switchAndRunFunc                      
00003575  ti_sysbios_gates_GateHwi_Handle__label__S                       
000040d1  ti_sysbios_gates_GateHwi_Instance_init__E                       
000041f8  ti_sysbios_gates_GateHwi_Module__FXNS__C                        
200086d4  ti_sysbios_gates_GateHwi_Module__root__V                        
000042cc  ti_sysbios_gates_GateHwi_Object__DESC__C                        
0000438c  ti_sysbios_gates_GateHwi_Object__PARAMS__C                      
00003281  ti_sysbios_gates_GateHwi_Object__create__S                      
00003995  ti_sysbios_gates_GateHwi_Object__delete__S                      
20008728  ti_sysbios_gates_GateHwi_Object__table__V                       
00003fe1  ti_sysbios_gates_GateHwi_enter__E                               
00004081  ti_sysbios_gates_GateHwi_leave__E                               
000040b1  ti_sysbios_gates_GateHwi_query__E                               
000035a1  ti_sysbios_gates_GateMutex_Handle__label__S                     
0000446c  ti_sysbios_gates_GateMutex_Instance_State_sem__O                
00003e81  ti_sysbios_gates_GateMutex_Instance_finalize__E                 
00003a99  ti_sysbios_gates_GateMutex_Instance_init__E                     
0000421c  ti_sysbios_gates_GateMutex_Module__FXNS__C                      
200086dc  ti_sysbios_gates_GateMutex_Module__root__V                      
000042ec  ti_sysbios_gates_GateMutex_Object__DESC__C                      
000043a4  ti_sysbios_gates_GateMutex_Object__PARAMS__C                    
000032b1  ti_sysbios_gates_GateMutex_Object__create__S                    
00003895  ti_sysbios_gates_GateMutex_Object__delete__S                    
20008408  ti_sysbios_gates_GateMutex_Object__table__V                     
000032e1  ti_sysbios_gates_GateMutex_enter__E                             
00003c31  ti_sysbios_gates_GateMutex_leave__E                             
000040b9  ti_sysbios_gates_GateMutex_query__E                             
00003be5  ti_sysbios_hal_Hwi_HwiProxy_Module__startupDone__S              
00003fb5  ti_sysbios_hal_Hwi_HwiProxy_Params__init__S                     
00002d99  ti_sysbios_hal_Hwi_HwiProxy_disableInterrupt__E                 
00002de1  ti_sysbios_hal_Hwi_HwiProxy_enableInterrupt__E                  
00002eb9  ti_sysbios_hal_Hwi_HwiProxy_getStackInfo__E                     
00004071  ti_sysbios_hal_Hwi_HwiProxy_startup__E                          
00003d29  ti_sysbios_hal_Hwi_HwiProxy_switchFromBootStack__E              
00003d99  ti_sysbios_hal_Hwi_Module_startup__E                            
00002d99  ti_sysbios_hal_Hwi_disableInterrupt__E                          
00002de1  ti_sysbios_hal_Hwi_enableInterrupt__E                           
00002eb9  ti_sysbios_hal_Hwi_getStackInfo__E                              
000031b9  ti_sysbios_hal_Hwi_initStack                                    
00004071  ti_sysbios_hal_Hwi_startup__E                                   
00003d29  ti_sysbios_hal_Hwi_switchFromBootStack__E                       
00004470  ti_sysbios_heaps_HeapMem_E_memory__C                            
000035cd  ti_sysbios_heaps_HeapMem_Handle__label__S                       
00003009  ti_sysbios_heaps_HeapMem_Instance_init__E                       
000035a1  ti_sysbios_heaps_HeapMem_Module_GateProxy_Handle__label__S      
0000190b  ti_sysbios_heaps_HeapMem_Module_GateProxy_enter__E              
00001c35  ti_sysbios_heaps_HeapMem_Module_GateProxy_leave__E              
000040b9  ti_sysbios_heaps_HeapMem_Module_GateProxy_query__E              
000041d0  ti_sysbios_heaps_HeapMem_Module__FXNS__C                        
00004474  ti_sysbios_heaps_HeapMem_Module__gateObj__C                     
00004508  ti_sysbios_heaps_HeapMem_Module__id__C                          
200086e4  ti_sysbios_heaps_HeapMem_Module__root__V                        
0000430c  ti_sysbios_heaps_HeapMem_Object__DESC__C                        
00004240  ti_sysbios_heaps_HeapMem_Object__PARAMS__C                      
00004478  ti_sysbios_heaps_HeapMem_Object__count__C                       
00003311  ti_sysbios_heaps_HeapMem_Object__create__S                      
000039b5  ti_sysbios_heaps_HeapMem_Object__delete__S                      
00003d3d  ti_sysbios_heaps_HeapMem_Object__get__S                         
20008684  ti_sysbios_heaps_HeapMem_Object__table__V                       
00001559  ti_sysbios_heaps_HeapMem_alloc__E                               
000021c9  ti_sysbios_heaps_HeapMem_free__E                                
00002c59  ti_sysbios_heaps_HeapMem_getStats__E                            
00002351  ti_sysbios_heaps_HeapMem_initPrimary__I                         
00004089  ti_sysbios_heaps_HeapMem_isBlocking__E                          
0000447c  ti_sysbios_heaps_HeapMem_primaryHeapBaseAddr__C                 
00004480  ti_sysbios_heaps_HeapMem_primaryHeapEndAddr__C                  
00004484  ti_sysbios_heaps_HeapMem_reqAlign__C                            
00004488  ti_sysbios_knl_Clock_Module_State_clockQ__O                     
200085c0  ti_sysbios_knl_Clock_Module__state__V                           
000038b9  ti_sysbios_knl_Clock_Module_startup__E                          
00003c15  ti_sysbios_knl_Clock_TimerProxy_Module__startupDone__S          
00001ccd  ti_sysbios_knl_Clock_TimerProxy_getMaxTicks__E                  
00002fc9  ti_sysbios_knl_Clock_TimerProxy_startup__E                      
00003741  ti_sysbios_knl_Clock_addI__E                                    
000035f9  ti_sysbios_knl_Clock_doTick__I                                  
000040d9  ti_sysbios_knl_Clock_logTick__E                                 
0000448c  ti_sysbios_knl_Clock_tickPeriod__C                              
00002251  ti_sysbios_knl_Clock_workFunc__E                                
0000440c  ti_sysbios_knl_Idle_funcList__A                                 
00004414  ti_sysbios_knl_Idle_funcList__C                                 
00003f41  ti_sysbios_knl_Idle_loop__E                                     
000039d9  ti_sysbios_knl_Idle_run__E                                      
00004490  ti_sysbios_knl_Mailbox_Instance_State_freeQue__O                
00002e29  ti_sysbios_knl_Mailbox_Module_startup__E                        
00004494  ti_sysbios_knl_Mailbox_Object__count__C                         
00003e91  ti_sysbios_knl_Mailbox_Object__get__S                           
00004498  ti_sysbios_knl_Mailbox_maxTypeAlign__C                          
00003341  ti_sysbios_knl_Mailbox_postInit__I                              
00004091  ti_sysbios_knl_Queue_Instance_init__E                           
200086ec  ti_sysbios_knl_Queue_Module__root__V                            
0000432c  ti_sysbios_knl_Queue_Object__DESC__C                            
000043bc  ti_sysbios_knl_Queue_Object__PARAMS__C                          
00003fed  ti_sysbios_knl_Queue_Object__get__S                             
00003625  ti_sysbios_knl_Queue_construct                                  
00003ab5  ti_sysbios_knl_Queue_destruct                                   
00003f51  ti_sysbios_knl_Queue_empty__E                                   
00003ad1  ti_sysbios_knl_Queue_put__E                                     
0000449c  ti_sysbios_knl_Semaphore_Instance_State_pendQ__O                
00003ea1  ti_sysbios_knl_Semaphore_Instance_finalize__E                   
000038e1  ti_sysbios_knl_Semaphore_Instance_init__E                       
200086f4  ti_sysbios_knl_Semaphore_Module__root__V                        
0000434c  ti_sysbios_knl_Semaphore_Object__DESC__C                        
00004264  ti_sysbios_knl_Semaphore_Object__PARAMS__C                      
00003ff9  ti_sysbios_knl_Semaphore_Params__init__S                        
00003371  ti_sysbios_knl_Semaphore_construct                              
000039f9  ti_sysbios_knl_Semaphore_destruct                               
000033a1  ti_sysbios_knl_Semaphore_pendTimeout__I                         
000009a9  ti_sysbios_knl_Semaphore_pend__E                                
00002639  ti_sysbios_knl_Semaphore_post__E                                
20008308  ti_sysbios_knl_Swi_Module_State_0_readyQ__A                     
20008650  ti_sysbios_knl_Swi_Module__state__V                             
[...]
00003b11  ti_sysbios_rts_ti_ReentSupport_getReent__E                      
00003b11  ti_sysbios_rts_ti_ReentSupport_getReent__F                      
00003b31  xdc_runtime_Memory_valloc__E                                    
00003b51  xdc_runtime_System_abort__E                                     
00003b6d  ti_sysbios_family_arm_msp432_init_Boot_init__I                  
00003b6d  xdc_runtime_Startup_reset__I                                    
00003b85  SysCtl_A_disableNMISource                                       
00003b9d  SysCtl_A_enableNMISource                                        
00003bb5  _args_main                                                      
00003bcd  ti_sysbios_BIOS_rtsUnlock__I                                    
00003be5  ti_sysbios_family_arm_m3_Hwi_Module__startupDone__F             
00003be5  ti_sysbios_family_arm_m3_Hwi_Module__startupDone__S             
00003be5  ti_sysbios_hal_Hwi_HwiProxy_Module__startupDone__S              
00003bfd  ti_sysbios_family_arm_m3_TaskSupport_swap__E                    
00003bfd  ti_sysbios_knl_Task_SupportProxy_swap__E                        
00003c09  ti_sysbios_knl_Task_swapReturn                                  
00003c15  ti_sysbios_family_arm_msp432_Timer_Module__startupDone__F       
00003c15  ti_sysbios_family_arm_msp432_Timer_Module__startupDone__S       
00003c15  ti_sysbios_knl_Clock_TimerProxy_Module__startupDone__S          
00003c31  ti_sysbios_gates_GateMutex_leave__E                             
00003c49  ti_sysbios_knl_Task_sleepTimeout__I                             
00003c61  ti_sysbios_rts_ti_ReentSupport_getTlsAddr__I                    
00003c79  xdc_runtime_Error_init__E                                       
00003c91  xdc_runtime_System_exit__E                                      
00003ca9  ti_sysbios_BIOS_exitFunc__I                                     
00003cc1  ti_sysbios_knl_Task_unblock__E                                  
00003cd9  PCM_getPowerState                                               
00003ced  Power_idleFunc                                                  
00003d01  pthread_attr_setschedparam                                      
00003d15  ti_sysbios_family_arm_m3_Hwi_Object__get__S                     
00003d29  ti_sysbios_family_arm_m3_Hwi_switchFromBootStack__E             
00003d29  ti_sysbios_hal_Hwi_HwiProxy_switchFromBootStack__E              
00003d29  ti_sysbios_hal_Hwi_switchFromBootStack__E                       
00003d3d  ti_sysbios_heaps_HeapMem_Object__get__S                         
00003d51  ti_sysbios_knl_Swi_Object__get__S                               
00003d69  _pthread_cleanup_pop                                            
00003d99  ti_sysbios_hal_Hwi_Module_startup__E                            
00003dab  xdc_runtime_Startup_exec__I                                     
00003dbd  HwiP_Params_init                                                
00003dcd  PCM_gotoLPM4                                                    
00003ddd  PCM_setPowerMode                                                
00003ded  PCM_setPowerState                                               
00003dfd  SysCtl_A_getNMISourceStatus                                     
00003e0d  SysCtl_getNMISourceStatus                                       
00003e21  ti_sysbios_BIOS_exit__E                                         
00003e31  ti_sysbios_BIOS_setCpuFreq__E                                   
00003e41  ti_sysbios_BIOS_setThreadType__E                                
00003e51  ti_sysbios_BIOS_start__E                                        
00003e61  ti_sysbios_family_arm_m3_TaskSupport_glue                       
00003e71  ti_sysbios_family_arm_msp432_init_Boot_disableWatchdog          
00003e81  ti_sysbios_gates_GateMutex_Instance_finalize__E                 
00003e91  ti_sysbios_knl_Mailbox_Object__get__S                           
00003ea1  ti_sysbios_knl_Semaphore_Instance_finalize__E                   
00003eb1  ti_sysbios_knl_Swi_disable__E                                   
00003ec1  ti_sysbios_knl_Task_Object__get__S                              
00003ed1  ti_sysbios_knl_Task_disable__E                                  
00003ee1  xdc_runtime_Gate_leaveSystem__E                                 
00003ef1  xdc_runtime_Memory_free__E                                      
00003f01  xdc_runtime_SysCallback_abort__E                                
00003f01  xdc_runtime_System_SupportProxy_abort__E                        
00003f11  xdc_runtime_SysCallback_exit__E                                 
00003f11  xdc_runtime_System_SupportProxy_exit__E                         
00003f21  __TI_decompress_none                                            
00003f31  pthread_attr_setdetachstate                                     
00003f41  ti_sysbios_knl_Idle_loop__E                                     
00003f51  ti_sysbios_knl_Queue_empty__E                                   
00003f5f  Board_init                                                      
00003f6b  CPU_cpsid                                                       
00003f77  CPU_cpsie                                                       
00003f85  Power_getConstraintMask                                         
00003f91  _register_lock                                                  
00003f9d  _register_unlock                                                
00003fa9  pthread_self                                                    
00003fb5  ti_sysbios_family_arm_m3_Hwi_Params__init__S                    
00003fb5  ti_sysbios_hal_Hwi_HwiProxy_Params__init__S                     
00003fc1  ti_sysbios_family_arm_m3_TaskSupport_getStackAlignment__E       
00003fc1  ti_sysbios_knl_Task_SupportProxy_getStackAlignment__E           
00003fd1  ti_sysbios_family_arm_msp432_Timer_getMaxTicks__E               
00003fe1  ti_sysbios_gates_GateHwi_enter__E                               
00003fed  ti_sysbios_knl_Queue_Object__get__S                             
00003ff9  ti_sysbios_knl_Semaphore_Params__init__S                        
00004005  ti_sysbios_knl_Task_Params__init__S                             
00004011  ti_sysbios_knl_Task_self__E                                     
00004021  ti_sysbios_rts_ti_ReentSupport_taskRegHook__I                   
00004031  xdc_runtime_Gate_enterSystem__E                                 
00004041  xdc_runtime_Startup_rtsDone__E                                  
0000404d  xdc_runtime_Memory_HeapProxy_alloc__E                           
00004057  xdc_runtime_Memory_HeapProxy_free__E                            
00004061  pthread_attr_setstacksize                                       
00004069  ti_sysbios_family_arm_m3_Hwi_doSwiRestore__I                    
00004071  ti_sysbios_family_arm_m3_Hwi_startup__E                         
00004071  ti_sysbios_hal_Hwi_HwiProxy_startup__E                          
00004071  ti_sysbios_hal_Hwi_startup__E                                   
00004079  ti_sysbios_family_arm_m3_Hwi_doTaskRestore__I                   
00004081  ti_sysbios_gates_GateHwi_leave__E                               
00004089  ti_sysbios_heaps_HeapMem_isBlocking__E                          
00004091  ti_sysbios_knl_Queue_Instance_init__E                           
00004099  ti_sysbios_knl_Swi_startup__E                                   
000040a1  xdc_runtime_System_Module_startup__E                            
000040a9  __aeabi_errno_addr                                              
000040b1  ti_sysbios_gates_GateHwi_query__E                               
000040b1  xdc_runtime_Main_Module_GateProxy_query__E                      
000040b1  xdc_runtime_System_Module_GateProxy_query__E                    
000040b9  ti_sysbios_BIOS_RtsGateProxy_query__E                           
000040b9  ti_sysbios_gates_GateMutex_query__E                             
000040b9  ti_sysbios_heaps_HeapMem_Module_GateProxy_query__E              
000040c1  ti_sysbios_knl_Task_startup__E                                  
000040c9  ti_sysbios_BIOS_linkedWithIncorrectBootLibrary__E               
000040d1  ti_sysbios_gates_GateHwi_Instance_init__E                       
000040d9  ti_sysbios_knl_Clock_logTick__E                                 
000040e1  xdc_runtime_SysCallback_defaultAbort                            
000040e9  xdc_runtime_SysCallback_defaultExit                             
000040f1  xdc_runtime_System_abortSpin__E                                 
000040f9  xdc_runtime_System_exitSpin__E                                  
000040fc  ti_sysbios_knl_Task_Object__PARAMS__C                           
00004138  PowerMSP432_config                                              
000041a0  ti_sysbios_family_arm_m3_Hwi_Object__PARAMS__C                  
000041d0  ti_sysbios_heaps_HeapMem_Module__FXNS__C                        
000041f8  ti_sysbios_gates_GateHwi_Module__FXNS__C                        
0000421c  ti_sysbios_gates_GateMutex_Module__FXNS__C                      
00004240  ti_sysbios_heaps_HeapMem_Object__PARAMS__C                      
00004264  ti_sysbios_knl_Semaphore_Object__PARAMS__C                      
00004288  xdc_runtime_Startup_sfxnTab__A                                  
000042ac  ti_sysbios_family_arm_m3_Hwi_Object__DESC__C                    
000042cc  ti_sysbios_gates_GateHwi_Object__DESC__C                        
000042ec  ti_sysbios_gates_GateMutex_Object__DESC__C                      
0000430c  ti_sysbios_heaps_HeapMem_Object__DESC__C                        
0000432c  ti_sysbios_knl_Queue_Object__DESC__C                            
0000434c  ti_sysbios_knl_Semaphore_Object__DESC__C                        
0000436c  ti_sysbios_knl_Task_Object__DESC__C                             
0000438c  ti_sysbios_gates_GateHwi_Object__PARAMS__C                      
000043a4  ti_sysbios_gates_GateMutex_Object__PARAMS__C                    
000043bc  ti_sysbios_knl_Queue_Object__PARAMS__C                          
000043d4  ti_sysbios_knl_Task_hooks__A                                    
000043ec  xdc_runtime_Startup_sfxnRts__A                                  
000043fe  ti_sysbios_family_arm_m3_Hwi_Module__id__C                      
00004400  xdc_runtime_Startup_firstFxns__A                                
0000440c  ti_sysbios_knl_Idle_funcList__A                                 
00004414  ti_sysbios_knl_Idle_funcList__C                                 
0000441c  ti_sysbios_knl_Task_hooks__C                                    
00004424  xdc_runtime_Startup_firstFxns__C                                
0000442c  xdc_runtime_Startup_lastFxns__C                                 
00004434  p1_in                                                           
00004438  ti_sysbios_family_arm_m3_Hwi_E_alreadyDefined__C                
0000443c  ti_sysbios_family_arm_m3_Hwi_E_badIntNum__C                     
00004440  ti_sysbios_family_arm_m3_Hwi_NUM_INTERRUPTS__C                  
00004444  ti_sysbios_family_arm_m3_Hwi_Object__count__C                   
00004448  ti_sysbios_family_arm_m3_Hwi_ccr__C                             
0000444c  ti_sysbios_family_arm_m3_Hwi_excHandlerFunc__C                  
00004450  ti_sysbios_family_arm_m3_Hwi_nullIsrFunc__C                     
00004454  ti_sysbios_family_arm_m3_Hwi_priGroup__C                        
00004458  ti_sysbios_family_arm_m3_Hwi_swiDisable__C                      
0000445c  ti_sysbios_family_arm_m3_Hwi_swiRestore__C                      
00004460  ti_sysbios_family_arm_m3_TaskSupport_stackAlignment__C          
00004464  ti_sysbios_family_arm_msp432_Timer_numTimerDevices__C           
00004468  ti_sysbios_family_arm_msp432_Timer_startupNeeded__C             
0000446c  ti_sysbios_gates_GateMutex_Instance_State_sem__O                
00004470  ti_sysbios_heaps_HeapMem_E_memory__C                            
00004474  ti_sysbios_heaps_HeapMem_Module__gateObj__C                     
00004478  ti_sysbios_heaps_HeapMem_Object__count__C                       
0000447c  ti_sysbios_heaps_HeapMem_primaryHeapBaseAddr__C                 
00004480  ti_sysbios_heaps_HeapMem_primaryHeapEndAddr__C                  
00004484  ti_sysbios_heaps_HeapMem_reqAlign__C                            
00004488  ti_sysbios_knl_Clock_Module_State_clockQ__O                     
0000448c  ti_sysbios_knl_Clock_tickPeriod__C                              
00004490  ti_sysbios_knl_Mailbox_Instance_State_freeQue__O                
00004494  ti_sysbios_knl_Mailbox_Object__count__C                         
00004498  ti_sysbios_knl_Mailbox_maxTypeAlign__C                          
0000449c  ti_sysbios_knl_Semaphore_Instance_State_pendQ__O                
000044a0  ti_sysbios_knl_Swi_Object__count__C                             
000044a4  ti_sysbios_knl_Task_Module_State_inactiveQ__O                   
000044a8  ti_sysbios_knl_Task_Object__count__C                            
000044ac  ti_sysbios_knl_Task_Object__heap__C                             
000044b0  ti_sysbios_knl_Task_allBlockedFunc__C                           
000044b4  ti_sysbios_knl_Task_defaultStackHeap__C                         
000044b8  ti_sysbios_knl_Task_defaultStackSize__C                         
000044bc  ti_sysbios_knl_Task_numConstructedTasks__C                      
000044c0  xdc_runtime_Error_E_memory__C                                   
000044c4  xdc_runtime_Error_policyFxn__C                                  
000044c8  xdc_runtime_IGateProvider_Interface__BASE__C                    
000044cc  xdc_runtime_IHeap_Interface__BASE__C                            
000044d0  xdc_runtime_IModule_Interface__BASE__C                          
000044d4  xdc_runtime_Memory_defaultHeapInstance__C                       
000044d8  xdc_runtime_Startup_execImpl__C                                 
000044dc  xdc_runtime_Startup_maxPasses__C                                
000044e0  xdc_runtime_Startup_sfxnRts__C                                  
000044e4  xdc_runtime_Startup_sfxnTab__C                                  
000044e8  xdc_runtime_SysCallback_abortFxn__C                             
000044ec  xdc_runtime_SysCallback_exitFxn__C                              
000044f0  xdc_runtime_System_Module__gateObj__C                           
000044f4  xdc_runtime_System_abortFxn__C                                  
000044f8  xdc_runtime_System_exitFxn__C                                   
000044fc  xdc_runtime_System_maxAtexitHandlers__C                         
00004500  ti_sysbios_family_arm_msp432_init_Boot_bypassHFXT__C            
00004502  ti_sysbios_family_arm_msp432_init_Boot_bypassLFXT__C            
00004504  ti_sysbios_family_arm_msp432_init_Boot_enableHFXT__C            
00004506  ti_sysbios_family_arm_msp432_init_Boot_enableLFXT__C            
00004508  ti_sysbios_heaps_HeapMem_Module__id__C                          
0000450a  xdc_runtime_Memory_Module__id__C                                
0000450c  xdc_runtime_Error_policy__C                                     
00004510  __TI_static_base__                                              
00004714  __TI_Handler_Table_Base                                         
00004720  __TI_Handler_Table_Limit                                        
00004728  __TI_CINIT_Base                                                 
00004738  __TI_CINIT_Limit                                                
00008000  HEAPSIZE                                                        
20000000  __start___llvm_prf_cnts                                         
20000000  __stop___llvm_prf_cnts                                          
20000000  ti_sysbios_family_arm_m3_Hwi_ramVectors                         
20000140  __primary_heap_start__                                          
20008140  PowerMSP432_perfLevels                                          
20008140  __primary_heap_end__                                            
20008308  ti_sysbios_knl_Swi_Module_State_0_readyQ__A                     
20008388  ti_sysbios_knl_Task_Module_State_0_readyQ__A                    
20008408  ti_sysbios_gates_GateMutex_Object__table__V                     
2000845c  ti_sysbios_knl_Task_Object__table__V                            
200084a8  ti_sysbios_family_arm_msp432_Timer_Object__table__V             
200084ec  ti_sysbios_knl_Task_Module__state__V                            
20008530  ti_sysbios_family_arm_m3_Hwi_Module__state__V                   
20008564  ti_sysbios_knl_Swi_Object__table__V                             
20008594  PowerMSP432_module                                              
200085c0  ti_sysbios_knl_Clock_Module__state__V                           
200085ec  ti_sysbios_BIOS_Module__state__V                                
20008610  ti_sysbios_family_arm_msp432_Timer_Module_State_0_device__A     
20008630  xdc_runtime_Error_IgnoreBlock                                   
20008650  ti_sysbios_knl_Swi_Module__state__V                             
2000866c  ti_sysbios_family_arm_m3_Hwi_Object__table__V                   
20008684  ti_sysbios_heaps_HeapMem_Object__table__V                       
2000869c  ti_sysbios_family_arm_msp432_Timer_Module_State_0_handles__A    
200086ac  ti_sysbios_family_arm_msp432_ClockFreqs_Module__state__V        
200086b8  ti_sysbios_family_arm_msp432_Timer_Module__state__V             
200086c4  _lock                                                           
200086c8  _unlock                                                         
200086cc  ti_sysbios_family_arm_m3_Hwi_Module__root__V                    
200086d4  ti_sysbios_gates_GateHwi_Module__root__V                        
200086dc  ti_sysbios_gates_GateMutex_Module__root__V                      
200086e4  ti_sysbios_heaps_HeapMem_Module__root__V                        
200086ec  ti_sysbios_knl_Queue_Module__root__V                            
200086f4  ti_sysbios_knl_Semaphore_Module__root__V                        
200086fc  ti_sysbios_knl_Task_Module__root__V                             
20008704  xdc_runtime_Startup_Module__state__V                            
2000870c  xdc_runtime_System_Module_State_0_atexitHandlers__A             
20008714  xdc_runtime_System_Module__state__V                             
2000871c  main_func_sp                                                    
20008720  ti_sysbios_family_arm_m3_Hwi_Module_State_0_excContext__A       
20008724  ti_sysbios_family_arm_m3_Hwi_Module_State_0_excStack__A         
20008728  ti_sysbios_gates_GateHwi_Object__table__V                       
2000872c  ti_sysbios_knl_Task_Module_State_0_idleTask__A                  
20008730  ti_sysbios_rts_ti_ReentSupport_Module__state__V                 
20008734  xdc_runtime_Memory_Module__state__V                             
20008738  ti_sysbios_family_arm_m3_Hwi_Module_State_0_excActive__A        
20008740  ti_sysbios_knl_Task_Instance_State_0_stack__A                   
20008940  ti_sysbios_family_arm_m3_Hwi_dispatchTable                      
20008a88  ti_sysbios_knl_Task_Instance_State_0_hookEnv__A                 
2000fc00  __stack                                                         
20010000  __STACK_END                                                     
4000480c  WDTCTL_SYM                                                      
e000e000  ti_sysbios_family_arm_m3_Hwi_nvic                               
ffffffff  __TI_pprof_out_hndl                                             
ffffffff  __TI_prof_data_size                                             
ffffffff  __TI_prof_data_start                                            
ffffffff  __binit__                                                       
ffffffff  __c_args__                                                      
ffffffff  binit                                                           
UNDEFED   SHT$$INIT_ARRAY$$Base                                           
UNDEFED   SHT$$INIT_ARRAY$$Limit                                          

[449 symbols]
