******************************************************************************
                  TI ARM Linker PC v20.2.7                     
******************************************************************************
>> Linked Tue Apr 23 21:50:56 2024

OUTPUT FILE NAME:   <IO_DRIVERS_tirtos_ccs.out>
ENTRY POINT SYMBOL: "_c_int00"  address: 00002901


MEMORY CONFIGURATION

         name            origin    length      used     unused   attr    fill
----------------------  --------  ---------  --------  --------  ----  --------
  MAIN                  00000000   00040000  000046fb  0003b905  R  X
  INFO                  00200000   00004000  00000000  00004000  R  X
  SRAM_CODE             01000000   00010000  00008e86  0000717a  RW X
  SRAM_DATA             20000000   00010000  00008e86  0000717a  RW  


SEGMENT ALLOCATION MAP

run origin  load origin   length   init length attrs members
----------  ----------- ---------- ----------- ----- -------
00000000    00000000    00004708   00004708    r-x
  00000000    00000000    0000003c   0000003c    r-- .resetVecs
  00000040    00000040    00004082   00004082    r-x .text
  000040c4    000040c4    0000040d   0000040d    r-- .const
  000044d8    000044d8    00000230   00000230    r-- .cinit
20000140    20000140    00008000   00000000    r--
  20000140    20000140    00008000   00000000    r-- .priheap
20008140    20008140    0000094c   00000000    rw-
  20008140    20008140    000005fa   00000000    rw- .data
  20008740    20008740    0000034c   00000000    rw- .bss
2000fc00    2000fc00    00000400   00000000    rw-
  2000fc00    2000fc00    00000400   00000000    rw- .stack


SECTION ALLOCATION MAP

 output                                  attributes/
section   page    origin      length       input sections
--------  ----  ----------  ----------   ----------------
.text      0    00000040    00004082     
                  00000040    000002f8     drivers_msp432p401x.aem4f : PowerMSP432.oem4f (.text:Power_sleep)
                  00000338    0000028a     msp432p4xx_driverlib.lib : pcm.o (.text:__PCM_setPowerStateAdvanced)
                  000005c2    00000002     ti_drivers_config.obj (.text:Board_initHook)
                  000005c4    00000288     drivers_msp432p401x.aem4f : PowerMSP432.oem4f (.text:initPerfControl)
                  0000084c    0000015c     msp432p4xx_driverlib.lib : pcm.o (.text:__PCM_setPowerModeAdvanced)
                  000009a8    00000158     thread.obj (.text:mainThread)
                  00000b00    00000130     sysbios.aem4f : BIOS.obj (.text:ti_sysbios_knl_Semaphore_pend__E)
                  00000c30    00000108     msp432p4xx_driverlib.lib : pcm.o (.text:__PCM_setCoreVoltageLevelAdvanced)
                  00000d38    00000108     sysbios.aem4f : BIOS.obj (.text:ti_sysbios_knl_Task_postInit__I)
                  00000e40    00000108                   : BIOS.obj (.text:xdc_runtime_Startup_startMods__I)
                  00000f48    00000104                   : BIOS.obj (.text:ti_sysbios_knl_Task_Instance_finalize__E)
                  0000104c    00000004     msp432p4xx_driverlib.lib : cpu.o (.text:CPU_wfi)
                  00001050    000000f8     sysbios.aem4f : BIOS.obj (.text:ti_sysbios_family_arm_msp432_init_Boot_configureClocksHigh)
                  00001148    000000f0                   : BIOS.obj (.text:pthread_create)
                  00001238    000000f0                   : m3_Hwi_asm.obj (.text:ti_sysbios_family_arm_m3_Hwi_dispatch__I)
                  00001328    000000e4     msp432p4xx_driverlib.lib : cs.o (.text:CS_startHFXTWithTimeout)
                  0000140c    000000e0                              : cs.o (.text:CS_startLFXTWithTimeout)
                  000014ec    00000004     release_pem4f.oem4f (.text:ti_sysbios_BIOS_RtsGateProxy_enter__E)
                  000014f0    000000e0     sysbios.aem4f : BIOS.obj (.text:ti_sysbios_knl_Task_Instance_init__E)
                  000015d0    000000dc     msp432p4xx_driverlib.lib : cs.o (.text:_CSGetHFXTFrequency)
                  000016ac    00000004     release_pem4f.oem4f (.text:ti_sysbios_BIOS_RtsGateProxy_leave__E)
                  000016b0    000000d0     sysbios.aem4f : BIOS.obj (.text:ti_sysbios_heaps_HeapMem_alloc__E)
                  00001780    000000b8                   : BIOS.obj (.text:ti_sysbios_family_arm_m3_Hwi_Instance_init__E)
                  00001838    000000aa                   : BIOS.obj (.text:xdc_runtime_Core_createObject__I)
                  000018e2    00000004     release_pem4f.oem4f (.text:ti_sysbios_family_arm_m3_TaskSupport_Module__startupDone__S)
                  000018e6    00000002     dpl_msp432p401x.aem4f : PowerMSP432_tirtos.oem4f (.text:PowerMSP432_initPolicy)
                  000018e8    000000a8     sysbios.aem4f : BIOS.obj (.text:ti_sysbios_family_arm_msp432_Timer_periodicStub__E)
                  00001990    000000a4                   : BIOS.obj (.text:ti_sysbios_knl_Task_setPri__E)
                  00001a34    000000a0     auto_init.aem4f : auto_init.oem4f (.text)
                  00001ad4    0000009c     drivers_msp432p401x.aem4f : PowerMSP432.oem4f (.text:Power_init)
                  00001b70    0000009c     rtsv7M4_T_le_v4SPD16_eabi.lib : memcpy_t2.asm.obj (.text)
                  00001c0c    00000004     release_pem4f.oem4f (.text:ti_sysbios_heaps_HeapMem_Module_GateProxy_enter__E)
                  00001c10    00000094     sysbios.aem4f : BIOS.obj (.text:_pthread_removeThreadKeys)
                  00001ca4    00000004     release_pem4f.oem4f (.text:ti_sysbios_heaps_HeapMem_Module_GateProxy_leave__E)
                  00001ca8    00000094     sysbios.aem4f : BIOS.obj (.text:ti_sysbios_family_arm_m3_Hwi_initNVIC__E)
                  00001d3c    00000004     release_pem4f.oem4f (.text:ti_sysbios_knl_Clock_TimerProxy_getMaxTicks__E)
                  00001d40    00000094     sysbios.aem4f : BIOS.obj (.text:ti_sysbios_knl_Task_exit__E)
                  00001dd4    00000004     release_pem4f.oem4f (.text:ti_sysbios_knl_Task_delete)
                  00001dd8    00000090     sysbios.aem4f : BIOS.obj (.text:ti_sysbios_knl_Task_Module_startup__E)
                  00001e68    0000008c                   : m3_TaskSupport_asm.obj (.text:ti_sysbios_family_arm_m3_TaskSupport_buildTaskStack)
                  00001ef4    00000004     release_pem4f.oem4f (.text:xdc_runtime_System_Module_GateProxy_enter__E)
                  00001ef8    0000008c     sysbios.aem4f : BIOS.obj (.text:xdc_runtime_Memory_alloc__E)
                  00001f84    00000004     release_pem4f.oem4f (.text:xdc_runtime_System_Module_GateProxy_leave__E)
                  00001f88    00000086     sysbios.aem4f : BIOS.obj (.text:xdc_runtime_Core_constructObject__I)
                  0000200e    00000002     rtsv7M4_T_le_v4SPD16_eabi.lib : _lock.c.obj (.text:_nop)
                  00002010    00000084     msp432p4xx_driverlib.lib : pcm.o (.text:PCM_gotoLPM3)
                  00002094    00000084     drivers_msp432p401x.aem4f : PowerMSP432.oem4f (.text:restartHFXT)
                  00002118    00000084     sysbios.aem4f : BIOS.obj (.text:ti_sysbios_family_arm_m3_Hwi_postInit__I)
                  0000219c    00000002     release_pem4f.oem4f (.text:ti_sysbios_BIOS_nullFunc__I)
                  0000219e    00000002     --HOLE-- [fill = 0]
                  000021a0    00000084     sysbios.aem4f : BIOS.obj (.text:ti_sysbios_heaps_HeapMem_free__E)
                  00002224    00000004     --HOLE-- [fill = 0]
                  00002228    00000080                   : BIOS.obj (.text:ti_sysbios_knl_Clock_workFunc__E)
                  000022a8    0000007a     rtsv7M4_T_le_v4SPD16_eabi.lib : memset_t2.asm.obj (.text)
                  00002322    00000006     --HOLE-- [fill = 0]
                  00002328    00000070     sysbios.aem4f : BIOS.obj (.text:ti_sysbios_heaps_HeapMem_initPrimary__I)
                  00002398    0000006c                   : BIOS.obj (.text:ti_sysbios_knl_Swi_restoreHwi__E)
                  00002404    00000068     rtsv7M4_T_le_v4SPD16_eabi.lib : copy_decompress_lzss.c.obj (.text:decompress:lzss:__TI_decompress_lzss)
                  0000246c    00000004     --HOLE-- [fill = 0]
                  00002470    00000066     sysbios.aem4f : BIOS.obj (.text:xdc_runtime_Core_deleteObject__I)
                  000024d6    00000002     --HOLE-- [fill = 0]
                  000024d8    00000064     main_tirtos.obj (.text:main)
                  0000253c    00000004     --HOLE-- [fill = 0]
                  00002540    00000064     sysbios.aem4f : BIOS.obj (.text:pthread_exit)
                  000025a4    00000004     --HOLE-- [fill = 0]
                  000025a8    00000064                   : BIOS.obj (.text:ti_sysbios_family_arm_m3_Hwi_dispatchC__I)
                  0000260c    00000004     --HOLE-- [fill = 0]
                  00002610    00000060                   : BIOS.obj (.text:ti_sysbios_knl_Semaphore_post__E)
                  00002670    00000060                   : BIOS.obj (.text:ti_sysbios_knl_Swi_run__I)
                  000026d0    0000005e     msp432p4xx_driverlib.lib : pcm.o (.text:PCM_getCoreVoltageLevel)
                  0000272e    00000002     --HOLE-- [fill = 0]
                  00002730    0000005c     sysbios.aem4f : BIOS.obj (.text:ti_sysbios_knl_Swi_schedule__I)
                  0000278c    00000004     --HOLE-- [fill = 0]
                  00002790    0000005c                   : BIOS.obj (.text:ti_sysbios_knl_Task_startCore__E)
                  000027ec    00000004     --HOLE-- [fill = 0]
                  000027f0    0000005c                   : BIOS.obj (.text:xdc_runtime_Startup_exec__E)
                  0000284c    0000005a     msp432p4xx_driverlib.lib : pcm.o (.text:PCM_getPowerMode)
                  000028a6    00000002     --HOLE-- [fill = 0]
                  000028a8    00000058     GPIO_MSP432.obj (.text:GPIO_setPinEntradaconPullUp)
                  00002900    00000058     boot.aem4f : boot.oem4f (.text)
                  00002958    00000058     sysbios.aem4f : m3_Hwi_asm_switch.obj (.text:ti_sysbios_family_arm_m3_Hwi_initStacks__E)
                  000029b0    00000054     msp432p4xx_driverlib.lib : pcm.o (.text:PCM_shutdownDevice)
                  00002a04    00000054     release_pem4f.oem4f (.text:ti_sysbios_family_arm_m3_Hwi_create)
                  00002a58    00000054     sysbios.aem4f : BIOS.obj (.text:ti_sysbios_family_arm_msp432_Timer_initDevice__I)
                  00002aac    00000004     --HOLE-- [fill = 0]
                  00002ab0    00000050                   : BIOS.obj (.text:ti_sysbios_family_arm_m3_Hwi_Module_startup__E)
                  00002b00    00000050     release_pem4f.oem4f (.text:ti_sysbios_knl_Task_create)
                  00002b50    0000004c     dpl_msp432p401x.aem4f : PowerMSP432_tirtos.oem4f (.text:PowerMSP432_sleepPolicy)
                  00002b9c    0000004c     rtsv7M4_T_le_v4SPD16_eabi.lib : cpy_tbl.c.obj (.text:copy_in)
                  00002be8    0000004c     sysbios.aem4f : BIOS.obj (.text:ti_sysbios_family_arm_msp432_Timer_postInit__I)
                  00002c34    00000004     --HOLE-- [fill = 0]
                  00002c38    0000004c                   : BIOS.obj (.text:ti_sysbios_family_arm_msp432_Timer_start__E)
                  00002c84    00000004     --HOLE-- [fill = 0]
                  00002c88    0000004c                   : BIOS.obj (.text:ti_sysbios_heaps_HeapMem_getStats__E)
                  00002cd4    00000004     --HOLE-- [fill = 0]
                  00002cd8    0000004c                   : BIOS.obj (.text:ti_sysbios_knl_Swi_runLoop__I)
                  00002d24    00000004     --HOLE-- [fill = 0]
                  00002d28    0000004c                   : BIOS.obj (.text:ti_sysbios_knl_Task_allBlockedFunction__I)
                  00002d74    00000004     --HOLE-- [fill = 0]
                  00002d78    0000004c                   : BIOS.obj (.text:ti_sysbios_knl_Task_schedule__I)
                  00002dc4    00000004     --HOLE-- [fill = 0]
                  00002dc8    00000048                   : BIOS.obj (.text:ti_sysbios_family_arm_m3_Hwi_disableInterrupt__E)
                  00002e10    00000048                   : BIOS.obj (.text:ti_sysbios_family_arm_m3_Hwi_enableInterrupt__E)
                  00002e58    00000048                   : BIOS.obj (.text:ti_sysbios_knl_Mailbox_Module_startup__E)
                  00002ea0    00000048                   : BIOS.obj (.text:xdc_runtime_Core_assignParams__I)
                  00002ee8    00000044                   : BIOS.obj (.text:ti_sysbios_family_arm_m3_Hwi_getStackInfo__E)
                  00002f2c    00000004     --HOLE-- [fill = 0]
                  00002f30    00000044                   : BIOS.obj (.text:ti_sysbios_knl_Swi_post__E)
                  00002f74    00000040     GPIO_MSP432.obj (.text:GPIO_setPinSalida)
                  00002fb4    00000040     dpl_msp432p401x.aem4f : HwiP_tirtos.oem4f (.text:HwiP_create)
                  00002ff4    00000004     --HOLE-- [fill = 0]
                  00002ff8    00000040     sysbios.aem4f : BIOS.obj (.text:ti_sysbios_family_arm_msp432_Timer_Module_startup__E)
                  00003038    00000040                   : BIOS.obj (.text:ti_sysbios_family_arm_msp432_Timer_startup__E)
                  00003078    00000040                   : BIOS.obj (.text:ti_sysbios_heaps_HeapMem_Instance_init__E)
                  000030b8    0000003c                   : BIOS.obj (.text:ti_sysbios_family_arm_m3_Hwi_Instance_finalize__E)
                  000030f4    00000004     --HOLE-- [fill = 0]
                  000030f8    0000003c                   : BIOS.obj (.text:ti_sysbios_family_arm_msp432_Seconds_Module_startup__E)
                  00003134    00000004     --HOLE-- [fill = 0]
                  00003138    0000003c                   : BIOS.obj (.text:ti_sysbios_knl_Swi_restore__E)
                  00003174    00000038     drivers_msp432p401x.aem4f : PowerMSP432.oem4f (.text:notify)
                  000031ac    00000004     --HOLE-- [fill = 0]
                  000031b0    00000038     sysbios.aem4f : BIOS.obj (.text:xdc_runtime_System_atexit__E)
                  000031e8    00000032                   : BIOS.obj (.text:ti_sysbios_hal_Hwi_initStack)
                  0000321a    00000002     --HOLE-- [fill = 0]
                  0000321c    00000030     release_pem4f.oem4f (.text:ti_sysbios_BIOS_atExitFunc__I)
                  0000324c    00000030     release_pem4f.oem4f (.text:ti_sysbios_BIOS_startFunc__I)
                  0000327c    00000004     --HOLE-- [fill = 0]
                  00003280    00000030     sysbios.aem4f : BIOS.obj (.text:ti_sysbios_family_arm_m3_TaskSupport_start__E)
                  000032b0    00000030     release_pem4f.oem4f (.text:ti_sysbios_gates_GateHwi_Object__create__S)
                  000032e0    00000030     release_pem4f.oem4f (.text:ti_sysbios_gates_GateMutex_Object__create__S)
                  00003310    00000030     sysbios.aem4f : BIOS.obj (.text:ti_sysbios_gates_GateMutex_enter__E)
                  00003340    00000030     release_pem4f.oem4f (.text:ti_sysbios_heaps_HeapMem_Object__create__S)
                  00003370    00000030     sysbios.aem4f : BIOS.obj (.text:ti_sysbios_knl_Mailbox_postInit__I)
                  000033a0    00000030     release_pem4f.oem4f (.text:ti_sysbios_knl_Semaphore_construct)
                  000033d0    00000030     sysbios.aem4f : BIOS.obj (.text:ti_sysbios_knl_Semaphore_pendTimeout__I)
                  00003400    00000030                   : BIOS.obj (.text:ti_sysbios_knl_Task_processVitalTaskFlag__I)
                  00003430    00000030                   : BIOS.obj (.text:ti_sysbios_knl_Task_restore__E)
                  00003460    00000030                   : BIOS.obj (.text:ti_sysbios_knl_Task_unblockI__E)
                  00003490    00000030                   : BIOS.obj (.text:xdc_runtime_System_processAtExit__E)
                  000034c0    0000002e                   : BIOS.obj (.text:pthread_setcancelstate)
                  000034ee    0000002c     dpl_msp432p401x.aem4f : PowerMSP432_tirtos.oem4f (.text:PowerMSP432_updateFreqs)
                  0000351a    00000002     --HOLE-- [fill = 0]
                  0000351c    0000002c     msp432p4xx_driverlib.lib : rtc_c.o (.text:RTC_C_holdClock)
                  00003548    0000002c     sysbios.aem4f : BIOS.obj (.text:_pthread_cleanupFxn)
                  00003574    00000004     --HOLE-- [fill = 0]
                  00003578    0000002c                   : BIOS.obj (.text:_pthread_delete$43)
                  000035a4    0000002c     release_pem4f.oem4f (.text:ti_sysbios_gates_GateHwi_Handle__label__S)
                  000035d0    0000002c     release_pem4f.oem4f (.text:ti_sysbios_gates_GateMutex_Handle__label__S)
                  000035fc    0000002c     release_pem4f.oem4f (.text:ti_sysbios_heaps_HeapMem_Handle__label__S)
                  00003628    0000002c     release_pem4f.oem4f (.text:ti_sysbios_knl_Clock_doTick__I)
                  00003654    0000002c     release_pem4f.oem4f (.text:ti_sysbios_knl_Queue_construct)
                  00003680    00000028     GPIO_MSP432.obj (.text:GPIO_setPinAlto)
                  000036a8    00000028     GPIO_MSP432.obj (.text:GPIO_setPinBajo)
                  000036d0    00000028     msp432p4xx_driverlib.lib : pcm.o (.text:PCM_gotoLPM0)
                  000036f8    00000028     drivers_msp432p401x.aem4f : PowerMSP432.oem4f (.text:disableFaultCounter)
                  00003720    00000028                               : PowerMSP432.oem4f (.text:disableHFXT)
                  00003748    00000028     sysbios.aem4f : m3_Hwi_asm.obj (.text:ti_sysbios_family_arm_m3_Hwi_excHandlerAsm__I)
                  00003770    00000028                   : BIOS.obj (.text:ti_sysbios_knl_Clock_addI__E)
                  00003798    00000028                   : BIOS.obj (.text:ti_sysbios_knl_Swi_Module_startup__E)
                  000037c0    00000026                   : m3_Hwi_asm.obj (.text:ti_sysbios_family_arm_m3_Hwi_pendSV__I)
                  000037e6    00000002     --HOLE-- [fill = 0]
                  000037e8    00000024     GPIO_MSP432.obj (.text:Gpio_Pin_in)
                  0000380c    00000024     msp432p4xx_driverlib.lib : wdt_a.o (.text:WDT_A_holdTimer)
                  00003830    00000024     sysbios.aem4f : BIOS.obj (.text:pthread_attr_init)
                  00003854    00000024     release_pem4f.oem4f (.text:ti_sysbios_BIOS_registerRTSLock__I)
                  00003878    00000024     release_pem4f.oem4f (.text:ti_sysbios_BIOS_removeRTSLock__I)
                  0000389c    00000004     --HOLE-- [fill = 0]
                  000038a0    00000024     sysbios.aem4f : BIOS.obj (.text:ti_sysbios_family_arm_msp432_ClockFreqs_setFrequency__E)
                  000038c4    00000024     release_pem4f.oem4f (.text:ti_sysbios_gates_GateMutex_Object__delete__S)
                  000038e8    00000024     sysbios.aem4f : BIOS.obj (.text:ti_sysbios_knl_Clock_Module_startup__E)
                  0000390c    00000004     --HOLE-- [fill = 0]
                  00003910    00000024                   : BIOS.obj (.text:ti_sysbios_knl_Semaphore_Instance_init__E)
                  00003934    00000004     --HOLE-- [fill = 0]
                  00003938    00000024                   : BIOS.obj (.text:ti_sysbios_knl_Task_restoreHwi__E)
                  0000395c    00000004     --HOLE-- [fill = 0]
                  00003960    00000024                   : BIOS.obj (.text:xdc_runtime_Error_policyMin__E)
                  00003984    00000020     msp432p4xx_driverlib.lib : cs.o (.text:CS_setExternalClockSourceFrequency)
                  000039a4    00000020     release_pem4f.oem4f (.text:ti_sysbios_BIOS_rtsLock__I)
                  000039c4    00000020     release_pem4f.oem4f (.text:ti_sysbios_gates_GateHwi_Object__delete__S)
                  000039e4    00000020     release_pem4f.oem4f (.text:ti_sysbios_heaps_HeapMem_Object__delete__S)
                  00003a04    00000004     --HOLE-- [fill = 0]
                  00003a08    00000020     sysbios.aem4f : BIOS.obj (.text:ti_sysbios_knl_Idle_run__E)
                  00003a28    00000020     release_pem4f.oem4f (.text:ti_sysbios_knl_Semaphore_destruct)
                  00003a48    00000020     release_pem4f.oem4f (.text:ti_sysbios_knl_Task_Object__delete__S)
                  00003a68    0000001e     sysbios.aem4f : m3_Hwi_asm_switch.obj (.text:ti_sysbios_family_xxx_Hwi_switchAndRunFunc)
                  00003a86    0000001c     rtsv7M4_T_le_v4SPD16_eabi.lib : copy_zero_init.c.obj (.text:decompress:ZI:__TI_zero_init_nomemset:__TI_zero_init_nomemset)
                  00003aa2    00000006     --HOLE-- [fill = 0]
                  00003aa8    0000001c     sysbios.aem4f : BIOS.obj (.text:ti_sysbios_family_arm_m3_Hwi_excHandler__I)
                  00003ac4    00000004     --HOLE-- [fill = 0]
                  00003ac8    0000001c                   : BIOS.obj (.text:ti_sysbios_gates_GateMutex_Instance_init__E)
                  00003ae4    0000001c     release_pem4f.oem4f (.text:ti_sysbios_knl_Queue_destruct)
                  00003b00    0000001c     sysbios.aem4f : BIOS.obj (.text:ti_sysbios_knl_Queue_put__E)
                  00003b1c    00000004     --HOLE-- [fill = 0]
                  00003b20    0000001c                   : BIOS.obj (.text:ti_sysbios_knl_Task_enter__I)
                  00003b3c    00000004     --HOLE-- [fill = 0]
                  00003b40    0000001c                   : BIOS.obj (.text:xdc_runtime_Memory_valloc__E)
                  00003b5c    00000004     --HOLE-- [fill = 0]
                  00003b60    0000001c                   : BIOS.obj (.text:xdc_runtime_System_abort__E)
                  00003b7c    00000018     release_pem4f.oem4f (.text:.bootCodeSection:ti_sysbios_family_arm_msp432_init_Boot_init__I)
                  00003b94    00000018     msp432p4xx_driverlib.lib : sysctl_a.o (.text:SysCtl_A_disableNMISource)
                  00003bac    00000018                              : sysctl_a.o (.text:SysCtl_A_enableNMISource)
                  00003bc4    00000018     rtsv7M4_T_le_v4SPD16_eabi.lib : args_main.c.obj (.text:_args_main)
                  00003bdc    00000018     release_pem4f.oem4f (.text:ti_sysbios_BIOS_rtsUnlock__I)
                  00003bf4    00000018     release_pem4f.oem4f (.text:ti_sysbios_family_arm_m3_Hwi_Module__startupDone__F)
                  00003c0c    00000018     sysbios.aem4f : m3_TaskSupport_asm.obj (.text:ti_sysbios_family_arm_m3_TaskSupport_swap__E)
                  00003c24    00000018     release_pem4f.oem4f (.text:ti_sysbios_family_arm_msp432_Timer_Module__startupDone__F)
                  00003c3c    00000004     --HOLE-- [fill = 0]
                  00003c40    00000018     sysbios.aem4f : BIOS.obj (.text:ti_sysbios_gates_GateMutex_leave__E)
                  00003c58    00000018                   : BIOS.obj (.text:xdc_runtime_Error_init__E)
                  00003c70    00000018                   : BIOS.obj (.text:xdc_runtime_System_exit__E)
                  00003c88    00000016     release_pem4f.oem4f (.text:ti_sysbios_BIOS_exitFunc__I)
                  00003c9e    00000002     --HOLE-- [fill = 0]
                  00003ca0    00000016     sysbios.aem4f : BIOS.obj (.text:ti_sysbios_knl_Task_unblock__E)
                  00003cb6    00000002     --HOLE-- [fill = 0]
                  00003cb8    00000014     msp432p4xx_driverlib.lib : pcm.o (.text:PCM_getPowerState)
                  00003ccc    00000014     drivers_msp432p401x.aem4f : PowerMSP432.oem4f (.text:Power_idleFunc)
                  00003ce0    00000014     sysbios.aem4f : BIOS.obj (.text:pthread_attr_setschedparam)
                  00003cf4    00000014     release_pem4f.oem4f (.text:ti_sysbios_family_arm_m3_Hwi_Object__get__S)
                  00003d08    00000014     sysbios.aem4f : BIOS.obj (.text:ti_sysbios_family_arm_m3_Hwi_switchFromBootStack__E)
                  00003d1c    00000014     release_pem4f.oem4f (.text:ti_sysbios_heaps_HeapMem_Object__get__S)
                  00003d30    00000014     release_pem4f.oem4f (.text:ti_sysbios_knl_Swi_Object__get__S)
                  00003d44    00000004     --HOLE-- [fill = 0]
                  00003d48    00000012     sysbios.aem4f : BIOS.obj (.text:_pthread_cleanup_pop)
                  00003d5a    00000006     --HOLE-- [fill = 0]
                  00003d60    00000012                   : BIOS.obj (.text:_pthread_runStub$43)
                  00003d72    00000006     --HOLE-- [fill = 0]
                  00003d78    00000012                   : BIOS.obj (.text:ti_sysbios_hal_Hwi_Module_startup__E)
                  00003d8a    00000012     release_pem4f.oem4f (.text:xdc_runtime_Startup_exec__I)
                  00003d9c    00000010     dpl_msp432p401x.aem4f : HwiP_tirtos.oem4f (.text:HwiP_Params_init)
                  00003dac    00000010     msp432p4xx_driverlib.lib : pcm.o (.text:PCM_gotoLPM4)
                  00003dbc    00000010                              : pcm.o (.text:PCM_setPowerMode)
                  00003dcc    00000010                              : pcm.o (.text:PCM_setPowerState)
                  00003ddc    00000010                              : sysctl_a.o (.text:SysCtl_A_getNMISourceStatus)
                  00003dec    00000010                              : sysctl.o (.text:SysCtl_getNMISourceStatus)
                  00003dfc    00000004     --HOLE-- [fill = 0]
                  00003e00    00000010     sysbios.aem4f : BIOS.obj (.text:ti_sysbios_BIOS_exit__E)
                  00003e10    00000010                   : BIOS.obj (.text:ti_sysbios_BIOS_setCpuFreq__E)
                  00003e20    00000010                   : BIOS.obj (.text:ti_sysbios_BIOS_setThreadType__E)
                  00003e30    00000010                   : BIOS.obj (.text:ti_sysbios_BIOS_start__E)
                  00003e40    00000010                   : m3_TaskSupport_asm.obj (.text:ti_sysbios_family_arm_m3_TaskSupport_glue)
                  00003e50    00000010                   : BIOS.obj (.text:ti_sysbios_family_arm_msp432_init_Boot_disableWatchdog)
                  00003e60    00000010                   : BIOS.obj (.text:ti_sysbios_gates_GateMutex_Instance_finalize__E)
                  00003e70    00000010     release_pem4f.oem4f (.text:ti_sysbios_knl_Mailbox_Object__get__S)
                  00003e80    00000010     sysbios.aem4f : BIOS.obj (.text:ti_sysbios_knl_Semaphore_Instance_finalize__E)
                  00003e90    00000010                   : BIOS.obj (.text:ti_sysbios_knl_Swi_disable__E)
                  00003ea0    00000010     release_pem4f.oem4f (.text:ti_sysbios_knl_Task_Object__get__S)
                  00003eb0    00000010     sysbios.aem4f : BIOS.obj (.text:ti_sysbios_knl_Task_disable__E)
                  00003ec0    00000010                   : BIOS.obj (.text:xdc_runtime_Gate_leaveSystem__E)
                  00003ed0    00000010                   : BIOS.obj (.text:xdc_runtime_Memory_free__E)
                  00003ee0    00000010                   : BIOS.obj (.text:xdc_runtime_SysCallback_abort__E)
                  00003ef0    00000010                   : BIOS.obj (.text:xdc_runtime_SysCallback_exit__E)
                  00003f00    0000000e     rtsv7M4_T_le_v4SPD16_eabi.lib : copy_decompress_none.c.obj (.text:decompress:none:__TI_decompress_none)
                  00003f0e    00000002     --HOLE-- [fill = 0]
                  00003f10    0000000e     sysbios.aem4f : BIOS.obj (.text:pthread_attr_setdetachstate)
                  00003f1e    00000002     --HOLE-- [fill = 0]
                  00003f20    0000000e                   : BIOS.obj (.text:ti_sysbios_knl_Idle_loop__E)
                  00003f2e    00000002     --HOLE-- [fill = 0]
                  00003f30    0000000e                   : BIOS.obj (.text:ti_sysbios_knl_Queue_empty__E)
                  00003f3e    0000000c     ti_drivers_config.obj (.text:Board_init)
                  00003f4a    0000000c     msp432p4xx_driverlib.lib : cpu.o (.text:CPU_cpsid)
                  00003f56    0000000c                              : cpu.o (.text:CPU_cpsie)
                  00003f62    00000002     --HOLE-- [fill = 0]
                  00003f64    0000000c     drivers_msp432p401x.aem4f : PowerMSP432.oem4f (.text:Power_getConstraintMask)
                  00003f70    0000000c     rtsv7M4_T_le_v4SPD16_eabi.lib : _lock.c.obj (.text:_register_lock)
                  00003f7c    0000000c                                   : _lock.c.obj (.text:_register_unlock)
                  00003f88    0000000c     sysbios.aem4f : BIOS.obj (.text:pthread_self)
                  00003f94    0000000c     release_pem4f.oem4f (.text:ti_sysbios_family_arm_m3_Hwi_Params__init__S)
                  00003fa0    0000000c     sysbios.aem4f : BIOS.obj (.text:ti_sysbios_family_arm_m3_TaskSupport_getStackAlignment__E)
                  00003fac    00000004     --HOLE-- [fill = 0]
                  00003fb0    0000000c                   : BIOS.obj (.text:ti_sysbios_family_arm_msp432_Timer_getMaxTicks__E)
                  00003fbc    00000004     --HOLE-- [fill = 0]
                  00003fc0    0000000c                   : BIOS.obj (.text:ti_sysbios_gates_GateHwi_enter__E)
                  00003fcc    0000000c     release_pem4f.oem4f (.text:ti_sysbios_knl_Queue_Object__get__S)
                  00003fd8    0000000c     release_pem4f.oem4f (.text:ti_sysbios_knl_Semaphore_Params__init__S)
                  00003fe4    0000000c     release_pem4f.oem4f (.text:ti_sysbios_knl_Task_Params__init__S)
                  00003ff0    0000000c     sysbios.aem4f : BIOS.obj (.text:ti_sysbios_rts_ti_ReentSupport_taskRegHook__I)
                  00003ffc    00000004     --HOLE-- [fill = 0]
                  00004000    0000000c                   : BIOS.obj (.text:xdc_runtime_Gate_enterSystem__E)
                  0000400c    00000004     --HOLE-- [fill = 0]
                  00004010    0000000c                   : BIOS.obj (.text:xdc_runtime_Startup_rtsDone__E)
                  0000401c    0000000a     release_pem4f.oem4f (.text:xdc_runtime_IHeap_alloc)
                  00004026    0000000a     release_pem4f.oem4f (.text:xdc_runtime_IHeap_free)
                  00004030    00000008     sysbios.aem4f : BIOS.obj (.text:pthread_attr_setstacksize)
                  00004038    00000008                   : BIOS.obj (.text:ti_sysbios_family_arm_m3_Hwi_doSwiRestore__I)
                  00004040    00000008                   : BIOS.obj (.text:ti_sysbios_family_arm_m3_Hwi_startup__E)
                  00004048    00000006                   : BIOS.obj (.text:ti_sysbios_family_arm_m3_Hwi_doTaskRestore__I)
                  0000404e    00000002     --HOLE-- [fill = 0]
                  00004050    00000006                   : BIOS.obj (.text:ti_sysbios_gates_GateHwi_leave__E)
                  00004056    00000002     --HOLE-- [fill = 0]
                  00004058    00000006                   : BIOS.obj (.text:ti_sysbios_heaps_HeapMem_isBlocking__E)
                  0000405e    00000002     --HOLE-- [fill = 0]
                  00004060    00000006                   : BIOS.obj (.text:ti_sysbios_knl_Queue_Instance_init__E)
                  00004066    00000002     --HOLE-- [fill = 0]
                  00004068    00000006                   : BIOS.obj (.text:ti_sysbios_knl_Swi_startup__E)
                  0000406e    00000002     --HOLE-- [fill = 0]
                  00004070    00000006                   : BIOS.obj (.text:xdc_runtime_System_Module_startup__E)
                  00004076    00000002     --HOLE-- [fill = 0]
                  00004078    00000004                   : BIOS.obj (.text:ti_sysbios_gates_GateHwi_query__E)
                  0000407c    00000004     --HOLE-- [fill = 0]
                  00004080    00000004                   : BIOS.obj (.text:ti_sysbios_gates_GateMutex_query__E)
                  00004084    00000004     --HOLE-- [fill = 0]
                  00004088    00000004                   : BIOS.obj (.text:ti_sysbios_knl_Task_startup__E)
                  0000408c    00000004     --HOLE-- [fill = 0]
                  00004090    00000002                   : BIOS.obj (.text:ti_sysbios_BIOS_linkedWithIncorrectBootLibrary__E)
                  00004092    00000006     --HOLE-- [fill = 0]
                  00004098    00000002                   : BIOS.obj (.text:ti_sysbios_gates_GateHwi_Instance_init__E)
                  0000409a    00000006     --HOLE-- [fill = 0]
                  000040a0    00000002                   : BIOS.obj (.text:ti_sysbios_knl_Clock_logTick__E)
                  000040a2    00000006     --HOLE-- [fill = 0]
                  000040a8    00000002                   : BIOS.obj (.text:xdc_runtime_SysCallback_defaultAbort)
                  000040aa    00000006     --HOLE-- [fill = 0]
                  000040b0    00000002                   : BIOS.obj (.text:xdc_runtime_SysCallback_defaultExit)
                  000040b2    00000006     --HOLE-- [fill = 0]
                  000040b8    00000002                   : BIOS.obj (.text:xdc_runtime_System_abortSpin__E)
                  000040ba    00000006     --HOLE-- [fill = 0]
                  000040c0    00000002                   : BIOS.obj (.text:xdc_runtime_System_exitSpin__E)

.const     0    000040c4    0000040d     
                  000040c4    0000003c     release_pem4f.oem4f (.const:ti_sysbios_knl_Task_Object__PARAMS__C)
                  00004100    00000038     ti_drivers_config.obj (.const:PowerMSP432_config)
                  00004138    00000030     GPIO_MSP432.obj (.const:GPIO_PORT_TO_BASE)
                  00004168    00000030     release_pem4f.oem4f (.const:ti_sysbios_family_arm_m3_Hwi_Object__PARAMS__C)
                  00004198    00000028     release_pem4f.oem4f (.const:ti_sysbios_heaps_HeapMem_Module__FXNS__C)
                  000041c0    00000024     release_pem4f.oem4f (.const:ti_sysbios_gates_GateHwi_Module__FXNS__C)
                  000041e4    00000024     release_pem4f.oem4f (.const:ti_sysbios_gates_GateMutex_Module__FXNS__C)
                  00004208    00000024     release_pem4f.oem4f (.const:ti_sysbios_heaps_HeapMem_Object__PARAMS__C)
                  0000422c    00000024     release_pem4f.oem4f (.const:ti_sysbios_knl_Semaphore_Object__PARAMS__C)
                  00004250    00000024     release_pem4f.oem4f (.const:xdc_runtime_Startup_sfxnTab__A)
                  00004274    00000020     release_pem4f.oem4f (.const:ti_sysbios_family_arm_m3_Hwi_Object__DESC__C)
                  00004294    00000020     release_pem4f.oem4f (.const:ti_sysbios_gates_GateHwi_Object__DESC__C)
                  000042b4    00000020     release_pem4f.oem4f (.const:ti_sysbios_gates_GateMutex_Object__DESC__C)
                  000042d4    00000020     release_pem4f.oem4f (.const:ti_sysbios_heaps_HeapMem_Object__DESC__C)
                  000042f4    00000020     release_pem4f.oem4f (.const:ti_sysbios_knl_Queue_Object__DESC__C)
                  00004314    00000020     release_pem4f.oem4f (.const:ti_sysbios_knl_Semaphore_Object__DESC__C)
                  00004334    00000020     release_pem4f.oem4f (.const:ti_sysbios_knl_Task_Object__DESC__C)
                  00004354    00000018     release_pem4f.oem4f (.const:ti_sysbios_gates_GateHwi_Object__PARAMS__C)
                  0000436c    00000018     release_pem4f.oem4f (.const:ti_sysbios_gates_GateMutex_Object__PARAMS__C)
                  00004384    00000018     release_pem4f.oem4f (.const:ti_sysbios_knl_Queue_Object__PARAMS__C)
                  0000439c    00000018     release_pem4f.oem4f (.const:ti_sysbios_knl_Task_hooks__A)
                  000043b4    00000012     release_pem4f.oem4f (.const:xdc_runtime_Startup_sfxnRts__A)
                  000043c6    00000002     release_pem4f.oem4f (.const:ti_sysbios_family_arm_m3_Hwi_Module__id__C)
                  000043c8    0000000c     release_pem4f.oem4f (.const:xdc_runtime_Startup_firstFxns__A)
                  000043d4    00000008     release_pem4f.oem4f (.const:ti_sysbios_knl_Idle_funcList__A)
                  000043dc    00000008     release_pem4f.oem4f (.const:ti_sysbios_knl_Idle_funcList__C)
                  000043e4    00000008     release_pem4f.oem4f (.const:ti_sysbios_knl_Task_hooks__C)
                  000043ec    00000008     release_pem4f.oem4f (.const:xdc_runtime_Startup_firstFxns__C)
                  000043f4    00000008     release_pem4f.oem4f (.const:xdc_runtime_Startup_lastFxns__C)
                  000043fc    00000004     GPIO_MSP432.obj (.const)
                  00004400    00000004     release_pem4f.oem4f (.const:ti_sysbios_family_arm_m3_Hwi_E_alreadyDefined__C)
                  00004404    00000004     release_pem4f.oem4f (.const:ti_sysbios_family_arm_m3_Hwi_E_badIntNum__C)
                  00004408    00000004     release_pem4f.oem4f (.const:ti_sysbios_family_arm_m3_Hwi_NUM_INTERRUPTS__C)
                  0000440c    00000004     release_pem4f.oem4f (.const:ti_sysbios_family_arm_m3_Hwi_Object__count__C)
                  00004410    00000004     release_pem4f.oem4f (.const:ti_sysbios_family_arm_m3_Hwi_ccr__C)
                  00004414    00000004     release_pem4f.oem4f (.const:ti_sysbios_family_arm_m3_Hwi_excHandlerFunc__C)
                  00004418    00000004     release_pem4f.oem4f (.const:ti_sysbios_family_arm_m3_Hwi_nullIsrFunc__C)
                  0000441c    00000004     release_pem4f.oem4f (.const:ti_sysbios_family_arm_m3_Hwi_priGroup__C)
                  00004420    00000004     release_pem4f.oem4f (.const:ti_sysbios_family_arm_m3_Hwi_swiDisable__C)
                  00004424    00000004     release_pem4f.oem4f (.const:ti_sysbios_family_arm_m3_Hwi_swiRestore__C)
                  00004428    00000004     release_pem4f.oem4f (.const:ti_sysbios_family_arm_m3_TaskSupport_stackAlignment__C)
                  0000442c    00000004     release_pem4f.oem4f (.const:ti_sysbios_family_arm_msp432_Timer_numTimerDevices__C)
                  00004430    00000004     release_pem4f.oem4f (.const:ti_sysbios_family_arm_msp432_Timer_startupNeeded__C)
                  00004434    00000004     release_pem4f.oem4f (.const:ti_sysbios_gates_GateMutex_Instance_State_sem__O)
                  00004438    00000004     release_pem4f.oem4f (.const:ti_sysbios_heaps_HeapMem_E_memory__C)
                  0000443c    00000004     release_pem4f.oem4f (.const:ti_sysbios_heaps_HeapMem_Module__gateObj__C)
                  00004440    00000004     release_pem4f.oem4f (.const:ti_sysbios_heaps_HeapMem_Object__count__C)
                  00004444    00000004     release_pem4f.oem4f (.const:ti_sysbios_heaps_HeapMem_primaryHeapBaseAddr__C)
                  00004448    00000004     release_pem4f.oem4f (.const:ti_sysbios_heaps_HeapMem_primaryHeapEndAddr__C)
                  0000444c    00000004     release_pem4f.oem4f (.const:ti_sysbios_heaps_HeapMem_reqAlign__C)
                  00004450    00000004     release_pem4f.oem4f (.const:ti_sysbios_knl_Clock_Module_State_clockQ__O)
                  00004454    00000004     release_pem4f.oem4f (.const:ti_sysbios_knl_Mailbox_Instance_State_freeQue__O)
                  00004458    00000004     release_pem4f.oem4f (.const:ti_sysbios_knl_Mailbox_Object__count__C)
                  0000445c    00000004     release_pem4f.oem4f (.const:ti_sysbios_knl_Mailbox_maxTypeAlign__C)
                  00004460    00000004     release_pem4f.oem4f (.const:ti_sysbios_knl_Semaphore_Instance_State_pendQ__O)
                  00004464    00000004     release_pem4f.oem4f (.const:ti_sysbios_knl_Swi_Object__count__C)
                  00004468    00000004     release_pem4f.oem4f (.const:ti_sysbios_knl_Task_Module_State_inactiveQ__O)
                  0000446c    00000004     release_pem4f.oem4f (.const:ti_sysbios_knl_Task_Object__count__C)
                  00004470    00000004     release_pem4f.oem4f (.const:ti_sysbios_knl_Task_Object__heap__C)
                  00004474    00000004     release_pem4f.oem4f (.const:ti_sysbios_knl_Task_allBlockedFunc__C)
                  00004478    00000004     release_pem4f.oem4f (.const:ti_sysbios_knl_Task_defaultStackHeap__C)
                  0000447c    00000004     release_pem4f.oem4f (.const:ti_sysbios_knl_Task_defaultStackSize__C)
                  00004480    00000004     release_pem4f.oem4f (.const:ti_sysbios_knl_Task_numConstructedTasks__C)
                  00004484    00000004     release_pem4f.oem4f (.const:xdc_runtime_Error_E_memory__C)
                  00004488    00000004     release_pem4f.oem4f (.const:xdc_runtime_Error_policyFxn__C)
                  0000448c    00000004     release_pem4f.oem4f (.const:xdc_runtime_IGateProvider_Interface__BASE__C)
                  00004490    00000004     release_pem4f.oem4f (.const:xdc_runtime_IHeap_Interface__BASE__C)
                  00004494    00000004     release_pem4f.oem4f (.const:xdc_runtime_IModule_Interface__BASE__C)
                  00004498    00000004     release_pem4f.oem4f (.const:xdc_runtime_Memory_defaultHeapInstance__C)
                  0000449c    00000004     release_pem4f.oem4f (.const:xdc_runtime_Startup_execImpl__C)
                  000044a0    00000004     release_pem4f.oem4f (.const:xdc_runtime_Startup_maxPasses__C)
                  000044a4    00000004     release_pem4f.oem4f (.const:xdc_runtime_Startup_sfxnRts__C)
                  000044a8    00000004     release_pem4f.oem4f (.const:xdc_runtime_Startup_sfxnTab__C)
                  000044ac    00000004     release_pem4f.oem4f (.const:xdc_runtime_SysCallback_abortFxn__C)
                  000044b0    00000004     release_pem4f.oem4f (.const:xdc_runtime_SysCallback_exitFxn__C)
                  000044b4    00000004     release_pem4f.oem4f (.const:xdc_runtime_System_Module__gateObj__C)
                  000044b8    00000004     release_pem4f.oem4f (.const:xdc_runtime_System_abortFxn__C)
                  000044bc    00000004     release_pem4f.oem4f (.const:xdc_runtime_System_exitFxn__C)
                  000044c0    00000004     release_pem4f.oem4f (.const:xdc_runtime_System_maxAtexitHandlers__C)
                  000044c4    00000002     release_pem4f.oem4f (.const:ti_sysbios_family_arm_msp432_init_Boot_bypassHFXT__C)
                  000044c6    00000002     release_pem4f.oem4f (.const:ti_sysbios_family_arm_msp432_init_Boot_bypassLFXT__C)
                  000044c8    00000002     release_pem4f.oem4f (.const:ti_sysbios_family_arm_msp432_init_Boot_enableHFXT__C)
                  000044ca    00000002     release_pem4f.oem4f (.const:ti_sysbios_family_arm_msp432_init_Boot_enableLFXT__C)
                  000044cc    00000002     release_pem4f.oem4f (.const:ti_sysbios_heaps_HeapMem_Module__id__C)
                  000044ce    00000002     release_pem4f.oem4f (.const:xdc_runtime_Memory_Module__id__C)
                  000044d0    00000001     release_pem4f.oem4f (.const:xdc_runtime_Error_policy__C)

.cinit     0    000044d8    00000230     
                  000044d8    00000205     (.cinit..data.load) [load image, compression = lzss]
                  000046dd    00000003     --HOLE-- [fill = 0]
                  000046e0    0000000c     (__TI_handler_table)
                  000046ec    00000004     --HOLE-- [fill = 0]
                  000046f0    00000008     (.cinit..bss.load) [load image, compression = zero_init]
                  000046f8    00000010     (__TI_cinit_table)

.init_array 
*          0    00000000    00000000     UNINITIALIZED

.data      0    20008140    000005fa     UNINITIALIZED
                  20008140    00000140     drivers_msp432p401x.aem4f : PowerMSP432.oem4f (.data:PowerMSP432_perfLevels)
                  20008280    00000088     sysbios.aem4f : BIOS.obj (.data:$O1$$)
                  20008308    00000080     release_pem4f.oem4f (.data:ti_sysbios_knl_Swi_Module_State_0_readyQ__A)
                  20008388    00000080     release_pem4f.oem4f (.data:ti_sysbios_knl_Task_Module_State_0_readyQ__A)
                  20008408    00000054     release_pem4f.oem4f (.data:ti_sysbios_gates_GateMutex_Object__table__V)
                  2000845c    0000004c     release_pem4f.oem4f (.data:ti_sysbios_knl_Task_Object__table__V)
                  200084a8    00000044     release_pem4f.oem4f (.data:ti_sysbios_family_arm_msp432_Timer_Object__table__V)
                  200084ec    00000044     release_pem4f.oem4f (.data:ti_sysbios_knl_Task_Module__state__V)
                  20008530    00000034     release_pem4f.oem4f (.data:ti_sysbios_family_arm_m3_Hwi_Module__state__V)
                  20008564    00000030     release_pem4f.oem4f (.data:ti_sysbios_knl_Swi_Object__table__V)
                  20008594    0000002c     drivers_msp432p401x.aem4f : PowerMSP432.oem4f (.data:PowerMSP432_module)
                  200085c0    0000002c     release_pem4f.oem4f (.data:ti_sysbios_knl_Clock_Module__state__V)
                  200085ec    00000024     release_pem4f.oem4f (.data:ti_sysbios_BIOS_Module__state__V)
                  20008610    00000020     release_pem4f.oem4f (.data:ti_sysbios_family_arm_msp432_Timer_Module_State_0_device__A)
                  20008630    00000020     release_pem4f.oem4f (.data:xdc_runtime_Error_IgnoreBlock)
                  20008650    0000001c     release_pem4f.oem4f (.data:ti_sysbios_knl_Swi_Module__state__V)
                  2000866c    00000018     release_pem4f.oem4f (.data:ti_sysbios_family_arm_m3_Hwi_Object__table__V)
                  20008684    00000018     release_pem4f.oem4f (.data:ti_sysbios_heaps_HeapMem_Object__table__V)
                  2000869c    00000010     release_pem4f.oem4f (.data:ti_sysbios_family_arm_msp432_Timer_Module_State_0_handles__A)
                  200086ac    0000000c     release_pem4f.oem4f (.data:ti_sysbios_family_arm_msp432_ClockFreqs_Module__state__V)
                  200086b8    0000000c     release_pem4f.oem4f (.data:ti_sysbios_family_arm_msp432_Timer_Module__state__V)
                  200086c4    00000008     rtsv7M4_T_le_v4SPD16_eabi.lib : _lock.c.obj (.data:$O1$$)
                  200086cc    00000008     release_pem4f.oem4f (.data:ti_sysbios_family_arm_m3_Hwi_Module__root__V)
                  200086d4    00000008     release_pem4f.oem4f (.data:ti_sysbios_gates_GateHwi_Module__root__V)
                  200086dc    00000008     release_pem4f.oem4f (.data:ti_sysbios_gates_GateMutex_Module__root__V)
                  200086e4    00000008     release_pem4f.oem4f (.data:ti_sysbios_heaps_HeapMem_Module__root__V)
                  200086ec    00000008     release_pem4f.oem4f (.data:ti_sysbios_knl_Queue_Module__root__V)
                  200086f4    00000008     release_pem4f.oem4f (.data:ti_sysbios_knl_Semaphore_Module__root__V)
                  200086fc    00000008     release_pem4f.oem4f (.data:ti_sysbios_knl_Task_Module__root__V)
                  20008704    00000008     release_pem4f.oem4f (.data:xdc_runtime_Startup_Module__state__V)
                  2000870c    00000008     release_pem4f.oem4f (.data:xdc_runtime_System_Module_State_0_atexitHandlers__A)
                  20008714    00000008     release_pem4f.oem4f (.data:xdc_runtime_System_Module__state__V)
                  2000871c    00000004     rtsv7M4_T_le_v4SPD16_eabi.lib : stkdepth_vars.c.obj (.data)
                  20008720    00000004     release_pem4f.oem4f (.data:ti_sysbios_family_arm_m3_Hwi_Module_State_0_excContext__A)
                  20008724    00000004     release_pem4f.oem4f (.data:ti_sysbios_family_arm_m3_Hwi_Module_State_0_excStack__A)
                  20008728    00000004     release_pem4f.oem4f (.data:ti_sysbios_gates_GateHwi_Object__table__V)
                  2000872c    00000004     release_pem4f.oem4f (.data:ti_sysbios_knl_Task_Module_State_0_idleTask__A)
                  20008730    00000004     release_pem4f.oem4f (.data:ti_sysbios_rts_ti_ReentSupport_Module__state__V)
                  20008734    00000004     release_pem4f.oem4f (.data:xdc_runtime_Memory_Module__state__V)
                  20008738    00000002     release_pem4f.oem4f (.data:ti_sysbios_family_arm_m3_Hwi_Module_State_0_excActive__A)

.bss       0    20008740    0000034c     UNINITIALIZED
                  20008740    00000200     release_pem4f.oem4f (.bss:taskStackSection)
                  20008940    00000140     (.common:ti_sysbios_family_arm_m3_Hwi_dispatchTable)
                  20008a80    00000008     msp432p4xx_driverlib.lib : cs.o (.bss)
                  20008a88    00000004     (.common:ti_sysbios_knl_Task_Instance_State_0_hookEnv__A)

.priheap   0    20000140    00008000     UNINITIALIZED
                  20000140    00008000     --HOLE--

.stack     0    2000fc00    00000400     UNINITIALIZED
                  2000fc00    00000400     --HOLE--

.bootVecs 
*          0    00000000    00000008     DSECT
                  00000000    00000008     boot.aem4f : boot.oem4f (.bootVecs)

.resetVecs 
*          0    00000000    0000003c     
                  00000000    0000003c     release_pem4f.oem4f (.resetVecs)

.vecs      0    20000000    00000140     NOLOAD SECTION
                  20000000    00000140     release_pem4f.oem4f (.vecs)

xdc.meta   0    00000000    00000109     COPY SECTION
                  00000000    00000109     release_pem4f.oem4f (xdc.meta)

xdc.noload 
*          0    00000000    00000000     COPY SECTION

__llvm_prf_cnts 
*          0    20000000    00000000     UNINITIALIZED

.binit     0    00000000    00000000     

MODULE SUMMARY

       Module                       code    ro data   rw data
       ------                       ----    -------   -------
    .\
       thread.obj                   344     0         0      
       main_tirtos.obj              100     0         0      
    +--+----------------------------+-------+---------+---------+
       Total:                       444     0         0      
                                                             
    .\DRIVERS\
       GPIO_MSP432.obj              268     52        0      
    +--+----------------------------+-------+---------+---------+
       Total:                       268     52        0      
                                                             
    .\syscfg\
       ti_drivers_config.obj        14      56        0      
    +--+----------------------------+-------+---------+---------+
       Total:                       14      56        0      
                                                             
    C:\Users\DELL\OneDrive\Escritorio\space\tirtos_builds_MSP_EXP432P401R_release_ccs\Debug\configPkg\package\cfg\
       release_pem4f.oem4f          1302    989       4348   
    +--+----------------------------+-------+---------+---------+
       Total:                       1302    989       4348   
                                                             
    C:/ti/simplelink_msp432p4_sdk_3_40_01_02/kernel/tirtos/packages/ti/dpl/lib/dpl_msp432p401x.aem4f
       PowerMSP432_tirtos.oem4f     122     0         0      
       HwiP_tirtos.oem4f            80      0         0      
    +--+----------------------------+-------+---------+---------+
       Total:                       202     0         0      
                                                             
    C:/ti/simplelink_msp432p4_sdk_3_40_01_02/source/ti/devices/msp432p4xx/driverlib/ccs/msp432p4xx_driverlib.lib
       pcm.o                        1770    0         0      
       cs.o                         704     0         16     
       sysctl_a.o                   64      0         0      
       rtc_c.o                      44      0         0      
       wdt_a.o                      36      0         0      
       cpu.o                        28      0         0      
       sysctl.o                     16      0         0      
    +--+----------------------------+-------+---------+---------+
       Total:                       2662    0         16     
                                                             
    C:/ti/simplelink_msp432p4_sdk_3_40_01_02/source/ti/drivers/lib/drivers_msp432p401x.aem4f
       PowerMSP432.oem4f            1864    0         728    
    +--+----------------------------+-------+---------+---------+
       Total:                       1864    0         728    
                                                             
    C:\Users\DELL\OneDrive\Escritorio\space\tirtos_builds_MSP_EXP432P401R_release_ccs\src\sysbios\sysbios.aem4f
       BIOS.obj                     8086    0         272    
       m3_Hwi_asm.obj               318     0         0      
       m3_TaskSupport_asm.obj       180     0         0      
       m3_Hwi_asm_switch.obj        118     0         0      
    +--+----------------------------+-------+---------+---------+
       Total:                       8702    0         272    
                                                             
    C:\ti\ccs1250\ccs\tools\compiler\ti-cgt-arm_20.2.7.LTS\lib\rtsv7M4_T_le_v4SPD16_eabi.lib
       memcpy_t2.asm.obj            156     0         0      
       memset_t2.asm.obj            122     0         0      
       copy_decompress_lzss.c.obj   104     0         0      
       cpy_tbl.c.obj                76      0         0      
       _lock.c.obj                  26      0         16     
       copy_zero_init.c.obj         28      0         0      
       args_main.c.obj              24      0         0      
       copy_decompress_none.c.obj   14      0         0      
       stkdepth_vars.c.obj          0       0         8      
    +--+----------------------------+-------+---------+---------+
       Total:                       550     0         24     
                                                             
    C:\ti\simplelink_msp432p4_sdk_3_40_01_02\kernel\tirtos\packages\ti\targets\arm\rtsarm\lib\auto_init.aem4f
       auto_init.oem4f              160     0         0      
    +--+----------------------------+-------+---------+---------+
       Total:                       160     0         0      
                                                             
    C:\ti\simplelink_msp432p4_sdk_3_40_01_02\kernel\tirtos\packages\ti\targets\arm\rtsarm\lib\boot.aem4f
       boot.oem4f                   88      0         0      
    +--+----------------------------+-------+---------+---------+
       Total:                       88      0         0      
                                                             
       Stack:                       0       0         2048   
       Linker Generated:            0       553       0      
    +--+----------------------------+-------+---------+---------+
       Grand Total:                 16256   1650      7436   


LINKER GENERATED COPY TABLES

__TI_cinit_table @ 000046f8 records: 2, size/record: 8, table size: 16
	.data: load addr=000044d8, load size=00000205 bytes, run addr=20008140, run size=000005fa bytes, compression=lzss
	.bss: load addr=000046f0, load size=00000008 bytes, run addr=20008740, run size=0000034c bytes, compression=zero_init


LINKER GENERATED HANDLER TABLE

__TI_handler_table @ 000046e0 records: 3, size/record: 4, table size: 12
	index: 0, handler: __TI_decompress_lzss
	index: 1, handler: __TI_decompress_none
	index: 2, handler: __TI_zero_init


GLOBAL SYMBOLS: SORTED ALPHABETICALLY BY Name 

address   name                                                            
-------   ----                                                            
00003f3f  Board_init                                                      
000005c3  Board_initHook                                                  
00003f4b  CPU_cpsid                                                       
00003f57  CPU_cpsie                                                       
0000104d  CPU_wfi                                                         
00003985  CS_setExternalClockSourceFrequency                              
00001329  CS_startHFXTWithTimeout                                         
0000140d  CS_startLFXTWithTimeout                                         
00003681  GPIO_setPinAlto                                                 
000036a9  GPIO_setPinBajo                                                 
000028a9  GPIO_setPinEntradaconPullUp                                     
00002f75  GPIO_setPinSalida                                               
000037e9  Gpio_Pin_in                                                     
00008000  HEAPSIZE                                                        
00003d9d  HwiP_Params_init                                                
00002fb5  HwiP_create                                                     
000026d1  PCM_getCoreVoltageLevel                                         
0000284d  PCM_getPowerMode                                                
00003cb9  PCM_getPowerState                                               
000036d1  PCM_gotoLPM0                                                    
00002011  PCM_gotoLPM3                                                    
00003dad  PCM_gotoLPM4                                                    
00003dbd  PCM_setPowerMode                                                
00003dcd  PCM_setPowerState                                               
000029b1  PCM_shutdownDevice                                              
00004100  PowerMSP432_config                                              
000018e7  PowerMSP432_initPolicy                                          
20008594  PowerMSP432_module                                              
20008140  PowerMSP432_perfLevels                                          
00002b51  PowerMSP432_sleepPolicy                                         
000034ef  PowerMSP432_updateFreqs                                         
00003f65  Power_getConstraintMask                                         
00003ccd  Power_idleFunc                                                  
00001ad5  Power_init                                                      
00000041  Power_sleep                                                     
0000351d  RTC_C_holdClock                                                 
UNDEFED   SHT$$INIT_ARRAY$$Base                                           
UNDEFED   SHT$$INIT_ARRAY$$Limit                                          
00003b95  SysCtl_A_disableNMISource                                       
00003bad  SysCtl_A_enableNMISource                                        
00003ddd  SysCtl_A_getNMISourceStatus                                     
00003ded  SysCtl_getNMISourceStatus                                       
4000480c  WDTCTL_SYM                                                      
0000380d  WDT_A_holdTimer                                                 
00000000  __ASM__                                                         
0000008a  __ISA__                                                         
0000009d  __PLAT__                                                        
20010000  __STACK_END                                                     
00000400  __STACK_SIZE                                                    
000000c0  __TARG__                                                        
000046f8  __TI_CINIT_Base                                                 
00004708  __TI_CINIT_Limit                                                
000046e0  __TI_Handler_Table_Base                                         
000046ec  __TI_Handler_Table_Limit                                        
00001a35  __TI_auto_init                                                  
00002405  __TI_decompress_lzss                                            
00003f01  __TI_decompress_none                                            
ffffffff  __TI_pprof_out_hndl                                             
ffffffff  __TI_prof_data_size                                             
ffffffff  __TI_prof_data_start                                            
000044d8  __TI_static_base__                                              
00003a87  __TI_zero_init_nomemset                                         
000000e6  __TRDR__                                                        
000022a9  __aeabi_memclr                                                  
000022a9  __aeabi_memclr4                                                 
000022a9  __aeabi_memclr8                                                 
00001b71  __aeabi_memcpy                                                  
00001b71  __aeabi_memcpy4                                                 
00001b71  __aeabi_memcpy8                                                 
000022ab  __aeabi_memset                                                  
000022ab  __aeabi_memset4                                                 
000022ab  __aeabi_memset8                                                 
ffffffff  __binit__                                                       
ffffffff  __c_args__                                                      
20008140  __primary_heap_end__                                            
20000140  __primary_heap_start__                                          
2000fc00  __stack                                                         
20000000  __start___llvm_prf_cnts                                         
20000000  __stop___llvm_prf_cnts                                          
00003bc5  _args_main                                                      
00002901  _c_int00                                                        
200086c4  _lock                                                           
0000200f  _nop                                                            
00003549  _pthread_cleanupFxn                                             
00003d49  _pthread_cleanup_pop                                            
00001c11  _pthread_removeThreadKeys                                       
00003f71  _register_lock                                                  
00003f7d  _register_unlock                                                
200086c8  _unlock                                                         
ffffffff  binit                                                           
00002b9d  copy_in                                                         
000024d9  main                                                            
000009a9  mainThread                                                      
2000871c  main_func_sp                                                    
00001b71  memcpy                                                          
000022b1  memset                                                          
000043fc  p1_in                                                           
00003831  pthread_attr_init                                               
00003f11  pthread_attr_setdetachstate                                     
00003ce1  pthread_attr_setschedparam                                      
00004031  pthread_attr_setstacksize                                       
00001149  pthread_create                                                  
00002541  pthread_exit                                                    
00003f89  pthread_self                                                    
000034c1  pthread_setcancelstate                                          
200085ec  ti_sysbios_BIOS_Module__state__V                                
000035d1  ti_sysbios_BIOS_RtsGateProxy_Handle__label__S                   
000014ed  ti_sysbios_BIOS_RtsGateProxy_enter__E                           
000016ad  ti_sysbios_BIOS_RtsGateProxy_leave__E                           
00004081  ti_sysbios_BIOS_RtsGateProxy_query__E                           
0000321d  ti_sysbios_BIOS_atExitFunc__I                                   
00003c89  ti_sysbios_BIOS_exitFunc__I                                     
00003e01  ti_sysbios_BIOS_exit__E                                         
00004091  ti_sysbios_BIOS_linkedWithIncorrectBootLibrary__E               
0000219d  ti_sysbios_BIOS_nullFunc__I                                     
00003855  ti_sysbios_BIOS_registerRTSLock__I                              
00003879  ti_sysbios_BIOS_removeRTSLock__I                                
000039a5  ti_sysbios_BIOS_rtsLock__I                                      
00003bdd  ti_sysbios_BIOS_rtsUnlock__I                                    
00003e11  ti_sysbios_BIOS_setCpuFreq__E                                   
00003e21  ti_sysbios_BIOS_setThreadType__E                                
0000324d  ti_sysbios_BIOS_startFunc__I                                    
00003e31  ti_sysbios_BIOS_start__E                                        
00004400  ti_sysbios_family_arm_m3_Hwi_E_alreadyDefined__C                
00004404  ti_sysbios_family_arm_m3_Hwi_E_badIntNum__C                     
000030b9  ti_sysbios_family_arm_m3_Hwi_Instance_finalize__E               
00001781  ti_sysbios_family_arm_m3_Hwi_Instance_init__E                   
20008738  ti_sysbios_family_arm_m3_Hwi_Module_State_0_excActive__A        
20008720  ti_sysbios_family_arm_m3_Hwi_Module_State_0_excContext__A       
20008724  ti_sysbios_family_arm_m3_Hwi_Module_State_0_excStack__A         
000043c6  ti_sysbios_family_arm_m3_Hwi_Module__id__C                      
200086cc  ti_sysbios_family_arm_m3_Hwi_Module__root__V                    
00003bf5  ti_sysbios_family_arm_m3_Hwi_Module__startupDone__F             
00003bf5  ti_sysbios_family_arm_m3_Hwi_Module__startupDone__S             
20008530  ti_sysbios_family_arm_m3_Hwi_Module__state__V                   
00002ab1  ti_sysbios_family_arm_m3_Hwi_Module_startup__E                  
00004408  ti_sysbios_family_arm_m3_Hwi_NUM_INTERRUPTS__C                  
00004274  ti_sysbios_family_arm_m3_Hwi_Object__DESC__C                    
00004168  ti_sysbios_family_arm_m3_Hwi_Object__PARAMS__C                  
0000440c  ti_sysbios_family_arm_m3_Hwi_Object__count__C                   
00003cf5  ti_sysbios_family_arm_m3_Hwi_Object__get__S                     
2000866c  ti_sysbios_family_arm_m3_Hwi_Object__table__V                   
00003f95  ti_sysbios_family_arm_m3_Hwi_Params__init__S                    
00004410  ti_sysbios_family_arm_m3_Hwi_ccr__C                             
00002a05  ti_sysbios_family_arm_m3_Hwi_create                             
00002dc9  ti_sysbios_family_arm_m3_Hwi_disableInterrupt__E                
000025a9  ti_sysbios_family_arm_m3_Hwi_dispatchC__I                       
20008940  ti_sysbios_family_arm_m3_Hwi_dispatchTable                      
00001239  ti_sysbios_family_arm_m3_Hwi_dispatch__I                        
00004039  ti_sysbios_family_arm_m3_Hwi_doSwiRestore__I                    
00004049  ti_sysbios_family_arm_m3_Hwi_doTaskRestore__I                   
00002e11  ti_sysbios_family_arm_m3_Hwi_enableInterrupt__E                 
00003749  ti_sysbios_family_arm_m3_Hwi_excHandlerAsm__I                   
00004414  ti_sysbios_family_arm_m3_Hwi_excHandlerFunc__C                  
00003aa9  ti_sysbios_family_arm_m3_Hwi_excHandler__I                      
00002ee9  ti_sysbios_family_arm_m3_Hwi_getStackInfo__E                    
00001ca9  ti_sysbios_family_arm_m3_Hwi_initNVIC__E                        
00002959  ti_sysbios_family_arm_m3_Hwi_initStacks__E                      
0000130d  ti_sysbios_family_arm_m3_Hwi_interruptsAreDisabledButShouldNotBe
00004418  ti_sysbios_family_arm_m3_Hwi_nullIsrFunc__C                     
e000e000  ti_sysbios_family_arm_m3_Hwi_nvic                               
000037c1  ti_sysbios_family_arm_m3_Hwi_pendSV__I                          
00002119  ti_sysbios_family_arm_m3_Hwi_postInit__I                        
0000441c  ti_sysbios_family_arm_m3_Hwi_priGroup__C                        
20000000  ti_sysbios_family_arm_m3_Hwi_ramVectors                         
00000000  ti_sysbios_family_arm_m3_Hwi_resetVectors                       
000037e5  ti_sysbios_family_arm_m3_Hwi_return                             
00004041  ti_sysbios_family_arm_m3_Hwi_startup__E                         
00004420  ti_sysbios_family_arm_m3_Hwi_swiDisable__C                      
00004424  ti_sysbios_family_arm_m3_Hwi_swiRestore__C                      
00003d09  ti_sysbios_family_arm_m3_Hwi_switchFromBootStack__E             
000018e3  ti_sysbios_family_arm_m3_TaskSupport_Module__startupDone__S     
00001e69  ti_sysbios_family_arm_m3_TaskSupport_buildTaskStack             
00003fa1  ti_sysbios_family_arm_m3_TaskSupport_getStackAlignment__E       
00003e41  ti_sysbios_family_arm_m3_TaskSupport_glue                       
00004428  ti_sysbios_family_arm_m3_TaskSupport_stackAlignment__C          
00003281  ti_sysbios_family_arm_m3_TaskSupport_start__E                   
00003c0d  ti_sysbios_family_arm_m3_TaskSupport_swap__E                    
200086ac  ti_sysbios_family_arm_msp432_ClockFreqs_Module__state__V        
000038a1  ti_sysbios_family_arm_msp432_ClockFreqs_setFrequency__E         
000030f9  ti_sysbios_family_arm_msp432_Seconds_Module_startup__E          
20008610  ti_sysbios_family_arm_msp432_Timer_Module_State_0_device__A     
2000869c  ti_sysbios_family_arm_msp432_Timer_Module_State_0_handles__A    
00003c25  ti_sysbios_family_arm_msp432_Timer_Module__startupDone__F       
00003c25  ti_sysbios_family_arm_msp432_Timer_Module__startupDone__S       
200086b8  ti_sysbios_family_arm_msp432_Timer_Module__state__V             
00002ff9  ti_sysbios_family_arm_msp432_Timer_Module_startup__E            
200084a8  ti_sysbios_family_arm_msp432_Timer_Object__table__V             
00003fb1  ti_sysbios_family_arm_msp432_Timer_getMaxTicks__E               
00002a59  ti_sysbios_family_arm_msp432_Timer_initDevice__I                
0000442c  ti_sysbios_family_arm_msp432_Timer_numTimerDevices__C           
000018e9  ti_sysbios_family_arm_msp432_Timer_periodicStub__E              
00002be9  ti_sysbios_family_arm_msp432_Timer_postInit__I                  
00002c39  ti_sysbios_family_arm_msp432_Timer_start__E                     
00004430  ti_sysbios_family_arm_msp432_Timer_startupNeeded__C             
00003039  ti_sysbios_family_arm_msp432_Timer_startup__E                   
000044c4  ti_sysbios_family_arm_msp432_init_Boot_bypassHFXT__C            
000044c6  ti_sysbios_family_arm_msp432_init_Boot_bypassLFXT__C            
00001051  ti_sysbios_family_arm_msp432_init_Boot_configureClocksHigh      
00003e51  ti_sysbios_family_arm_msp432_init_Boot_disableWatchdog          
000044c8  ti_sysbios_family_arm_msp432_init_Boot_enableHFXT__C            
000044ca  ti_sysbios_family_arm_msp432_init_Boot_enableLFXT__C            
00003b7d  ti_sysbios_family_arm_msp432_init_Boot_init__I                  
00003a69  ti_sysbios_family_xxx_Hwi_switchAndRunFunc                      
000035a5  ti_sysbios_gates_GateHwi_Handle__label__S                       
00004099  ti_sysbios_gates_GateHwi_Instance_init__E                       
000041c0  ti_sysbios_gates_GateHwi_Module__FXNS__C                        
200086d4  ti_sysbios_gates_GateHwi_Module__root__V                        
00004294  ti_sysbios_gates_GateHwi_Object__DESC__C                        
00004354  ti_sysbios_gates_GateHwi_Object__PARAMS__C                      
000032b1  ti_sysbios_gates_GateHwi_Object__create__S                      
000039c5  ti_sysbios_gates_GateHwi_Object__delete__S                      
20008728  ti_sysbios_gates_GateHwi_Object__table__V                       
00003fc1  ti_sysbios_gates_GateHwi_enter__E                               
00004051  ti_sysbios_gates_GateHwi_leave__E                               
00004079  ti_sysbios_gates_GateHwi_query__E                               
000035d1  ti_sysbios_gates_GateMutex_Handle__label__S                     
00004434  ti_sysbios_gates_GateMutex_Instance_State_sem__O                
00003e61  ti_sysbios_gates_GateMutex_Instance_finalize__E                 
00003ac9  ti_sysbios_gates_GateMutex_Instance_init__E                     
000041e4  ti_sysbios_gates_GateMutex_Module__FXNS__C                      
200086dc  ti_sysbios_gates_GateMutex_Module__root__V                      
000042b4  ti_sysbios_gates_GateMutex_Object__DESC__C                      
0000436c  ti_sysbios_gates_GateMutex_Object__PARAMS__C                    
000032e1  ti_sysbios_gates_GateMutex_Object__create__S                    
000038c5  ti_sysbios_gates_GateMutex_Object__delete__S                    
20008408  ti_sysbios_gates_GateMutex_Object__table__V                     
00003311  ti_sysbios_gates_GateMutex_enter__E                             
00003c41  ti_sysbios_gates_GateMutex_leave__E                             
00004081  ti_sysbios_gates_GateMutex_query__E                             
00003bf5  ti_sysbios_hal_Hwi_HwiProxy_Module__startupDone__S              
00003f95  ti_sysbios_hal_Hwi_HwiProxy_Params__init__S                     
00002dc9  ti_sysbios_hal_Hwi_HwiProxy_disableInterrupt__E                 
00002e11  ti_sysbios_hal_Hwi_HwiProxy_enableInterrupt__E                  
00002ee9  ti_sysbios_hal_Hwi_HwiProxy_getStackInfo__E                     
00004041  ti_sysbios_hal_Hwi_HwiProxy_startup__E                          
00003d09  ti_sysbios_hal_Hwi_HwiProxy_switchFromBootStack__E              
00003d79  ti_sysbios_hal_Hwi_Module_startup__E                            
00002dc9  ti_sysbios_hal_Hwi_disableInterrupt__E                          
00002e11  ti_sysbios_hal_Hwi_enableInterrupt__E                           
00002ee9  ti_sysbios_hal_Hwi_getStackInfo__E                              
000031e9  ti_sysbios_hal_Hwi_initStack                                    
00004041  ti_sysbios_hal_Hwi_startup__E                                   
00003d09  ti_sysbios_hal_Hwi_switchFromBootStack__E                       
00004438  ti_sysbios_heaps_HeapMem_E_memory__C                            
000035fd  ti_sysbios_heaps_HeapMem_Handle__label__S                       
00003079  ti_sysbios_heaps_HeapMem_Instance_init__E                       
000035d1  ti_sysbios_heaps_HeapMem_Module_GateProxy_Handle__label__S      
00001c0d  ti_sysbios_heaps_HeapMem_Module_GateProxy_enter__E              
00001ca5  ti_sysbios_heaps_HeapMem_Module_GateProxy_leave__E              
00004081  ti_sysbios_heaps_HeapMem_Module_GateProxy_query__E              
00004198  ti_sysbios_heaps_HeapMem_Module__FXNS__C                        
0000443c  ti_sysbios_heaps_HeapMem_Module__gateObj__C                     
000044cc  ti_sysbios_heaps_HeapMem_Module__id__C                          
200086e4  ti_sysbios_heaps_HeapMem_Module__root__V                        
000042d4  ti_sysbios_heaps_HeapMem_Object__DESC__C                        
00004208  ti_sysbios_heaps_HeapMem_Object__PARAMS__C                      
00004440  ti_sysbios_heaps_HeapMem_Object__count__C                       
00003341  ti_sysbios_heaps_HeapMem_Object__create__S                      
000039e5  ti_sysbios_heaps_HeapMem_Object__delete__S                      
00003d1d  ti_sysbios_heaps_HeapMem_Object__get__S                         
20008684  ti_sysbios_heaps_HeapMem_Object__table__V                       
000016b1  ti_sysbios_heaps_HeapMem_alloc__E                               
000021a1  ti_sysbios_heaps_HeapMem_free__E                                
00002c89  ti_sysbios_heaps_HeapMem_getStats__E                            
00002329  ti_sysbios_heaps_HeapMem_initPrimary__I                         
00004059  ti_sysbios_heaps_HeapMem_isBlocking__E                          
00004444  ti_sysbios_heaps_HeapMem_primaryHeapBaseAddr__C                 
00004448  ti_sysbios_heaps_HeapMem_primaryHeapEndAddr__C                  
0000444c  ti_sysbios_heaps_HeapMem_reqAlign__C                            
00004450  ti_sysbios_knl_Clock_Module_State_clockQ__O                     
200085c0  ti_sysbios_knl_Clock_Module__state__V                           
000038e9  ti_sysbios_knl_Clock_Module_startup__E                          
00003c25  ti_sysbios_knl_Clock_TimerProxy_Module__startupDone__S          
00001d3d  ti_sysbios_knl_Clock_TimerProxy_getMaxTicks__E                  
00003039  ti_sysbios_knl_Clock_TimerProxy_startup__E                      
00003771  ti_sysbios_knl_Clock_addI__E                                    
00003629  ti_sysbios_knl_Clock_doTick__I                                  
000040a1  ti_sysbios_knl_Clock_logTick__E                                 
00002229  ti_sysbios_knl_Clock_workFunc__E                                
000043d4  ti_sysbios_knl_Idle_funcList__A                                 
000043dc  ti_sysbios_knl_Idle_funcList__C                                 
00003f21  ti_sysbios_knl_Idle_loop__E                                     
00003a09  ti_sysbios_knl_Idle_run__E                                      
00004454  ti_sysbios_knl_Mailbox_Instance_State_freeQue__O                
00002e59  ti_sysbios_knl_Mailbox_Module_startup__E                        
00004458  ti_sysbios_knl_Mailbox_Object__count__C                         
00003e71  ti_sysbios_knl_Mailbox_Object__get__S                           
0000445c  ti_sysbios_knl_Mailbox_maxTypeAlign__C                          
00003371  ti_sysbios_knl_Mailbox_postInit__I                              
00004061  ti_sysbios_knl_Queue_Instance_init__E                           
200086ec  ti_sysbios_knl_Queue_Module__root__V                            
000042f4  ti_sysbios_knl_Queue_Object__DESC__C                            
00004384  ti_sysbios_knl_Queue_Object__PARAMS__C                          
00003fcd  ti_sysbios_knl_Queue_Object__get__S                             
00003655  ti_sysbios_knl_Queue_construct                                  
00003ae5  ti_sysbios_knl_Queue_destruct                                   
00003f31  ti_sysbios_knl_Queue_empty__E                                   
00003b01  ti_sysbios_knl_Queue_put__E                                     
00004460  ti_sysbios_knl_Semaphore_Instance_State_pendQ__O                
00003e81  ti_sysbios_knl_Semaphore_Instance_finalize__E                   
00003911  ti_sysbios_knl_Semaphore_Instance_init__E                       
200086f4  ti_sysbios_knl_Semaphore_Module__root__V                        
00004314  ti_sysbios_knl_Semaphore_Object__DESC__C                        
0000422c  ti_sysbios_knl_Semaphore_Object__PARAMS__C                      
00003fd9  ti_sysbios_knl_Semaphore_Params__init__S                        
000033a1  ti_sysbios_knl_Semaphore_construct                              
00003a29  ti_sysbios_knl_Semaphore_destruct                               
000033d1  ti_sysbios_knl_Semaphore_pendTimeout__I                         
00000b01  ti_sysbios_knl_Semaphore_pend__E                                
00002611  ti_sysbios_knl_Semaphore_post__E                                
20008308  ti_sysbios_knl_Swi_Module_State_0_readyQ__A                     
20008650  ti_sysbios_knl_Swi_Module__state__V                             
00003799  ti_sysbios_knl_Swi_Module_startup__E                            
00004464  ti_sysbios_knl_Swi_Object__count__C                             
00003d31  ti_sysbios_knl_Swi_Object__get__S                               
20008564  ti_sysbios_knl_Swi_Object__table__V                             
00003e91  ti_sysbios_knl_Swi_disable__E                                   
00002f31  ti_sysbios_knl_Swi_post__E                                      
00002399  ti_sysbios_knl_Swi_restoreHwi__E                                
00003139  ti_sysbios_knl_Swi_restore__E                                   
00002cd9  ti_sysbios_knl_Swi_runLoop__I                                   
00002671  ti_sysbios_knl_Swi_run__I                                       
00002731  ti_sysbios_knl_Swi_schedule__I                                  
00004069  ti_sysbios_knl_Swi_startup__E                                   
[...]
00003a69  ti_sysbios_family_xxx_Hwi_switchAndRunFunc                      
00003a87  __TI_zero_init_nomemset                                         
00003aa9  ti_sysbios_family_arm_m3_Hwi_excHandler__I                      
00003ac9  ti_sysbios_gates_GateMutex_Instance_init__E                     
00003ae5  ti_sysbios_knl_Queue_destruct                                   
00003b01  ti_sysbios_knl_Queue_put__E                                     
00003b21  ti_sysbios_knl_Task_enter__I                                    
00003b41  xdc_runtime_Memory_valloc__E                                    
00003b61  xdc_runtime_System_abort__E                                     
00003b7d  ti_sysbios_family_arm_msp432_init_Boot_init__I                  
00003b7d  xdc_runtime_Startup_reset__I                                    
00003b95  SysCtl_A_disableNMISource                                       
00003bad  SysCtl_A_enableNMISource                                        
00003bc5  _args_main                                                      
00003bdd  ti_sysbios_BIOS_rtsUnlock__I                                    
00003bf5  ti_sysbios_family_arm_m3_Hwi_Module__startupDone__F             
00003bf5  ti_sysbios_family_arm_m3_Hwi_Module__startupDone__S             
00003bf5  ti_sysbios_hal_Hwi_HwiProxy_Module__startupDone__S              
00003c0d  ti_sysbios_family_arm_m3_TaskSupport_swap__E                    
00003c0d  ti_sysbios_knl_Task_SupportProxy_swap__E                        
00003c19  ti_sysbios_knl_Task_swapReturn                                  
00003c25  ti_sysbios_family_arm_msp432_Timer_Module__startupDone__F       
00003c25  ti_sysbios_family_arm_msp432_Timer_Module__startupDone__S       
00003c25  ti_sysbios_knl_Clock_TimerProxy_Module__startupDone__S          
00003c41  ti_sysbios_gates_GateMutex_leave__E                             
00003c59  xdc_runtime_Error_init__E                                       
00003c71  xdc_runtime_System_exit__E                                      
00003c89  ti_sysbios_BIOS_exitFunc__I                                     
00003ca1  ti_sysbios_knl_Task_unblock__E                                  
00003cb9  PCM_getPowerState                                               
00003ccd  Power_idleFunc                                                  
00003ce1  pthread_attr_setschedparam                                      
00003cf5  ti_sysbios_family_arm_m3_Hwi_Object__get__S                     
00003d09  ti_sysbios_family_arm_m3_Hwi_switchFromBootStack__E             
00003d09  ti_sysbios_hal_Hwi_HwiProxy_switchFromBootStack__E              
00003d09  ti_sysbios_hal_Hwi_switchFromBootStack__E                       
00003d1d  ti_sysbios_heaps_HeapMem_Object__get__S                         
00003d31  ti_sysbios_knl_Swi_Object__get__S                               
00003d49  _pthread_cleanup_pop                                            
00003d79  ti_sysbios_hal_Hwi_Module_startup__E                            
00003d8b  xdc_runtime_Startup_exec__I                                     
00003d9d  HwiP_Params_init                                                
00003dad  PCM_gotoLPM4                                                    
00003dbd  PCM_setPowerMode                                                
00003dcd  PCM_setPowerState                                               
00003ddd  SysCtl_A_getNMISourceStatus                                     
00003ded  SysCtl_getNMISourceStatus                                       
00003e01  ti_sysbios_BIOS_exit__E                                         
00003e11  ti_sysbios_BIOS_setCpuFreq__E                                   
00003e21  ti_sysbios_BIOS_setThreadType__E                                
00003e31  ti_sysbios_BIOS_start__E                                        
00003e41  ti_sysbios_family_arm_m3_TaskSupport_glue                       
00003e51  ti_sysbios_family_arm_msp432_init_Boot_disableWatchdog          
00003e61  ti_sysbios_gates_GateMutex_Instance_finalize__E                 
00003e71  ti_sysbios_knl_Mailbox_Object__get__S                           
00003e81  ti_sysbios_knl_Semaphore_Instance_finalize__E                   
00003e91  ti_sysbios_knl_Swi_disable__E                                   
00003ea1  ti_sysbios_knl_Task_Object__get__S                              
00003eb1  ti_sysbios_knl_Task_disable__E                                  
00003ec1  xdc_runtime_Gate_leaveSystem__E                                 
00003ed1  xdc_runtime_Memory_free__E                                      
00003ee1  xdc_runtime_SysCallback_abort__E                                
00003ee1  xdc_runtime_System_SupportProxy_abort__E                        
00003ef1  xdc_runtime_SysCallback_exit__E                                 
00003ef1  xdc_runtime_System_SupportProxy_exit__E                         
00003f01  __TI_decompress_none                                            
00003f11  pthread_attr_setdetachstate                                     
00003f21  ti_sysbios_knl_Idle_loop__E                                     
00003f31  ti_sysbios_knl_Queue_empty__E                                   
00003f3f  Board_init                                                      
00003f4b  CPU_cpsid                                                       
00003f57  CPU_cpsie                                                       
00003f65  Power_getConstraintMask                                         
00003f71  _register_lock                                                  
00003f7d  _register_unlock                                                
00003f89  pthread_self                                                    
00003f95  ti_sysbios_family_arm_m3_Hwi_Params__init__S                    
00003f95  ti_sysbios_hal_Hwi_HwiProxy_Params__init__S                     
00003fa1  ti_sysbios_family_arm_m3_TaskSupport_getStackAlignment__E       
00003fa1  ti_sysbios_knl_Task_SupportProxy_getStackAlignment__E           
00003fb1  ti_sysbios_family_arm_msp432_Timer_getMaxTicks__E               
00003fc1  ti_sysbios_gates_GateHwi_enter__E                               
00003fcd  ti_sysbios_knl_Queue_Object__get__S                             
00003fd9  ti_sysbios_knl_Semaphore_Params__init__S                        
00003fe5  ti_sysbios_knl_Task_Params__init__S                             
00003ff1  ti_sysbios_rts_ti_ReentSupport_taskRegHook__I                   
00004001  xdc_runtime_Gate_enterSystem__E                                 
00004011  xdc_runtime_Startup_rtsDone__E                                  
0000401d  xdc_runtime_Memory_HeapProxy_alloc__E                           
00004027  xdc_runtime_Memory_HeapProxy_free__E                            
00004031  pthread_attr_setstacksize                                       
00004039  ti_sysbios_family_arm_m3_Hwi_doSwiRestore__I                    
00004041  ti_sysbios_family_arm_m3_Hwi_startup__E                         
00004041  ti_sysbios_hal_Hwi_HwiProxy_startup__E                          
00004041  ti_sysbios_hal_Hwi_startup__E                                   
00004049  ti_sysbios_family_arm_m3_Hwi_doTaskRestore__I                   
00004051  ti_sysbios_gates_GateHwi_leave__E                               
00004059  ti_sysbios_heaps_HeapMem_isBlocking__E                          
00004061  ti_sysbios_knl_Queue_Instance_init__E                           
00004069  ti_sysbios_knl_Swi_startup__E                                   
00004071  xdc_runtime_System_Module_startup__E                            
00004079  ti_sysbios_gates_GateHwi_query__E                               
00004079  xdc_runtime_Main_Module_GateProxy_query__E                      
00004079  xdc_runtime_System_Module_GateProxy_query__E                    
00004081  ti_sysbios_BIOS_RtsGateProxy_query__E                           
00004081  ti_sysbios_gates_GateMutex_query__E                             
00004081  ti_sysbios_heaps_HeapMem_Module_GateProxy_query__E              
00004089  ti_sysbios_knl_Task_startup__E                                  
00004091  ti_sysbios_BIOS_linkedWithIncorrectBootLibrary__E               
00004099  ti_sysbios_gates_GateHwi_Instance_init__E                       
000040a1  ti_sysbios_knl_Clock_logTick__E                                 
000040a9  xdc_runtime_SysCallback_defaultAbort                            
000040b1  xdc_runtime_SysCallback_defaultExit                             
000040b9  xdc_runtime_System_abortSpin__E                                 
000040c1  xdc_runtime_System_exitSpin__E                                  
000040c4  ti_sysbios_knl_Task_Object__PARAMS__C                           
00004100  PowerMSP432_config                                              
00004168  ti_sysbios_family_arm_m3_Hwi_Object__PARAMS__C                  
00004198  ti_sysbios_heaps_HeapMem_Module__FXNS__C                        
000041c0  ti_sysbios_gates_GateHwi_Module__FXNS__C                        
000041e4  ti_sysbios_gates_GateMutex_Module__FXNS__C                      
00004208  ti_sysbios_heaps_HeapMem_Object__PARAMS__C                      
0000422c  ti_sysbios_knl_Semaphore_Object__PARAMS__C                      
00004250  xdc_runtime_Startup_sfxnTab__A                                  
00004274  ti_sysbios_family_arm_m3_Hwi_Object__DESC__C                    
00004294  ti_sysbios_gates_GateHwi_Object__DESC__C                        
000042b4  ti_sysbios_gates_GateMutex_Object__DESC__C                      
000042d4  ti_sysbios_heaps_HeapMem_Object__DESC__C                        
000042f4  ti_sysbios_knl_Queue_Object__DESC__C                            
00004314  ti_sysbios_knl_Semaphore_Object__DESC__C                        
00004334  ti_sysbios_knl_Task_Object__DESC__C                             
00004354  ti_sysbios_gates_GateHwi_Object__PARAMS__C                      
0000436c  ti_sysbios_gates_GateMutex_Object__PARAMS__C                    
00004384  ti_sysbios_knl_Queue_Object__PARAMS__C                          
0000439c  ti_sysbios_knl_Task_hooks__A                                    
000043b4  xdc_runtime_Startup_sfxnRts__A                                  
000043c6  ti_sysbios_family_arm_m3_Hwi_Module__id__C                      
000043c8  xdc_runtime_Startup_firstFxns__A                                
000043d4  ti_sysbios_knl_Idle_funcList__A                                 
000043dc  ti_sysbios_knl_Idle_funcList__C                                 
000043e4  ti_sysbios_knl_Task_hooks__C                                    
000043ec  xdc_runtime_Startup_firstFxns__C                                
000043f4  xdc_runtime_Startup_lastFxns__C                                 
000043fc  p1_in                                                           
00004400  ti_sysbios_family_arm_m3_Hwi_E_alreadyDefined__C                
00004404  ti_sysbios_family_arm_m3_Hwi_E_badIntNum__C                     
00004408  ti_sysbios_family_arm_m3_Hwi_NUM_INTERRUPTS__C                  
0000440c  ti_sysbios_family_arm_m3_Hwi_Object__count__C                   
00004410  ti_sysbios_family_arm_m3_Hwi_ccr__C                             
00004414  ti_sysbios_family_arm_m3_Hwi_excHandlerFunc__C                  
00004418  ti_sysbios_family_arm_m3_Hwi_nullIsrFunc__C                     
0000441c  ti_sysbios_family_arm_m3_Hwi_priGroup__C                        
00004420  ti_sysbios_family_arm_m3_Hwi_swiDisable__C                      
00004424  ti_sysbios_family_arm_m3_Hwi_swiRestore__C                      
00004428  ti_sysbios_family_arm_m3_TaskSupport_stackAlignment__C          
0000442c  ti_sysbios_family_arm_msp432_Timer_numTimerDevices__C           
00004430  ti_sysbios_family_arm_msp432_Timer_startupNeeded__C             
00004434  ti_sysbios_gates_GateMutex_Instance_State_sem__O                
00004438  ti_sysbios_heaps_HeapMem_E_memory__C                            
0000443c  ti_sysbios_heaps_HeapMem_Module__gateObj__C                     
00004440  ti_sysbios_heaps_HeapMem_Object__count__C                       
00004444  ti_sysbios_heaps_HeapMem_primaryHeapBaseAddr__C                 
00004448  ti_sysbios_heaps_HeapMem_primaryHeapEndAddr__C                  
0000444c  ti_sysbios_heaps_HeapMem_reqAlign__C                            
00004450  ti_sysbios_knl_Clock_Module_State_clockQ__O                     
00004454  ti_sysbios_knl_Mailbox_Instance_State_freeQue__O                
00004458  ti_sysbios_knl_Mailbox_Object__count__C                         
0000445c  ti_sysbios_knl_Mailbox_maxTypeAlign__C                          
00004460  ti_sysbios_knl_Semaphore_Instance_State_pendQ__O                
00004464  ti_sysbios_knl_Swi_Object__count__C                             
00004468  ti_sysbios_knl_Task_Module_State_inactiveQ__O                   
0000446c  ti_sysbios_knl_Task_Object__count__C                            
00004470  ti_sysbios_knl_Task_Object__heap__C                             
00004474  ti_sysbios_knl_Task_allBlockedFunc__C                           
00004478  ti_sysbios_knl_Task_defaultStackHeap__C                         
0000447c  ti_sysbios_knl_Task_defaultStackSize__C                         
00004480  ti_sysbios_knl_Task_numConstructedTasks__C                      
00004484  xdc_runtime_Error_E_memory__C                                   
00004488  xdc_runtime_Error_policyFxn__C                                  
0000448c  xdc_runtime_IGateProvider_Interface__BASE__C                    
00004490  xdc_runtime_IHeap_Interface__BASE__C                            
00004494  xdc_runtime_IModule_Interface__BASE__C                          
00004498  xdc_runtime_Memory_defaultHeapInstance__C                       
0000449c  xdc_runtime_Startup_execImpl__C                                 
000044a0  xdc_runtime_Startup_maxPasses__C                                
000044a4  xdc_runtime_Startup_sfxnRts__C                                  
000044a8  xdc_runtime_Startup_sfxnTab__C                                  
000044ac  xdc_runtime_SysCallback_abortFxn__C                             
000044b0  xdc_runtime_SysCallback_exitFxn__C                              
000044b4  xdc_runtime_System_Module__gateObj__C                           
000044b8  xdc_runtime_System_abortFxn__C                                  
000044bc  xdc_runtime_System_exitFxn__C                                   
000044c0  xdc_runtime_System_maxAtexitHandlers__C                         
000044c4  ti_sysbios_family_arm_msp432_init_Boot_bypassHFXT__C            
000044c6  ti_sysbios_family_arm_msp432_init_Boot_bypassLFXT__C            
000044c8  ti_sysbios_family_arm_msp432_init_Boot_enableHFXT__C            
000044ca  ti_sysbios_family_arm_msp432_init_Boot_enableLFXT__C            
000044cc  ti_sysbios_heaps_HeapMem_Module__id__C                          
000044ce  xdc_runtime_Memory_Module__id__C                                
000044d0  xdc_runtime_Error_policy__C                                     
000044d8  __TI_static_base__                                              
000046e0  __TI_Handler_Table_Base                                         
000046ec  __TI_Handler_Table_Limit                                        
000046f8  __TI_CINIT_Base                                                 
00004708  __TI_CINIT_Limit                                                
00008000  HEAPSIZE                                                        
20000000  __start___llvm_prf_cnts                                         
20000000  __stop___llvm_prf_cnts                                          
20000000  ti_sysbios_family_arm_m3_Hwi_ramVectors                         
20000140  __primary_heap_start__                                          
20008140  PowerMSP432_perfLevels                                          
20008140  __primary_heap_end__                                            
20008308  ti_sysbios_knl_Swi_Module_State_0_readyQ__A                     
20008388  ti_sysbios_knl_Task_Module_State_0_readyQ__A                    
20008408  ti_sysbios_gates_GateMutex_Object__table__V                     
2000845c  ti_sysbios_knl_Task_Object__table__V                            
200084a8  ti_sysbios_family_arm_msp432_Timer_Object__table__V             
200084ec  ti_sysbios_knl_Task_Module__state__V                            
20008530  ti_sysbios_family_arm_m3_Hwi_Module__state__V                   
20008564  ti_sysbios_knl_Swi_Object__table__V                             
20008594  PowerMSP432_module                                              
200085c0  ti_sysbios_knl_Clock_Module__state__V                           
200085ec  ti_sysbios_BIOS_Module__state__V                                
20008610  ti_sysbios_family_arm_msp432_Timer_Module_State_0_device__A     
20008630  xdc_runtime_Error_IgnoreBlock                                   
20008650  ti_sysbios_knl_Swi_Module__state__V                             
2000866c  ti_sysbios_family_arm_m3_Hwi_Object__table__V                   
20008684  ti_sysbios_heaps_HeapMem_Object__table__V                       
2000869c  ti_sysbios_family_arm_msp432_Timer_Module_State_0_handles__A    
200086ac  ti_sysbios_family_arm_msp432_ClockFreqs_Module__state__V        
200086b8  ti_sysbios_family_arm_msp432_Timer_Module__state__V             
200086c4  _lock                                                           
200086c8  _unlock                                                         
200086cc  ti_sysbios_family_arm_m3_Hwi_Module__root__V                    
200086d4  ti_sysbios_gates_GateHwi_Module__root__V                        
200086dc  ti_sysbios_gates_GateMutex_Module__root__V                      
200086e4  ti_sysbios_heaps_HeapMem_Module__root__V                        
200086ec  ti_sysbios_knl_Queue_Module__root__V                            
200086f4  ti_sysbios_knl_Semaphore_Module__root__V                        
200086fc  ti_sysbios_knl_Task_Module__root__V                             
20008704  xdc_runtime_Startup_Module__state__V                            
2000870c  xdc_runtime_System_Module_State_0_atexitHandlers__A             
20008714  xdc_runtime_System_Module__state__V                             
2000871c  main_func_sp                                                    
20008720  ti_sysbios_family_arm_m3_Hwi_Module_State_0_excContext__A       
20008724  ti_sysbios_family_arm_m3_Hwi_Module_State_0_excStack__A         
20008728  ti_sysbios_gates_GateHwi_Object__table__V                       
2000872c  ti_sysbios_knl_Task_Module_State_0_idleTask__A                  
20008730  ti_sysbios_rts_ti_ReentSupport_Module__state__V                 
20008734  xdc_runtime_Memory_Module__state__V                             
20008738  ti_sysbios_family_arm_m3_Hwi_Module_State_0_excActive__A        
20008740  ti_sysbios_knl_Task_Instance_State_0_stack__A                   
20008940  ti_sysbios_family_arm_m3_Hwi_dispatchTable                      
20008a88  ti_sysbios_knl_Task_Instance_State_0_hookEnv__A                 
2000fc00  __stack                                                         
20010000  __STACK_END                                                     
4000480c  WDTCTL_SYM                                                      
e000e000  ti_sysbios_family_arm_m3_Hwi_nvic                               
ffffffff  __TI_pprof_out_hndl                                             
ffffffff  __TI_prof_data_size                                             
ffffffff  __TI_prof_data_start                                            
ffffffff  __binit__                                                       
ffffffff  __c_args__                                                      
ffffffff  binit                                                           
UNDEFED   SHT$$INIT_ARRAY$$Base                                           
UNDEFED   SHT$$INIT_ARRAY$$Limit                                          

[442 symbols]
