******************************************************************************
                  TI ARM Linker PC v20.2.7                     
******************************************************************************
>> Linked Tue Apr 23 22:11:40 2024

OUTPUT FILE NAME:   <IO_DRIVERS_tirtos_ccs.out>
ENTRY POINT SYMBOL: "_c_int00"  address: 00002979


MEMORY CONFIGURATION

         name            origin    length      used     unused   attr    fill
----------------------  --------  ---------  --------  --------  ----  --------
  MAIN                  00000000   00040000  0000479f  0003b861  R  X
  INFO                  00200000   00004000  00000000  00004000  R  X
  SRAM_CODE             01000000   00010000  00008e86  0000717a  RW X
  SRAM_DATA             20000000   00010000  00008e86  0000717a  RW  


SEGMENT ALLOCATION MAP

run origin  load origin   length   init length attrs members
----------  ----------- ---------- ----------- ----- -------
00000000    00000000    000047a8   000047a8    r-x
  00000000    00000000    0000003c   0000003c    r-- .resetVecs
  00000040    00000040    00004122   00004122    r-x .text
  00004164    00004164    00000411   00000411    r-- .const
  00004578    00004578    00000230   00000230    r-- .cinit
20000140    20000140    00008000   00000000    r--
  20000140    20000140    00008000   00000000    r-- .priheap
20008140    20008140    0000094c   00000000    rw-
  20008140    20008140    000005fa   00000000    rw- .data
  20008740    20008740    0000034c   00000000    rw- .bss
2000fc00    2000fc00    00000400   00000000    rw-
  2000fc00    2000fc00    00000400   00000000    rw- .stack


SECTION ALLOCATION MAP

 output                                  attributes/
section   page    origin      length       input sections
--------  ----  ----------  ----------   ----------------
.text      0    00000040    00004122     
                  00000040    000002f8     drivers_msp432p401x.aem4f : PowerMSP432.oem4f (.text:Power_sleep)
                  00000338    0000028a     msp432p4xx_driverlib.lib : pcm.o (.text:__PCM_setPowerStateAdvanced)
                  000005c2    00000002     ti_drivers_config.obj (.text:Board_initHook)
                  000005c4    00000288     drivers_msp432p401x.aem4f : PowerMSP432.oem4f (.text:initPerfControl)
                  0000084c    000001cc     thread.obj (.text:mainThread)
                  00000a18    0000015c     msp432p4xx_driverlib.lib : pcm.o (.text:__PCM_setPowerModeAdvanced)
                  00000b74    00000004                              : cpu.o (.text:CPU_wfi)
                  00000b78    00000130     sysbios.aem4f : BIOS.obj (.text:ti_sysbios_knl_Semaphore_pend__E)
                  00000ca8    00000108     msp432p4xx_driverlib.lib : pcm.o (.text:__PCM_setCoreVoltageLevelAdvanced)
                  00000db0    00000108     sysbios.aem4f : BIOS.obj (.text:ti_sysbios_knl_Task_postInit__I)
                  00000eb8    00000108                   : BIOS.obj (.text:xdc_runtime_Startup_startMods__I)
                  00000fc0    00000104                   : BIOS.obj (.text:ti_sysbios_knl_Task_Instance_finalize__E)
                  000010c4    00000004     release_pem4f.oem4f (.text:ti_sysbios_BIOS_RtsGateProxy_enter__E)
                  000010c8    000000f8     sysbios.aem4f : BIOS.obj (.text:ti_sysbios_family_arm_msp432_init_Boot_configureClocksHigh)
                  000011c0    000000f0                   : BIOS.obj (.text:pthread_create)
                  000012b0    000000f0                   : m3_Hwi_asm.obj (.text:ti_sysbios_family_arm_m3_Hwi_dispatch__I)
                  000013a0    000000e4     msp432p4xx_driverlib.lib : cs.o (.text:CS_startHFXTWithTimeout)
                  00001484    000000e0                              : cs.o (.text:CS_startLFXTWithTimeout)
                  00001564    00000004     release_pem4f.oem4f (.text:ti_sysbios_BIOS_RtsGateProxy_leave__E)
                  00001568    000000e0     sysbios.aem4f : BIOS.obj (.text:ti_sysbios_knl_Task_Instance_init__E)
                  00001648    000000dc     msp432p4xx_driverlib.lib : cs.o (.text:_CSGetHFXTFrequency)
                  00001724    00000004     release_pem4f.oem4f (.text:ti_sysbios_family_arm_m3_TaskSupport_Module__startupDone__S)
                  00001728    000000d0     sysbios.aem4f : BIOS.obj (.text:ti_sysbios_heaps_HeapMem_alloc__E)
                  000017f8    000000b8                   : BIOS.obj (.text:ti_sysbios_family_arm_m3_Hwi_Instance_init__E)
                  000018b0    000000aa                   : BIOS.obj (.text:xdc_runtime_Core_createObject__I)
                  0000195a    00000004     release_pem4f.oem4f (.text:ti_sysbios_heaps_HeapMem_Module_GateProxy_enter__E)
                  0000195e    00000002     dpl_msp432p401x.aem4f : PowerMSP432_tirtos.oem4f (.text:PowerMSP432_initPolicy)
                  00001960    000000a8     sysbios.aem4f : BIOS.obj (.text:ti_sysbios_family_arm_msp432_Timer_periodicStub__E)
                  00001a08    000000a4                   : BIOS.obj (.text:ti_sysbios_knl_Task_setPri__E)
                  00001aac    000000a0     auto_init.aem4f : auto_init.oem4f (.text)
                  00001b4c    0000009c     drivers_msp432p401x.aem4f : PowerMSP432.oem4f (.text:Power_init)
                  00001be8    0000009c     rtsv7M4_T_le_v4SPD16_eabi.lib : memcpy_t2.asm.obj (.text)
                  00001c84    00000004     release_pem4f.oem4f (.text:ti_sysbios_heaps_HeapMem_Module_GateProxy_leave__E)
                  00001c88    00000094     sysbios.aem4f : BIOS.obj (.text:_pthread_removeThreadKeys)
                  00001d1c    00000004     release_pem4f.oem4f (.text:ti_sysbios_knl_Clock_TimerProxy_getMaxTicks__E)
                  00001d20    00000094     sysbios.aem4f : BIOS.obj (.text:ti_sysbios_family_arm_m3_Hwi_initNVIC__E)
                  00001db4    00000004     release_pem4f.oem4f (.text:ti_sysbios_knl_Task_delete)
                  00001db8    00000094     sysbios.aem4f : BIOS.obj (.text:ti_sysbios_knl_Task_exit__E)
                  00001e4c    00000004     release_pem4f.oem4f (.text:xdc_runtime_System_Module_GateProxy_enter__E)
                  00001e50    00000090     sysbios.aem4f : BIOS.obj (.text:ti_sysbios_knl_Task_Module_startup__E)
                  00001ee0    0000008c                   : m3_TaskSupport_asm.obj (.text:ti_sysbios_family_arm_m3_TaskSupport_buildTaskStack)
                  00001f6c    00000004     release_pem4f.oem4f (.text:xdc_runtime_System_Module_GateProxy_leave__E)
                  00001f70    0000008c     sysbios.aem4f : BIOS.obj (.text:xdc_runtime_Memory_alloc__E)
                  00001ffc    00000002     rtsv7M4_T_le_v4SPD16_eabi.lib : _lock.c.obj (.text:_nop)
                  00001ffe    00000002     release_pem4f.oem4f (.text:ti_sysbios_BIOS_nullFunc__I)
                  00002000    00000086     sysbios.aem4f : BIOS.obj (.text:xdc_runtime_Core_constructObject__I)
                  00002086    00000002     --HOLE-- [fill = 0]
                  00002088    00000084     msp432p4xx_driverlib.lib : pcm.o (.text:PCM_gotoLPM3)
                  0000210c    00000084     drivers_msp432p401x.aem4f : PowerMSP432.oem4f (.text:restartHFXT)
                  00002190    00000084     sysbios.aem4f : BIOS.obj (.text:ti_sysbios_family_arm_m3_Hwi_postInit__I)
                  00002214    00000004     --HOLE-- [fill = 0]
                  00002218    00000084                   : BIOS.obj (.text:ti_sysbios_heaps_HeapMem_free__E)
                  0000229c    00000004     --HOLE-- [fill = 0]
                  000022a0    00000080                   : BIOS.obj (.text:ti_sysbios_knl_Clock_workFunc__E)
                  00002320    0000007a     rtsv7M4_T_le_v4SPD16_eabi.lib : memset_t2.asm.obj (.text)
                  0000239a    00000006     --HOLE-- [fill = 0]
                  000023a0    00000070     sysbios.aem4f : BIOS.obj (.text:ti_sysbios_heaps_HeapMem_initPrimary__I)
                  00002410    0000006c                   : BIOS.obj (.text:ti_sysbios_knl_Swi_restoreHwi__E)
                  0000247c    00000068     rtsv7M4_T_le_v4SPD16_eabi.lib : copy_decompress_lzss.c.obj (.text:decompress:lzss:__TI_decompress_lzss)
                  000024e4    00000004     --HOLE-- [fill = 0]
                  000024e8    00000066     sysbios.aem4f : BIOS.obj (.text:xdc_runtime_Core_deleteObject__I)
                  0000254e    00000002     --HOLE-- [fill = 0]
                  00002550    00000064     main_tirtos.obj (.text:main)
                  000025b4    00000004     --HOLE-- [fill = 0]
                  000025b8    00000064     sysbios.aem4f : BIOS.obj (.text:pthread_exit)
                  0000261c    00000004     --HOLE-- [fill = 0]
                  00002620    00000064                   : BIOS.obj (.text:ti_sysbios_family_arm_m3_Hwi_dispatchC__I)
                  00002684    00000004     --HOLE-- [fill = 0]
                  00002688    00000060                   : BIOS.obj (.text:ti_sysbios_knl_Semaphore_post__E)
                  000026e8    00000060                   : BIOS.obj (.text:ti_sysbios_knl_Swi_run__I)
                  00002748    0000005e     msp432p4xx_driverlib.lib : pcm.o (.text:PCM_getCoreVoltageLevel)
                  000027a6    00000002     --HOLE-- [fill = 0]
                  000027a8    0000005c     sysbios.aem4f : BIOS.obj (.text:ti_sysbios_knl_Swi_schedule__I)
                  00002804    00000004     --HOLE-- [fill = 0]
                  00002808    0000005c                   : BIOS.obj (.text:ti_sysbios_knl_Task_startCore__E)
                  00002864    00000004     --HOLE-- [fill = 0]
                  00002868    0000005c                   : BIOS.obj (.text:xdc_runtime_Startup_exec__E)
                  000028c4    0000005a     msp432p4xx_driverlib.lib : pcm.o (.text:PCM_getPowerMode)
                  0000291e    00000002     --HOLE-- [fill = 0]
                  00002920    00000058     GPIO_MSP432.obj (.text:GPIO_setPinEntradaconPullUp)
                  00002978    00000058     boot.aem4f : boot.oem4f (.text)
                  000029d0    00000058     sysbios.aem4f : m3_Hwi_asm_switch.obj (.text:ti_sysbios_family_arm_m3_Hwi_initStacks__E)
                  00002a28    00000054     msp432p4xx_driverlib.lib : pcm.o (.text:PCM_shutdownDevice)
                  00002a7c    00000054     release_pem4f.oem4f (.text:ti_sysbios_family_arm_m3_Hwi_create)
                  00002ad0    00000054     sysbios.aem4f : BIOS.obj (.text:ti_sysbios_family_arm_msp432_Timer_initDevice__I)
                  00002b24    00000004     --HOLE-- [fill = 0]
                  00002b28    00000050                   : BIOS.obj (.text:ti_sysbios_family_arm_m3_Hwi_Module_startup__E)
                  00002b78    00000050     release_pem4f.oem4f (.text:ti_sysbios_knl_Task_create)
                  00002bc8    0000004c     dpl_msp432p401x.aem4f : PowerMSP432_tirtos.oem4f (.text:PowerMSP432_sleepPolicy)
                  00002c14    0000004c     rtsv7M4_T_le_v4SPD16_eabi.lib : cpy_tbl.c.obj (.text:copy_in)
                  00002c60    0000004c     sysbios.aem4f : BIOS.obj (.text:ti_sysbios_family_arm_msp432_Timer_postInit__I)
                  00002cac    00000004     --HOLE-- [fill = 0]
                  00002cb0    0000004c                   : BIOS.obj (.text:ti_sysbios_family_arm_msp432_Timer_start__E)
                  00002cfc    00000004     --HOLE-- [fill = 0]
                  00002d00    0000004c                   : BIOS.obj (.text:ti_sysbios_heaps_HeapMem_getStats__E)
                  00002d4c    00000004     --HOLE-- [fill = 0]
                  00002d50    0000004c                   : BIOS.obj (.text:ti_sysbios_knl_Swi_runLoop__I)
                  00002d9c    00000004     --HOLE-- [fill = 0]
                  00002da0    0000004c                   : BIOS.obj (.text:ti_sysbios_knl_Task_allBlockedFunction__I)
                  00002dec    00000004     --HOLE-- [fill = 0]
                  00002df0    0000004c                   : BIOS.obj (.text:ti_sysbios_knl_Task_schedule__I)
                  00002e3c    00000004     --HOLE-- [fill = 0]
                  00002e40    00000048                   : BIOS.obj (.text:ti_sysbios_family_arm_m3_Hwi_disableInterrupt__E)
                  00002e88    00000048                   : BIOS.obj (.text:ti_sysbios_family_arm_m3_Hwi_enableInterrupt__E)
                  00002ed0    00000048                   : BIOS.obj (.text:ti_sysbios_knl_Mailbox_Module_startup__E)
                  00002f18    00000048                   : BIOS.obj (.text:xdc_runtime_Core_assignParams__I)
                  00002f60    00000044                   : BIOS.obj (.text:ti_sysbios_family_arm_m3_Hwi_getStackInfo__E)
                  00002fa4    00000004     --HOLE-- [fill = 0]
                  00002fa8    00000044                   : BIOS.obj (.text:ti_sysbios_knl_Swi_post__E)
                  00002fec    00000040     GPIO_MSP432.obj (.text:GPIO_setPinSalida)
                  0000302c    00000040     dpl_msp432p401x.aem4f : HwiP_tirtos.oem4f (.text:HwiP_create)
                  0000306c    00000004     --HOLE-- [fill = 0]
                  00003070    00000040     sysbios.aem4f : BIOS.obj (.text:ti_sysbios_family_arm_msp432_Timer_Module_startup__E)
                  000030b0    00000040                   : BIOS.obj (.text:ti_sysbios_family_arm_msp432_Timer_startup__E)
                  000030f0    00000040                   : BIOS.obj (.text:ti_sysbios_heaps_HeapMem_Instance_init__E)
                  00003130    0000003c                   : BIOS.obj (.text:ti_sysbios_family_arm_m3_Hwi_Instance_finalize__E)
                  0000316c    00000004     --HOLE-- [fill = 0]
                  00003170    0000003c                   : BIOS.obj (.text:ti_sysbios_family_arm_msp432_Seconds_Module_startup__E)
                  000031ac    00000004     --HOLE-- [fill = 0]
                  000031b0    0000003c                   : BIOS.obj (.text:ti_sysbios_knl_Swi_restore__E)
                  000031ec    00000038     drivers_msp432p401x.aem4f : PowerMSP432.oem4f (.text:notify)
                  00003224    00000004     --HOLE-- [fill = 0]
                  00003228    00000038     sysbios.aem4f : BIOS.obj (.text:xdc_runtime_System_atexit__E)
                  00003260    00000032                   : BIOS.obj (.text:ti_sysbios_hal_Hwi_initStack)
                  00003292    00000002     --HOLE-- [fill = 0]
                  00003294    00000030     release_pem4f.oem4f (.text:ti_sysbios_BIOS_atExitFunc__I)
                  000032c4    00000030     release_pem4f.oem4f (.text:ti_sysbios_BIOS_startFunc__I)
                  000032f4    00000004     --HOLE-- [fill = 0]
                  000032f8    00000030     sysbios.aem4f : BIOS.obj (.text:ti_sysbios_family_arm_m3_TaskSupport_start__E)
                  00003328    00000030     release_pem4f.oem4f (.text:ti_sysbios_gates_GateHwi_Object__create__S)
                  00003358    00000030     release_pem4f.oem4f (.text:ti_sysbios_gates_GateMutex_Object__create__S)
                  00003388    00000030     sysbios.aem4f : BIOS.obj (.text:ti_sysbios_gates_GateMutex_enter__E)
                  000033b8    00000030     release_pem4f.oem4f (.text:ti_sysbios_heaps_HeapMem_Object__create__S)
                  000033e8    00000030     sysbios.aem4f : BIOS.obj (.text:ti_sysbios_knl_Mailbox_postInit__I)
                  00003418    00000030     release_pem4f.oem4f (.text:ti_sysbios_knl_Semaphore_construct)
                  00003448    00000030     sysbios.aem4f : BIOS.obj (.text:ti_sysbios_knl_Semaphore_pendTimeout__I)
                  00003478    00000030                   : BIOS.obj (.text:ti_sysbios_knl_Task_processVitalTaskFlag__I)
                  000034a8    00000030                   : BIOS.obj (.text:ti_sysbios_knl_Task_restore__E)
                  000034d8    00000030                   : BIOS.obj (.text:ti_sysbios_knl_Task_unblockI__E)
                  00003508    00000030                   : BIOS.obj (.text:xdc_runtime_System_processAtExit__E)
                  00003538    0000002e                   : BIOS.obj (.text:pthread_setcancelstate)
                  00003566    0000002c     dpl_msp432p401x.aem4f : PowerMSP432_tirtos.oem4f (.text:PowerMSP432_updateFreqs)
                  00003592    00000002     --HOLE-- [fill = 0]
                  00003594    0000002c     msp432p4xx_driverlib.lib : rtc_c.o (.text:RTC_C_holdClock)
                  000035c0    0000002c     sysbios.aem4f : BIOS.obj (.text:_pthread_cleanupFxn)
                  000035ec    00000004     --HOLE-- [fill = 0]
                  000035f0    0000002c                   : BIOS.obj (.text:_pthread_delete$43)
                  0000361c    0000002c     release_pem4f.oem4f (.text:ti_sysbios_gates_GateHwi_Handle__label__S)
                  00003648    0000002c     release_pem4f.oem4f (.text:ti_sysbios_gates_GateMutex_Handle__label__S)
                  00003674    0000002c     release_pem4f.oem4f (.text:ti_sysbios_heaps_HeapMem_Handle__label__S)
                  000036a0    0000002c     release_pem4f.oem4f (.text:ti_sysbios_knl_Clock_doTick__I)
                  000036cc    0000002c     release_pem4f.oem4f (.text:ti_sysbios_knl_Queue_construct)
                  000036f8    00000028     GPIO_MSP432.obj (.text:GPIO_setPinAlto)
                  00003720    00000028     GPIO_MSP432.obj (.text:GPIO_setPinBajo)
                  00003748    00000028     msp432p4xx_driverlib.lib : pcm.o (.text:PCM_gotoLPM0)
                  00003770    00000028     drivers_msp432p401x.aem4f : PowerMSP432.oem4f (.text:disableFaultCounter)
                  00003798    00000028                               : PowerMSP432.oem4f (.text:disableHFXT)
                  000037c0    00000028     sysbios.aem4f : m3_Hwi_asm.obj (.text:ti_sysbios_family_arm_m3_Hwi_excHandlerAsm__I)
                  000037e8    00000028                   : BIOS.obj (.text:ti_sysbios_knl_Clock_addI__E)
                  00003810    00000028                   : BIOS.obj (.text:ti_sysbios_knl_Swi_Module_startup__E)
                  00003838    00000026                   : m3_Hwi_asm.obj (.text:ti_sysbios_family_arm_m3_Hwi_pendSV__I)
                  0000385e    00000002     --HOLE-- [fill = 0]
                  00003860    00000024     GPIO_MSP432.obj (.text:Gpio2_Pin_in)
                  00003884    00000024     GPIO_MSP432.obj (.text:Gpio_Pin_in)
                  000038a8    00000024     msp432p4xx_driverlib.lib : wdt_a.o (.text:WDT_A_holdTimer)
                  000038cc    00000004     --HOLE-- [fill = 0]
                  000038d0    00000024     sysbios.aem4f : BIOS.obj (.text:pthread_attr_init)
                  000038f4    00000024     release_pem4f.oem4f (.text:ti_sysbios_BIOS_registerRTSLock__I)
                  00003918    00000024     release_pem4f.oem4f (.text:ti_sysbios_BIOS_removeRTSLock__I)
                  0000393c    00000004     --HOLE-- [fill = 0]
                  00003940    00000024     sysbios.aem4f : BIOS.obj (.text:ti_sysbios_family_arm_msp432_ClockFreqs_setFrequency__E)
                  00003964    00000024     release_pem4f.oem4f (.text:ti_sysbios_gates_GateMutex_Object__delete__S)
                  00003988    00000024     sysbios.aem4f : BIOS.obj (.text:ti_sysbios_knl_Clock_Module_startup__E)
                  000039ac    00000004     --HOLE-- [fill = 0]
                  000039b0    00000024                   : BIOS.obj (.text:ti_sysbios_knl_Semaphore_Instance_init__E)
                  000039d4    00000004     --HOLE-- [fill = 0]
                  000039d8    00000024                   : BIOS.obj (.text:ti_sysbios_knl_Task_restoreHwi__E)
                  000039fc    00000004     --HOLE-- [fill = 0]
                  00003a00    00000024                   : BIOS.obj (.text:xdc_runtime_Error_policyMin__E)
                  00003a24    00000020     msp432p4xx_driverlib.lib : cs.o (.text:CS_setExternalClockSourceFrequency)
                  00003a44    00000020     release_pem4f.oem4f (.text:ti_sysbios_BIOS_rtsLock__I)
                  00003a64    00000020     release_pem4f.oem4f (.text:ti_sysbios_gates_GateHwi_Object__delete__S)
                  00003a84    00000020     release_pem4f.oem4f (.text:ti_sysbios_heaps_HeapMem_Object__delete__S)
                  00003aa4    00000004     --HOLE-- [fill = 0]
                  00003aa8    00000020     sysbios.aem4f : BIOS.obj (.text:ti_sysbios_knl_Idle_run__E)
                  00003ac8    00000020     release_pem4f.oem4f (.text:ti_sysbios_knl_Semaphore_destruct)
                  00003ae8    00000020     release_pem4f.oem4f (.text:ti_sysbios_knl_Task_Object__delete__S)
                  00003b08    0000001e     sysbios.aem4f : m3_Hwi_asm_switch.obj (.text:ti_sysbios_family_xxx_Hwi_switchAndRunFunc)
                  00003b26    0000001c     rtsv7M4_T_le_v4SPD16_eabi.lib : copy_zero_init.c.obj (.text:decompress:ZI:__TI_zero_init_nomemset:__TI_zero_init_nomemset)
                  00003b42    00000006     --HOLE-- [fill = 0]
                  00003b48    0000001c     sysbios.aem4f : BIOS.obj (.text:ti_sysbios_family_arm_m3_Hwi_excHandler__I)
                  00003b64    00000004     --HOLE-- [fill = 0]
                  00003b68    0000001c                   : BIOS.obj (.text:ti_sysbios_gates_GateMutex_Instance_init__E)
                  00003b84    0000001c     release_pem4f.oem4f (.text:ti_sysbios_knl_Queue_destruct)
                  00003ba0    0000001c     sysbios.aem4f : BIOS.obj (.text:ti_sysbios_knl_Queue_put__E)
                  00003bbc    00000004     --HOLE-- [fill = 0]
                  00003bc0    0000001c                   : BIOS.obj (.text:ti_sysbios_knl_Task_enter__I)
                  00003bdc    00000004     --HOLE-- [fill = 0]
                  00003be0    0000001c                   : BIOS.obj (.text:xdc_runtime_Memory_valloc__E)
                  00003bfc    00000004     --HOLE-- [fill = 0]
                  00003c00    0000001c                   : BIOS.obj (.text:xdc_runtime_System_abort__E)
                  00003c1c    00000018     release_pem4f.oem4f (.text:.bootCodeSection:ti_sysbios_family_arm_msp432_init_Boot_init__I)
                  00003c34    00000018     msp432p4xx_driverlib.lib : sysctl_a.o (.text:SysCtl_A_disableNMISource)
                  00003c4c    00000018                              : sysctl_a.o (.text:SysCtl_A_enableNMISource)
                  00003c64    00000018     rtsv7M4_T_le_v4SPD16_eabi.lib : args_main.c.obj (.text:_args_main)
                  00003c7c    00000018     release_pem4f.oem4f (.text:ti_sysbios_BIOS_rtsUnlock__I)
                  00003c94    00000018     release_pem4f.oem4f (.text:ti_sysbios_family_arm_m3_Hwi_Module__startupDone__F)
                  00003cac    00000018     sysbios.aem4f : m3_TaskSupport_asm.obj (.text:ti_sysbios_family_arm_m3_TaskSupport_swap__E)
                  00003cc4    00000018     release_pem4f.oem4f (.text:ti_sysbios_family_arm_msp432_Timer_Module__startupDone__F)
                  00003cdc    00000004     --HOLE-- [fill = 0]
                  00003ce0    00000018     sysbios.aem4f : BIOS.obj (.text:ti_sysbios_gates_GateMutex_leave__E)
                  00003cf8    00000018                   : BIOS.obj (.text:xdc_runtime_Error_init__E)
                  00003d10    00000018                   : BIOS.obj (.text:xdc_runtime_System_exit__E)
                  00003d28    00000016     release_pem4f.oem4f (.text:ti_sysbios_BIOS_exitFunc__I)
                  00003d3e    00000002     --HOLE-- [fill = 0]
                  00003d40    00000016     sysbios.aem4f : BIOS.obj (.text:ti_sysbios_knl_Task_unblock__E)
                  00003d56    00000002     --HOLE-- [fill = 0]
                  00003d58    00000014     msp432p4xx_driverlib.lib : pcm.o (.text:PCM_getPowerState)
                  00003d6c    00000014     drivers_msp432p401x.aem4f : PowerMSP432.oem4f (.text:Power_idleFunc)
                  00003d80    00000014     sysbios.aem4f : BIOS.obj (.text:pthread_attr_setschedparam)
                  00003d94    00000014     release_pem4f.oem4f (.text:ti_sysbios_family_arm_m3_Hwi_Object__get__S)
                  00003da8    00000014     sysbios.aem4f : BIOS.obj (.text:ti_sysbios_family_arm_m3_Hwi_switchFromBootStack__E)
                  00003dbc    00000014     release_pem4f.oem4f (.text:ti_sysbios_heaps_HeapMem_Object__get__S)
                  00003dd0    00000014     release_pem4f.oem4f (.text:ti_sysbios_knl_Swi_Object__get__S)
                  00003de4    00000004     --HOLE-- [fill = 0]
                  00003de8    00000012     sysbios.aem4f : BIOS.obj (.text:_pthread_cleanup_pop)
                  00003dfa    00000006     --HOLE-- [fill = 0]
                  00003e00    00000012                   : BIOS.obj (.text:_pthread_runStub$43)
                  00003e12    00000006     --HOLE-- [fill = 0]
                  00003e18    00000012                   : BIOS.obj (.text:ti_sysbios_hal_Hwi_Module_startup__E)
                  00003e2a    00000012     release_pem4f.oem4f (.text:xdc_runtime_Startup_exec__I)
                  00003e3c    00000010     dpl_msp432p401x.aem4f : HwiP_tirtos.oem4f (.text:HwiP_Params_init)
                  00003e4c    00000010     msp432p4xx_driverlib.lib : pcm.o (.text:PCM_gotoLPM4)
                  00003e5c    00000010                              : pcm.o (.text:PCM_setPowerMode)
                  00003e6c    00000010                              : pcm.o (.text:PCM_setPowerState)
                  00003e7c    00000010                              : sysctl_a.o (.text:SysCtl_A_getNMISourceStatus)
                  00003e8c    00000010                              : sysctl.o (.text:SysCtl_getNMISourceStatus)
                  00003e9c    00000004     --HOLE-- [fill = 0]
                  00003ea0    00000010     sysbios.aem4f : BIOS.obj (.text:ti_sysbios_BIOS_exit__E)
                  00003eb0    00000010                   : BIOS.obj (.text:ti_sysbios_BIOS_setCpuFreq__E)
                  00003ec0    00000010                   : BIOS.obj (.text:ti_sysbios_BIOS_setThreadType__E)
                  00003ed0    00000010                   : BIOS.obj (.text:ti_sysbios_BIOS_start__E)
                  00003ee0    00000010                   : m3_TaskSupport_asm.obj (.text:ti_sysbios_family_arm_m3_TaskSupport_glue)
                  00003ef0    00000010                   : BIOS.obj (.text:ti_sysbios_family_arm_msp432_init_Boot_disableWatchdog)
                  00003f00    00000010                   : BIOS.obj (.text:ti_sysbios_gates_GateMutex_Instance_finalize__E)
                  00003f10    00000010     release_pem4f.oem4f (.text:ti_sysbios_knl_Mailbox_Object__get__S)
                  00003f20    00000010     sysbios.aem4f : BIOS.obj (.text:ti_sysbios_knl_Semaphore_Instance_finalize__E)
                  00003f30    00000010                   : BIOS.obj (.text:ti_sysbios_knl_Swi_disable__E)
                  00003f40    00000010     release_pem4f.oem4f (.text:ti_sysbios_knl_Task_Object__get__S)
                  00003f50    00000010     sysbios.aem4f : BIOS.obj (.text:ti_sysbios_knl_Task_disable__E)
                  00003f60    00000010                   : BIOS.obj (.text:xdc_runtime_Gate_leaveSystem__E)
                  00003f70    00000010                   : BIOS.obj (.text:xdc_runtime_Memory_free__E)
                  00003f80    00000010                   : BIOS.obj (.text:xdc_runtime_SysCallback_abort__E)
                  00003f90    00000010                   : BIOS.obj (.text:xdc_runtime_SysCallback_exit__E)
                  00003fa0    0000000e     rtsv7M4_T_le_v4SPD16_eabi.lib : copy_decompress_none.c.obj (.text:decompress:none:__TI_decompress_none)
                  00003fae    00000002     --HOLE-- [fill = 0]
                  00003fb0    0000000e     sysbios.aem4f : BIOS.obj (.text:pthread_attr_setdetachstate)
                  00003fbe    00000002     --HOLE-- [fill = 0]
                  00003fc0    0000000e                   : BIOS.obj (.text:ti_sysbios_knl_Idle_loop__E)
                  00003fce    00000002     --HOLE-- [fill = 0]
                  00003fd0    0000000e                   : BIOS.obj (.text:ti_sysbios_knl_Queue_empty__E)
                  00003fde    0000000c     ti_drivers_config.obj (.text:Board_init)
                  00003fea    0000000c     msp432p4xx_driverlib.lib : cpu.o (.text:CPU_cpsid)
                  00003ff6    0000000c                              : cpu.o (.text:CPU_cpsie)
                  00004002    00000002     --HOLE-- [fill = 0]
                  00004004    0000000c     drivers_msp432p401x.aem4f : PowerMSP432.oem4f (.text:Power_getConstraintMask)
                  00004010    0000000c     rtsv7M4_T_le_v4SPD16_eabi.lib : _lock.c.obj (.text:_register_lock)
                  0000401c    0000000c                                   : _lock.c.obj (.text:_register_unlock)
                  00004028    0000000c     sysbios.aem4f : BIOS.obj (.text:pthread_self)
                  00004034    0000000c     release_pem4f.oem4f (.text:ti_sysbios_family_arm_m3_Hwi_Params__init__S)
                  00004040    0000000c     sysbios.aem4f : BIOS.obj (.text:ti_sysbios_family_arm_m3_TaskSupport_getStackAlignment__E)
                  0000404c    00000004     --HOLE-- [fill = 0]
                  00004050    0000000c                   : BIOS.obj (.text:ti_sysbios_family_arm_msp432_Timer_getMaxTicks__E)
                  0000405c    00000004     --HOLE-- [fill = 0]
                  00004060    0000000c                   : BIOS.obj (.text:ti_sysbios_gates_GateHwi_enter__E)
                  0000406c    0000000c     release_pem4f.oem4f (.text:ti_sysbios_knl_Queue_Object__get__S)
                  00004078    0000000c     release_pem4f.oem4f (.text:ti_sysbios_knl_Semaphore_Params__init__S)
                  00004084    0000000c     release_pem4f.oem4f (.text:ti_sysbios_knl_Task_Params__init__S)
                  00004090    0000000c     sysbios.aem4f : BIOS.obj (.text:ti_sysbios_rts_ti_ReentSupport_taskRegHook__I)
                  0000409c    00000004     --HOLE-- [fill = 0]
                  000040a0    0000000c                   : BIOS.obj (.text:xdc_runtime_Gate_enterSystem__E)
                  000040ac    00000004     --HOLE-- [fill = 0]
                  000040b0    0000000c                   : BIOS.obj (.text:xdc_runtime_Startup_rtsDone__E)
                  000040bc    0000000a     release_pem4f.oem4f (.text:xdc_runtime_IHeap_alloc)
                  000040c6    0000000a     release_pem4f.oem4f (.text:xdc_runtime_IHeap_free)
                  000040d0    00000008     sysbios.aem4f : BIOS.obj (.text:pthread_attr_setstacksize)
                  000040d8    00000008                   : BIOS.obj (.text:ti_sysbios_family_arm_m3_Hwi_doSwiRestore__I)
                  000040e0    00000008                   : BIOS.obj (.text:ti_sysbios_family_arm_m3_Hwi_startup__E)
                  000040e8    00000006                   : BIOS.obj (.text:ti_sysbios_family_arm_m3_Hwi_doTaskRestore__I)
                  000040ee    00000002     --HOLE-- [fill = 0]
                  000040f0    00000006                   : BIOS.obj (.text:ti_sysbios_gates_GateHwi_leave__E)
                  000040f6    00000002     --HOLE-- [fill = 0]
                  000040f8    00000006                   : BIOS.obj (.text:ti_sysbios_heaps_HeapMem_isBlocking__E)
                  000040fe    00000002     --HOLE-- [fill = 0]
                  00004100    00000006                   : BIOS.obj (.text:ti_sysbios_knl_Queue_Instance_init__E)
                  00004106    00000002     --HOLE-- [fill = 0]
                  00004108    00000006                   : BIOS.obj (.text:ti_sysbios_knl_Swi_startup__E)
                  0000410e    00000002     --HOLE-- [fill = 0]
                  00004110    00000006                   : BIOS.obj (.text:xdc_runtime_System_Module_startup__E)
                  00004116    00000002     --HOLE-- [fill = 0]
                  00004118    00000004                   : BIOS.obj (.text:ti_sysbios_gates_GateHwi_query__E)
                  0000411c    00000004     --HOLE-- [fill = 0]
                  00004120    00000004                   : BIOS.obj (.text:ti_sysbios_gates_GateMutex_query__E)
                  00004124    00000004     --HOLE-- [fill = 0]
                  00004128    00000004                   : BIOS.obj (.text:ti_sysbios_knl_Task_startup__E)
                  0000412c    00000004     --HOLE-- [fill = 0]
                  00004130    00000002                   : BIOS.obj (.text:ti_sysbios_BIOS_linkedWithIncorrectBootLibrary__E)
                  00004132    00000006     --HOLE-- [fill = 0]
                  00004138    00000002                   : BIOS.obj (.text:ti_sysbios_gates_GateHwi_Instance_init__E)
                  0000413a    00000006     --HOLE-- [fill = 0]
                  00004140    00000002                   : BIOS.obj (.text:ti_sysbios_knl_Clock_logTick__E)
                  00004142    00000006     --HOLE-- [fill = 0]
                  00004148    00000002                   : BIOS.obj (.text:xdc_runtime_SysCallback_defaultAbort)
                  0000414a    00000006     --HOLE-- [fill = 0]
                  00004150    00000002                   : BIOS.obj (.text:xdc_runtime_SysCallback_defaultExit)
                  00004152    00000006     --HOLE-- [fill = 0]
                  00004158    00000002                   : BIOS.obj (.text:xdc_runtime_System_abortSpin__E)
                  0000415a    00000006     --HOLE-- [fill = 0]
                  00004160    00000002                   : BIOS.obj (.text:xdc_runtime_System_exitSpin__E)

.const     0    00004164    00000411     
                  00004164    0000003c     release_pem4f.oem4f (.const:ti_sysbios_knl_Task_Object__PARAMS__C)
                  000041a0    00000038     ti_drivers_config.obj (.const:PowerMSP432_config)
                  000041d8    00000030     GPIO_MSP432.obj (.const:GPIO_PORT_TO_BASE)
                  00004208    00000030     release_pem4f.oem4f (.const:ti_sysbios_family_arm_m3_Hwi_Object__PARAMS__C)
                  00004238    00000028     release_pem4f.oem4f (.const:ti_sysbios_heaps_HeapMem_Module__FXNS__C)
                  00004260    00000024     release_pem4f.oem4f (.const:ti_sysbios_gates_GateHwi_Module__FXNS__C)
                  00004284    00000024     release_pem4f.oem4f (.const:ti_sysbios_gates_GateMutex_Module__FXNS__C)
                  000042a8    00000024     release_pem4f.oem4f (.const:ti_sysbios_heaps_HeapMem_Object__PARAMS__C)
                  000042cc    00000024     release_pem4f.oem4f (.const:ti_sysbios_knl_Semaphore_Object__PARAMS__C)
                  000042f0    00000024     release_pem4f.oem4f (.const:xdc_runtime_Startup_sfxnTab__A)
                  00004314    00000020     release_pem4f.oem4f (.const:ti_sysbios_family_arm_m3_Hwi_Object__DESC__C)
                  00004334    00000020     release_pem4f.oem4f (.const:ti_sysbios_gates_GateHwi_Object__DESC__C)
                  00004354    00000020     release_pem4f.oem4f (.const:ti_sysbios_gates_GateMutex_Object__DESC__C)
                  00004374    00000020     release_pem4f.oem4f (.const:ti_sysbios_heaps_HeapMem_Object__DESC__C)
                  00004394    00000020     release_pem4f.oem4f (.const:ti_sysbios_knl_Queue_Object__DESC__C)
                  000043b4    00000020     release_pem4f.oem4f (.const:ti_sysbios_knl_Semaphore_Object__DESC__C)
                  000043d4    00000020     release_pem4f.oem4f (.const:ti_sysbios_knl_Task_Object__DESC__C)
                  000043f4    00000018     release_pem4f.oem4f (.const:ti_sysbios_gates_GateHwi_Object__PARAMS__C)
                  0000440c    00000018     release_pem4f.oem4f (.const:ti_sysbios_gates_GateMutex_Object__PARAMS__C)
                  00004424    00000018     release_pem4f.oem4f (.const:ti_sysbios_knl_Queue_Object__PARAMS__C)
                  0000443c    00000018     release_pem4f.oem4f (.const:ti_sysbios_knl_Task_hooks__A)
                  00004454    00000012     release_pem4f.oem4f (.const:xdc_runtime_Startup_sfxnRts__A)
                  00004466    00000002     release_pem4f.oem4f (.const:ti_sysbios_family_arm_m3_Hwi_Module__id__C)
                  00004468    0000000c     release_pem4f.oem4f (.const:xdc_runtime_Startup_firstFxns__A)
                  00004474    00000008     GPIO_MSP432.obj (.const)
                  0000447c    00000008     release_pem4f.oem4f (.const:ti_sysbios_knl_Idle_funcList__A)
                  00004484    00000008     release_pem4f.oem4f (.const:ti_sysbios_knl_Idle_funcList__C)
                  0000448c    00000008     release_pem4f.oem4f (.const:ti_sysbios_knl_Task_hooks__C)
                  00004494    00000008     release_pem4f.oem4f (.const:xdc_runtime_Startup_firstFxns__C)
                  0000449c    00000008     release_pem4f.oem4f (.const:xdc_runtime_Startup_lastFxns__C)
                  000044a4    00000004     release_pem4f.oem4f (.const:ti_sysbios_family_arm_m3_Hwi_E_alreadyDefined__C)
                  000044a8    00000004     release_pem4f.oem4f (.const:ti_sysbios_family_arm_m3_Hwi_E_badIntNum__C)
                  000044ac    00000004     release_pem4f.oem4f (.const:ti_sysbios_family_arm_m3_Hwi_NUM_INTERRUPTS__C)
                  000044b0    00000004     release_pem4f.oem4f (.const:ti_sysbios_family_arm_m3_Hwi_Object__count__C)
                  000044b4    00000004     release_pem4f.oem4f (.const:ti_sysbios_family_arm_m3_Hwi_ccr__C)
                  000044b8    00000004     release_pem4f.oem4f (.const:ti_sysbios_family_arm_m3_Hwi_excHandlerFunc__C)
                  000044bc    00000004     release_pem4f.oem4f (.const:ti_sysbios_family_arm_m3_Hwi_nullIsrFunc__C)
                  000044c0    00000004     release_pem4f.oem4f (.const:ti_sysbios_family_arm_m3_Hwi_priGroup__C)
                  000044c4    00000004     release_pem4f.oem4f (.const:ti_sysbios_family_arm_m3_Hwi_swiDisable__C)
                  000044c8    00000004     release_pem4f.oem4f (.const:ti_sysbios_family_arm_m3_Hwi_swiRestore__C)
                  000044cc    00000004     release_pem4f.oem4f (.const:ti_sysbios_family_arm_m3_TaskSupport_stackAlignment__C)
                  000044d0    00000004     release_pem4f.oem4f (.const:ti_sysbios_family_arm_msp432_Timer_numTimerDevices__C)
                  000044d4    00000004     release_pem4f.oem4f (.const:ti_sysbios_family_arm_msp432_Timer_startupNeeded__C)
                  000044d8    00000004     release_pem4f.oem4f (.const:ti_sysbios_gates_GateMutex_Instance_State_sem__O)
                  000044dc    00000004     release_pem4f.oem4f (.const:ti_sysbios_heaps_HeapMem_E_memory__C)
                  000044e0    00000004     release_pem4f.oem4f (.const:ti_sysbios_heaps_HeapMem_Module__gateObj__C)
                  000044e4    00000004     release_pem4f.oem4f (.const:ti_sysbios_heaps_HeapMem_Object__count__C)
                  000044e8    00000004     release_pem4f.oem4f (.const:ti_sysbios_heaps_HeapMem_primaryHeapBaseAddr__C)
                  000044ec    00000004     release_pem4f.oem4f (.const:ti_sysbios_heaps_HeapMem_primaryHeapEndAddr__C)
                  000044f0    00000004     release_pem4f.oem4f (.const:ti_sysbios_heaps_HeapMem_reqAlign__C)
                  000044f4    00000004     release_pem4f.oem4f (.const:ti_sysbios_knl_Clock_Module_State_clockQ__O)
                  000044f8    00000004     release_pem4f.oem4f (.const:ti_sysbios_knl_Mailbox_Instance_State_freeQue__O)
                  000044fc    00000004     release_pem4f.oem4f (.const:ti_sysbios_knl_Mailbox_Object__count__C)
                  00004500    00000004     release_pem4f.oem4f (.const:ti_sysbios_knl_Mailbox_maxTypeAlign__C)
                  00004504    00000004     release_pem4f.oem4f (.const:ti_sysbios_knl_Semaphore_Instance_State_pendQ__O)
                  00004508    00000004     release_pem4f.oem4f (.const:ti_sysbios_knl_Swi_Object__count__C)
                  0000450c    00000004     release_pem4f.oem4f (.const:ti_sysbios_knl_Task_Module_State_inactiveQ__O)
                  00004510    00000004     release_pem4f.oem4f (.const:ti_sysbios_knl_Task_Object__count__C)
                  00004514    00000004     release_pem4f.oem4f (.const:ti_sysbios_knl_Task_Object__heap__C)
                  00004518    00000004     release_pem4f.oem4f (.const:ti_sysbios_knl_Task_allBlockedFunc__C)
                  0000451c    00000004     release_pem4f.oem4f (.const:ti_sysbios_knl_Task_defaultStackHeap__C)
                  00004520    00000004     release_pem4f.oem4f (.const:ti_sysbios_knl_Task_defaultStackSize__C)
                  00004524    00000004     release_pem4f.oem4f (.const:ti_sysbios_knl_Task_numConstructedTasks__C)
                  00004528    00000004     release_pem4f.oem4f (.const:xdc_runtime_Error_E_memory__C)
                  0000452c    00000004     release_pem4f.oem4f (.const:xdc_runtime_Error_policyFxn__C)
                  00004530    00000004     release_pem4f.oem4f (.const:xdc_runtime_IGateProvider_Interface__BASE__C)
                  00004534    00000004     release_pem4f.oem4f (.const:xdc_runtime_IHeap_Interface__BASE__C)
                  00004538    00000004     release_pem4f.oem4f (.const:xdc_runtime_IModule_Interface__BASE__C)
                  0000453c    00000004     release_pem4f.oem4f (.const:xdc_runtime_Memory_defaultHeapInstance__C)
                  00004540    00000004     release_pem4f.oem4f (.const:xdc_runtime_Startup_execImpl__C)
                  00004544    00000004     release_pem4f.oem4f (.const:xdc_runtime_Startup_maxPasses__C)
                  00004548    00000004     release_pem4f.oem4f (.const:xdc_runtime_Startup_sfxnRts__C)
                  0000454c    00000004     release_pem4f.oem4f (.const:xdc_runtime_Startup_sfxnTab__C)
                  00004550    00000004     release_pem4f.oem4f (.const:xdc_runtime_SysCallback_abortFxn__C)
                  00004554    00000004     release_pem4f.oem4f (.const:xdc_runtime_SysCallback_exitFxn__C)
                  00004558    00000004     release_pem4f.oem4f (.const:xdc_runtime_System_Module__gateObj__C)
                  0000455c    00000004     release_pem4f.oem4f (.const:xdc_runtime_System_abortFxn__C)
                  00004560    00000004     release_pem4f.oem4f (.const:xdc_runtime_System_exitFxn__C)
                  00004564    00000004     release_pem4f.oem4f (.const:xdc_runtime_System_maxAtexitHandlers__C)
                  00004568    00000002     release_pem4f.oem4f (.const:ti_sysbios_family_arm_msp432_init_Boot_bypassHFXT__C)
                  0000456a    00000002     release_pem4f.oem4f (.const:ti_sysbios_family_arm_msp432_init_Boot_bypassLFXT__C)
                  0000456c    00000002     release_pem4f.oem4f (.const:ti_sysbios_family_arm_msp432_init_Boot_enableHFXT__C)
                  0000456e    00000002     release_pem4f.oem4f (.const:ti_sysbios_family_arm_msp432_init_Boot_enableLFXT__C)
                  00004570    00000002     release_pem4f.oem4f (.const:ti_sysbios_heaps_HeapMem_Module__id__C)
                  00004572    00000002     release_pem4f.oem4f (.const:xdc_runtime_Memory_Module__id__C)
                  00004574    00000001     release_pem4f.oem4f (.const:xdc_runtime_Error_policy__C)

.cinit     0    00004578    00000230     
                  00004578    00000206     (.cinit..data.load) [load image, compression = lzss]
                  0000477e    00000002     --HOLE-- [fill = 0]
                  00004780    0000000c     (__TI_handler_table)
                  0000478c    00000004     --HOLE-- [fill = 0]
                  00004790    00000008     (.cinit..bss.load) [load image, compression = zero_init]
                  00004798    00000010     (__TI_cinit_table)

.init_array 
*          0    00000000    00000000     UNINITIALIZED

.data      0    20008140    000005fa     UNINITIALIZED
                  20008140    00000140     drivers_msp432p401x.aem4f : PowerMSP432.oem4f (.data:PowerMSP432_perfLevels)
                  20008280    00000088     sysbios.aem4f : BIOS.obj (.data:$O1$$)
                  20008308    00000080     release_pem4f.oem4f (.data:ti_sysbios_knl_Swi_Module_State_0_readyQ__A)
                  20008388    00000080     release_pem4f.oem4f (.data:ti_sysbios_knl_Task_Module_State_0_readyQ__A)
                  20008408    00000054     release_pem4f.oem4f (.data:ti_sysbios_gates_GateMutex_Object__table__V)
                  2000845c    0000004c     release_pem4f.oem4f (.data:ti_sysbios_knl_Task_Object__table__V)
                  200084a8    00000044     release_pem4f.oem4f (.data:ti_sysbios_family_arm_msp432_Timer_Object__table__V)
                  200084ec    00000044     release_pem4f.oem4f (.data:ti_sysbios_knl_Task_Module__state__V)
                  20008530    00000034     release_pem4f.oem4f (.data:ti_sysbios_family_arm_m3_Hwi_Module__state__V)
                  20008564    00000030     release_pem4f.oem4f (.data:ti_sysbios_knl_Swi_Object__table__V)
                  20008594    0000002c     drivers_msp432p401x.aem4f : PowerMSP432.oem4f (.data:PowerMSP432_module)
                  200085c0    0000002c     release_pem4f.oem4f (.data:ti_sysbios_knl_Clock_Module__state__V)
                  200085ec    00000024     release_pem4f.oem4f (.data:ti_sysbios_BIOS_Module__state__V)
                  20008610    00000020     release_pem4f.oem4f (.data:ti_sysbios_family_arm_msp432_Timer_Module_State_0_device__A)
                  20008630    00000020     release_pem4f.oem4f (.data:xdc_runtime_Error_IgnoreBlock)
                  20008650    0000001c     release_pem4f.oem4f (.data:ti_sysbios_knl_Swi_Module__state__V)
                  2000866c    00000018     release_pem4f.oem4f (.data:ti_sysbios_family_arm_m3_Hwi_Object__table__V)
                  20008684    00000018     release_pem4f.oem4f (.data:ti_sysbios_heaps_HeapMem_Object__table__V)
                  2000869c    00000010     release_pem4f.oem4f (.data:ti_sysbios_family_arm_msp432_Timer_Module_State_0_handles__A)
                  200086ac    0000000c     release_pem4f.oem4f (.data:ti_sysbios_family_arm_msp432_ClockFreqs_Module__state__V)
                  200086b8    0000000c     release_pem4f.oem4f (.data:ti_sysbios_family_arm_msp432_Timer_Module__state__V)
                  200086c4    00000008     rtsv7M4_T_le_v4SPD16_eabi.lib : _lock.c.obj (.data:$O1$$)
                  200086cc    00000008     release_pem4f.oem4f (.data:ti_sysbios_family_arm_m3_Hwi_Module__root__V)
                  200086d4    00000008     release_pem4f.oem4f (.data:ti_sysbios_gates_GateHwi_Module__root__V)
                  200086dc    00000008     release_pem4f.oem4f (.data:ti_sysbios_gates_GateMutex_Module__root__V)
                  200086e4    00000008     release_pem4f.oem4f (.data:ti_sysbios_heaps_HeapMem_Module__root__V)
                  200086ec    00000008     release_pem4f.oem4f (.data:ti_sysbios_knl_Queue_Module__root__V)
                  200086f4    00000008     release_pem4f.oem4f (.data:ti_sysbios_knl_Semaphore_Module__root__V)
                  200086fc    00000008     release_pem4f.oem4f (.data:ti_sysbios_knl_Task_Module__root__V)
                  20008704    00000008     release_pem4f.oem4f (.data:xdc_runtime_Startup_Module__state__V)
                  2000870c    00000008     release_pem4f.oem4f (.data:xdc_runtime_System_Module_State_0_atexitHandlers__A)
                  20008714    00000008     release_pem4f.oem4f (.data:xdc_runtime_System_Module__state__V)
                  2000871c    00000004     rtsv7M4_T_le_v4SPD16_eabi.lib : stkdepth_vars.c.obj (.data)
                  20008720    00000004     release_pem4f.oem4f (.data:ti_sysbios_family_arm_m3_Hwi_Module_State_0_excContext__A)
                  20008724    00000004     release_pem4f.oem4f (.data:ti_sysbios_family_arm_m3_Hwi_Module_State_0_excStack__A)
                  20008728    00000004     release_pem4f.oem4f (.data:ti_sysbios_gates_GateHwi_Object__table__V)
                  2000872c    00000004     release_pem4f.oem4f (.data:ti_sysbios_knl_Task_Module_State_0_idleTask__A)
                  20008730    00000004     release_pem4f.oem4f (.data:ti_sysbios_rts_ti_ReentSupport_Module__state__V)
                  20008734    00000004     release_pem4f.oem4f (.data:xdc_runtime_Memory_Module__state__V)
                  20008738    00000002     release_pem4f.oem4f (.data:ti_sysbios_family_arm_m3_Hwi_Module_State_0_excActive__A)

.bss       0    20008740    0000034c     UNINITIALIZED
                  20008740    00000200     release_pem4f.oem4f (.bss:taskStackSection)
                  20008940    00000140     (.common:ti_sysbios_family_arm_m3_Hwi_dispatchTable)
                  20008a80    00000008     msp432p4xx_driverlib.lib : cs.o (.bss)
                  20008a88    00000004     (.common:ti_sysbios_knl_Task_Instance_State_0_hookEnv__A)

.priheap   0    20000140    00008000     UNINITIALIZED
                  20000140    00008000     --HOLE--

.stack     0    2000fc00    00000400     UNINITIALIZED
                  2000fc00    00000400     --HOLE--

.bootVecs 
*          0    00000000    00000008     DSECT
                  00000000    00000008     boot.aem4f : boot.oem4f (.bootVecs)

.resetVecs 
*          0    00000000    0000003c     
                  00000000    0000003c     release_pem4f.oem4f (.resetVecs)

.vecs      0    20000000    00000140     NOLOAD SECTION
                  20000000    00000140     release_pem4f.oem4f (.vecs)

xdc.meta   0    00000000    00000109     COPY SECTION
                  00000000    00000109     release_pem4f.oem4f (xdc.meta)

xdc.noload 
*          0    00000000    00000000     COPY SECTION

__llvm_prf_cnts 
*          0    20000000    00000000     UNINITIALIZED

.binit     0    00000000    00000000     

MODULE SUMMARY

       Module                       code    ro data   rw data
       ------                       ----    -------   -------
    .\
       thread.obj                   460     0         0      
       main_tirtos.obj              100     0         0      
    +--+----------------------------+-------+---------+---------+
       Total:                       560     0         0      
                                                             
    .\DRIVERS\
       GPIO_MSP432.obj              304     56        0      
    +--+----------------------------+-------+---------+---------+
       Total:                       304     56        0      
                                                             
    .\syscfg\
       ti_drivers_config.obj        14      56        0      
    +--+----------------------------+-------+---------+---------+
       Total:                       14      56        0      
                                                             
    C:\Users\DELL\OneDrive\Escritorio\space\tirtos_builds_MSP_EXP432P401R_release_ccs\Debug\configPkg\package\cfg\
       release_pem4f.oem4f          1302    989       4348   
    +--+----------------------------+-------+---------+---------+
       Total:                       1302    989       4348   
                                                             
    C:/ti/simplelink_msp432p4_sdk_3_40_01_02/kernel/tirtos/packages/ti/dpl/lib/dpl_msp432p401x.aem4f
       PowerMSP432_tirtos.oem4f     122     0         0      
       HwiP_tirtos.oem4f            80      0         0      
    +--+----------------------------+-------+---------+---------+
       Total:                       202     0         0      
                                                             
    C:/ti/simplelink_msp432p4_sdk_3_40_01_02/source/ti/devices/msp432p4xx/driverlib/ccs/msp432p4xx_driverlib.lib
       pcm.o                        1770    0         0      
       cs.o                         704     0         16     
       sysctl_a.o                   64      0         0      
       rtc_c.o                      44      0         0      
       wdt_a.o                      36      0         0      
       cpu.o                        28      0         0      
       sysctl.o                     16      0         0      
    +--+----------------------------+-------+---------+---------+
       Total:                       2662    0         16     
                                                             
    C:/ti/simplelink_msp432p4_sdk_3_40_01_02/source/ti/drivers/lib/drivers_msp432p401x.aem4f
       PowerMSP432.oem4f            1864    0         728    
    +--+----------------------------+-------+---------+---------+
       Total:                       1864    0         728    
                                                             
    C:\Users\DELL\OneDrive\Escritorio\space\tirtos_builds_MSP_EXP432P401R_release_ccs\src\sysbios\sysbios.aem4f
       BIOS.obj                     8086    0         272    
       m3_Hwi_asm.obj               318     0         0      
       m3_TaskSupport_asm.obj       180     0         0      
       m3_Hwi_asm_switch.obj        118     0         0      
    +--+----------------------------+-------+---------+---------+
       Total:                       8702    0         272    
                                                             
    C:\ti\ccs1250\ccs\tools\compiler\ti-cgt-arm_20.2.7.LTS\lib\rtsv7M4_T_le_v4SPD16_eabi.lib
       memcpy_t2.asm.obj            156     0         0      
       memset_t2.asm.obj            122     0         0      
       copy_decompress_lzss.c.obj   104     0         0      
       cpy_tbl.c.obj                76      0         0      
       _lock.c.obj                  26      0         16     
       copy_zero_init.c.obj         28      0         0      
       args_main.c.obj              24      0         0      
       copy_decompress_none.c.obj   14      0         0      
       stkdepth_vars.c.obj          0       0         8      
    +--+----------------------------+-------+---------+---------+
       Total:                       550     0         24     
                                                             
    C:\ti\simplelink_msp432p4_sdk_3_40_01_02\kernel\tirtos\packages\ti\targets\arm\rtsarm\lib\auto_init.aem4f
       auto_init.oem4f              160     0         0      
    +--+----------------------------+-------+---------+---------+
       Total:                       160     0         0      
                                                             
    C:\ti\simplelink_msp432p4_sdk_3_40_01_02\kernel\tirtos\packages\ti\targets\arm\rtsarm\lib\boot.aem4f
       boot.oem4f                   88      0         0      
    +--+----------------------------+-------+---------+---------+
       Total:                       88      0         0      
                                                             
       Stack:                       0       0         2048   
       Linker Generated:            0       554       0      
    +--+----------------------------+-------+---------+---------+
       Grand Total:                 16408   1655      7436   


LINKER GENERATED COPY TABLES

__TI_cinit_table @ 00004798 records: 2, size/record: 8, table size: 16
	.data: load addr=00004578, load size=00000206 bytes, run addr=20008140, run size=000005fa bytes, compression=lzss
	.bss: load addr=00004790, load size=00000008 bytes, run addr=20008740, run size=0000034c bytes, compression=zero_init


LINKER GENERATED HANDLER TABLE

__TI_handler_table @ 00004780 records: 3, size/record: 4, table size: 12
	index: 0, handler: __TI_decompress_lzss
	index: 1, handler: __TI_decompress_none
	index: 2, handler: __TI_zero_init


GLOBAL SYMBOLS: SORTED ALPHABETICALLY BY Name 

address   name                                                            
-------   ----                                                            
00003fdf  Board_init                                                      
000005c3  Board_initHook                                                  
00003feb  CPU_cpsid                                                       
00003ff7  CPU_cpsie                                                       
00000b75  CPU_wfi                                                         
00003a25  CS_setExternalClockSourceFrequency                              
000013a1  CS_startHFXTWithTimeout                                         
00001485  CS_startLFXTWithTimeout                                         
000036f9  GPIO_setPinAlto                                                 
00003721  GPIO_setPinBajo                                                 
00002921  GPIO_setPinEntradaconPullUp                                     
00002fed  GPIO_setPinSalida                                               
00003861  Gpio2_Pin_in                                                    
00003885  Gpio_Pin_in                                                     
00008000  HEAPSIZE                                                        
00003e3d  HwiP_Params_init                                                
0000302d  HwiP_create                                                     
00002749  PCM_getCoreVoltageLevel                                         
000028c5  PCM_getPowerMode                                                
00003d59  PCM_getPowerState                                               
00003749  PCM_gotoLPM0                                                    
00002089  PCM_gotoLPM3                                                    
00003e4d  PCM_gotoLPM4                                                    
00003e5d  PCM_setPowerMode                                                
00003e6d  PCM_setPowerState                                               
00002a29  PCM_shutdownDevice                                              
000041a0  PowerMSP432_config                                              
0000195f  PowerMSP432_initPolicy                                          
20008594  PowerMSP432_module                                              
20008140  PowerMSP432_perfLevels                                          
00002bc9  PowerMSP432_sleepPolicy                                         
00003567  PowerMSP432_updateFreqs                                         
00004005  Power_getConstraintMask                                         
00003d6d  Power_idleFunc                                                  
00001b4d  Power_init                                                      
00000041  Power_sleep                                                     
00003595  RTC_C_holdClock                                                 
UNDEFED   SHT$$INIT_ARRAY$$Base                                           
UNDEFED   SHT$$INIT_ARRAY$$Limit                                          
00003c35  SysCtl_A_disableNMISource                                       
00003c4d  SysCtl_A_enableNMISource                                        
00003e7d  SysCtl_A_getNMISourceStatus                                     
00003e8d  SysCtl_getNMISourceStatus                                       
4000480c  WDTCTL_SYM                                                      
000038a9  WDT_A_holdTimer                                                 
00000000  __ASM__                                                         
0000008a  __ISA__                                                         
0000009d  __PLAT__                                                        
20010000  __STACK_END                                                     
00000400  __STACK_SIZE                                                    
000000c0  __TARG__                                                        
00004798  __TI_CINIT_Base                                                 
000047a8  __TI_CINIT_Limit                                                
00004780  __TI_Handler_Table_Base                                         
0000478c  __TI_Handler_Table_Limit                                        
00001aad  __TI_auto_init                                                  
0000247d  __TI_decompress_lzss                                            
00003fa1  __TI_decompress_none                                            
ffffffff  __TI_pprof_out_hndl                                             
ffffffff  __TI_prof_data_size                                             
ffffffff  __TI_prof_data_start                                            
00004578  __TI_static_base__                                              
00003b27  __TI_zero_init_nomemset                                         
000000e6  __TRDR__                                                        
00002321  __aeabi_memclr                                                  
00002321  __aeabi_memclr4                                                 
00002321  __aeabi_memclr8                                                 
00001be9  __aeabi_memcpy                                                  
00001be9  __aeabi_memcpy4                                                 
00001be9  __aeabi_memcpy8                                                 
00002323  __aeabi_memset                                                  
00002323  __aeabi_memset4                                                 
00002323  __aeabi_memset8                                                 
ffffffff  __binit__                                                       
ffffffff  __c_args__                                                      
20008140  __primary_heap_end__                                            
20000140  __primary_heap_start__                                          
2000fc00  __stack                                                         
20000000  __start___llvm_prf_cnts                                         
20000000  __stop___llvm_prf_cnts                                          
00003c65  _args_main                                                      
00002979  _c_int00                                                        
200086c4  _lock                                                           
00001ffd  _nop                                                            
000035c1  _pthread_cleanupFxn                                             
00003de9  _pthread_cleanup_pop                                            
00001c89  _pthread_removeThreadKeys                                       
00004011  _register_lock                                                  
0000401d  _register_unlock                                                
200086c8  _unlock                                                         
ffffffff  binit                                                           
00002c15  copy_in                                                         
00002551  main                                                            
0000084d  mainThread                                                      
2000871c  main_func_sp                                                    
00001be9  memcpy                                                          
00002329  memset                                                          
00004474  p1_in                                                           
00004478  p2_in                                                           
000038d1  pthread_attr_init                                               
00003fb1  pthread_attr_setdetachstate                                     
00003d81  pthread_attr_setschedparam                                      
000040d1  pthread_attr_setstacksize                                       
000011c1  pthread_create                                                  
000025b9  pthread_exit                                                    
00004029  pthread_self                                                    
00003539  pthread_setcancelstate                                          
200085ec  ti_sysbios_BIOS_Module__state__V                                
00003649  ti_sysbios_BIOS_RtsGateProxy_Handle__label__S                   
000010c5  ti_sysbios_BIOS_RtsGateProxy_enter__E                           
00001565  ti_sysbios_BIOS_RtsGateProxy_leave__E                           
00004121  ti_sysbios_BIOS_RtsGateProxy_query__E                           
00003295  ti_sysbios_BIOS_atExitFunc__I                                   
00003d29  ti_sysbios_BIOS_exitFunc__I                                     
00003ea1  ti_sysbios_BIOS_exit__E                                         
00004131  ti_sysbios_BIOS_linkedWithIncorrectBootLibrary__E               
00001fff  ti_sysbios_BIOS_nullFunc__I                                     
000038f5  ti_sysbios_BIOS_registerRTSLock__I                              
00003919  ti_sysbios_BIOS_removeRTSLock__I                                
00003a45  ti_sysbios_BIOS_rtsLock__I                                      
00003c7d  ti_sysbios_BIOS_rtsUnlock__I                                    
00003eb1  ti_sysbios_BIOS_setCpuFreq__E                                   
00003ec1  ti_sysbios_BIOS_setThreadType__E                                
000032c5  ti_sysbios_BIOS_startFunc__I                                    
00003ed1  ti_sysbios_BIOS_start__E                                        
000044a4  ti_sysbios_family_arm_m3_Hwi_E_alreadyDefined__C                
000044a8  ti_sysbios_family_arm_m3_Hwi_E_badIntNum__C                     
00003131  ti_sysbios_family_arm_m3_Hwi_Instance_finalize__E               
000017f9  ti_sysbios_family_arm_m3_Hwi_Instance_init__E                   
20008738  ti_sysbios_family_arm_m3_Hwi_Module_State_0_excActive__A        
20008720  ti_sysbios_family_arm_m3_Hwi_Module_State_0_excContext__A       
20008724  ti_sysbios_family_arm_m3_Hwi_Module_State_0_excStack__A         
00004466  ti_sysbios_family_arm_m3_Hwi_Module__id__C                      
200086cc  ti_sysbios_family_arm_m3_Hwi_Module__root__V                    
00003c95  ti_sysbios_family_arm_m3_Hwi_Module__startupDone__F             
00003c95  ti_sysbios_family_arm_m3_Hwi_Module__startupDone__S             
20008530  ti_sysbios_family_arm_m3_Hwi_Module__state__V                   
00002b29  ti_sysbios_family_arm_m3_Hwi_Module_startup__E                  
000044ac  ti_sysbios_family_arm_m3_Hwi_NUM_INTERRUPTS__C                  
00004314  ti_sysbios_family_arm_m3_Hwi_Object__DESC__C                    
00004208  ti_sysbios_family_arm_m3_Hwi_Object__PARAMS__C                  
000044b0  ti_sysbios_family_arm_m3_Hwi_Object__count__C                   
00003d95  ti_sysbios_family_arm_m3_Hwi_Object__get__S                     
2000866c  ti_sysbios_family_arm_m3_Hwi_Object__table__V                   
00004035  ti_sysbios_family_arm_m3_Hwi_Params__init__S                    
000044b4  ti_sysbios_family_arm_m3_Hwi_ccr__C                             
00002a7d  ti_sysbios_family_arm_m3_Hwi_create                             
00002e41  ti_sysbios_family_arm_m3_Hwi_disableInterrupt__E                
00002621  ti_sysbios_family_arm_m3_Hwi_dispatchC__I                       
20008940  ti_sysbios_family_arm_m3_Hwi_dispatchTable                      
000012b1  ti_sysbios_family_arm_m3_Hwi_dispatch__I                        
000040d9  ti_sysbios_family_arm_m3_Hwi_doSwiRestore__I                    
000040e9  ti_sysbios_family_arm_m3_Hwi_doTaskRestore__I                   
00002e89  ti_sysbios_family_arm_m3_Hwi_enableInterrupt__E                 
000037c1  ti_sysbios_family_arm_m3_Hwi_excHandlerAsm__I                   
000044b8  ti_sysbios_family_arm_m3_Hwi_excHandlerFunc__C                  
00003b49  ti_sysbios_family_arm_m3_Hwi_excHandler__I                      
00002f61  ti_sysbios_family_arm_m3_Hwi_getStackInfo__E                    
00001d21  ti_sysbios_family_arm_m3_Hwi_initNVIC__E                        
000029d1  ti_sysbios_family_arm_m3_Hwi_initStacks__E                      
00001385  ti_sysbios_family_arm_m3_Hwi_interruptsAreDisabledButShouldNotBe
000044bc  ti_sysbios_family_arm_m3_Hwi_nullIsrFunc__C                     
e000e000  ti_sysbios_family_arm_m3_Hwi_nvic                               
00003839  ti_sysbios_family_arm_m3_Hwi_pendSV__I                          
00002191  ti_sysbios_family_arm_m3_Hwi_postInit__I                        
000044c0  ti_sysbios_family_arm_m3_Hwi_priGroup__C                        
20000000  ti_sysbios_family_arm_m3_Hwi_ramVectors                         
00000000  ti_sysbios_family_arm_m3_Hwi_resetVectors                       
0000385d  ti_sysbios_family_arm_m3_Hwi_return                             
000040e1  ti_sysbios_family_arm_m3_Hwi_startup__E                         
000044c4  ti_sysbios_family_arm_m3_Hwi_swiDisable__C                      
000044c8  ti_sysbios_family_arm_m3_Hwi_swiRestore__C                      
00003da9  ti_sysbios_family_arm_m3_Hwi_switchFromBootStack__E             
00001725  ti_sysbios_family_arm_m3_TaskSupport_Module__startupDone__S     
00001ee1  ti_sysbios_family_arm_m3_TaskSupport_buildTaskStack             
00004041  ti_sysbios_family_arm_m3_TaskSupport_getStackAlignment__E       
00003ee1  ti_sysbios_family_arm_m3_TaskSupport_glue                       
000044cc  ti_sysbios_family_arm_m3_TaskSupport_stackAlignment__C          
000032f9  ti_sysbios_family_arm_m3_TaskSupport_start__E                   
00003cad  ti_sysbios_family_arm_m3_TaskSupport_swap__E                    
200086ac  ti_sysbios_family_arm_msp432_ClockFreqs_Module__state__V        
00003941  ti_sysbios_family_arm_msp432_ClockFreqs_setFrequency__E         
00003171  ti_sysbios_family_arm_msp432_Seconds_Module_startup__E          
20008610  ti_sysbios_family_arm_msp432_Timer_Module_State_0_device__A     
2000869c  ti_sysbios_family_arm_msp432_Timer_Module_State_0_handles__A    
00003cc5  ti_sysbios_family_arm_msp432_Timer_Module__startupDone__F       
00003cc5  ti_sysbios_family_arm_msp432_Timer_Module__startupDone__S       
200086b8  ti_sysbios_family_arm_msp432_Timer_Module__state__V             
00003071  ti_sysbios_family_arm_msp432_Timer_Module_startup__E            
200084a8  ti_sysbios_family_arm_msp432_Timer_Object__table__V             
00004051  ti_sysbios_family_arm_msp432_Timer_getMaxTicks__E               
00002ad1  ti_sysbios_family_arm_msp432_Timer_initDevice__I                
000044d0  ti_sysbios_family_arm_msp432_Timer_numTimerDevices__C           
00001961  ti_sysbios_family_arm_msp432_Timer_periodicStub__E              
00002c61  ti_sysbios_family_arm_msp432_Timer_postInit__I                  
00002cb1  ti_sysbios_family_arm_msp432_Timer_start__E                     
000044d4  ti_sysbios_family_arm_msp432_Timer_startupNeeded__C             
000030b1  ti_sysbios_family_arm_msp432_Timer_startup__E                   
00004568  ti_sysbios_family_arm_msp432_init_Boot_bypassHFXT__C            
0000456a  ti_sysbios_family_arm_msp432_init_Boot_bypassLFXT__C            
000010c9  ti_sysbios_family_arm_msp432_init_Boot_configureClocksHigh      
00003ef1  ti_sysbios_family_arm_msp432_init_Boot_disableWatchdog          
0000456c  ti_sysbios_family_arm_msp432_init_Boot_enableHFXT__C            
0000456e  ti_sysbios_family_arm_msp432_init_Boot_enableLFXT__C            
00003c1d  ti_sysbios_family_arm_msp432_init_Boot_init__I                  
00003b09  ti_sysbios_family_xxx_Hwi_switchAndRunFunc                      
0000361d  ti_sysbios_gates_GateHwi_Handle__label__S                       
00004139  ti_sysbios_gates_GateHwi_Instance_init__E                       
00004260  ti_sysbios_gates_GateHwi_Module__FXNS__C                        
200086d4  ti_sysbios_gates_GateHwi_Module__root__V                        
00004334  ti_sysbios_gates_GateHwi_Object__DESC__C                        
000043f4  ti_sysbios_gates_GateHwi_Object__PARAMS__C                      
00003329  ti_sysbios_gates_GateHwi_Object__create__S                      
00003a65  ti_sysbios_gates_GateHwi_Object__delete__S                      
20008728  ti_sysbios_gates_GateHwi_Object__table__V                       
00004061  ti_sysbios_gates_GateHwi_enter__E                               
000040f1  ti_sysbios_gates_GateHwi_leave__E                               
00004119  ti_sysbios_gates_GateHwi_query__E                               
00003649  ti_sysbios_gates_GateMutex_Handle__label__S                     
000044d8  ti_sysbios_gates_GateMutex_Instance_State_sem__O                
00003f01  ti_sysbios_gates_GateMutex_Instance_finalize__E                 
00003b69  ti_sysbios_gates_GateMutex_Instance_init__E                     
00004284  ti_sysbios_gates_GateMutex_Module__FXNS__C                      
200086dc  ti_sysbios_gates_GateMutex_Module__root__V                      
00004354  ti_sysbios_gates_GateMutex_Object__DESC__C                      
0000440c  ti_sysbios_gates_GateMutex_Object__PARAMS__C                    
00003359  ti_sysbios_gates_GateMutex_Object__create__S                    
00003965  ti_sysbios_gates_GateMutex_Object__delete__S                    
20008408  ti_sysbios_gates_GateMutex_Object__table__V                     
00003389  ti_sysbios_gates_GateMutex_enter__E                             
00003ce1  ti_sysbios_gates_GateMutex_leave__E                             
00004121  ti_sysbios_gates_GateMutex_query__E                             
00003c95  ti_sysbios_hal_Hwi_HwiProxy_Module__startupDone__S              
00004035  ti_sysbios_hal_Hwi_HwiProxy_Params__init__S                     
00002e41  ti_sysbios_hal_Hwi_HwiProxy_disableInterrupt__E                 
00002e89  ti_sysbios_hal_Hwi_HwiProxy_enableInterrupt__E                  
00002f61  ti_sysbios_hal_Hwi_HwiProxy_getStackInfo__E                     
000040e1  ti_sysbios_hal_Hwi_HwiProxy_startup__E                          
00003da9  ti_sysbios_hal_Hwi_HwiProxy_switchFromBootStack__E              
00003e19  ti_sysbios_hal_Hwi_Module_startup__E                            
00002e41  ti_sysbios_hal_Hwi_disableInterrupt__E                          
00002e89  ti_sysbios_hal_Hwi_enableInterrupt__E                           
00002f61  ti_sysbios_hal_Hwi_getStackInfo__E                              
00003261  ti_sysbios_hal_Hwi_initStack                                    
000040e1  ti_sysbios_hal_Hwi_startup__E                                   
00003da9  ti_sysbios_hal_Hwi_switchFromBootStack__E                       
000044dc  ti_sysbios_heaps_HeapMem_E_memory__C                            
00003675  ti_sysbios_heaps_HeapMem_Handle__label__S                       
000030f1  ti_sysbios_heaps_HeapMem_Instance_init__E                       
00003649  ti_sysbios_heaps_HeapMem_Module_GateProxy_Handle__label__S      
0000195b  ti_sysbios_heaps_HeapMem_Module_GateProxy_enter__E              
00001c85  ti_sysbios_heaps_HeapMem_Module_GateProxy_leave__E              
00004121  ti_sysbios_heaps_HeapMem_Module_GateProxy_query__E              
00004238  ti_sysbios_heaps_HeapMem_Module__FXNS__C                        
000044e0  ti_sysbios_heaps_HeapMem_Module__gateObj__C                     
00004570  ti_sysbios_heaps_HeapMem_Module__id__C                          
200086e4  ti_sysbios_heaps_HeapMem_Module__root__V                        
00004374  ti_sysbios_heaps_HeapMem_Object__DESC__C                        
000042a8  ti_sysbios_heaps_HeapMem_Object__PARAMS__C                      
000044e4  ti_sysbios_heaps_HeapMem_Object__count__C                       
000033b9  ti_sysbios_heaps_HeapMem_Object__create__S                      
00003a85  ti_sysbios_heaps_HeapMem_Object__delete__S                      
00003dbd  ti_sysbios_heaps_HeapMem_Object__get__S                         
20008684  ti_sysbios_heaps_HeapMem_Object__table__V                       
00001729  ti_sysbios_heaps_HeapMem_alloc__E                               
00002219  ti_sysbios_heaps_HeapMem_free__E                                
00002d01  ti_sysbios_heaps_HeapMem_getStats__E                            
000023a1  ti_sysbios_heaps_HeapMem_initPrimary__I                         
000040f9  ti_sysbios_heaps_HeapMem_isBlocking__E                          
000044e8  ti_sysbios_heaps_HeapMem_primaryHeapBaseAddr__C                 
000044ec  ti_sysbios_heaps_HeapMem_primaryHeapEndAddr__C                  
000044f0  ti_sysbios_heaps_HeapMem_reqAlign__C                            
000044f4  ti_sysbios_knl_Clock_Module_State_clockQ__O                     
200085c0  ti_sysbios_knl_Clock_Module__state__V                           
00003989  ti_sysbios_knl_Clock_Module_startup__E                          
00003cc5  ti_sysbios_knl_Clock_TimerProxy_Module__startupDone__S          
00001d1d  ti_sysbios_knl_Clock_TimerProxy_getMaxTicks__E                  
000030b1  ti_sysbios_knl_Clock_TimerProxy_startup__E                      
000037e9  ti_sysbios_knl_Clock_addI__E                                    
000036a1  ti_sysbios_knl_Clock_doTick__I                                  
00004141  ti_sysbios_knl_Clock_logTick__E                                 
000022a1  ti_sysbios_knl_Clock_workFunc__E                                
0000447c  ti_sysbios_knl_Idle_funcList__A                                 
00004484  ti_sysbios_knl_Idle_funcList__C                                 
00003fc1  ti_sysbios_knl_Idle_loop__E                                     
00003aa9  ti_sysbios_knl_Idle_run__E                                      
000044f8  ti_sysbios_knl_Mailbox_Instance_State_freeQue__O                
00002ed1  ti_sysbios_knl_Mailbox_Module_startup__E                        
000044fc  ti_sysbios_knl_Mailbox_Object__count__C                         
00003f11  ti_sysbios_knl_Mailbox_Object__get__S                           
00004500  ti_sysbios_knl_Mailbox_maxTypeAlign__C                          
000033e9  ti_sysbios_knl_Mailbox_postInit__I                              
00004101  ti_sysbios_knl_Queue_Instance_init__E                           
200086ec  ti_sysbios_knl_Queue_Module__root__V                            
00004394  ti_sysbios_knl_Queue_Object__DESC__C                            
00004424  ti_sysbios_knl_Queue_Object__PARAMS__C                          
0000406d  ti_sysbios_knl_Queue_Object__get__S                             
000036cd  ti_sysbios_knl_Queue_construct                                  
00003b85  ti_sysbios_knl_Queue_destruct                                   
00003fd1  ti_sysbios_knl_Queue_empty__E                                   
00003ba1  ti_sysbios_knl_Queue_put__E                                     
00004504  ti_sysbios_knl_Semaphore_Instance_State_pendQ__O                
00003f21  ti_sysbios_knl_Semaphore_Instance_finalize__E                   
000039b1  ti_sysbios_knl_Semaphore_Instance_init__E                       
200086f4  ti_sysbios_knl_Semaphore_Module__root__V                        
000043b4  ti_sysbios_knl_Semaphore_Object__DESC__C                        
000042cc  ti_sysbios_knl_Semaphore_Object__PARAMS__C                      
00004079  ti_sysbios_knl_Semaphore_Params__init__S                        
00003419  ti_sysbios_knl_Semaphore_construct                              
00003ac9  ti_sysbios_knl_Semaphore_destruct                               
00003449  ti_sysbios_knl_Semaphore_pendTimeout__I                         
00000b79  ti_sysbios_knl_Semaphore_pend__E                                
00002689  ti_sysbios_knl_Semaphore_post__E                                
20008308  ti_sysbios_knl_Swi_Module_State_0_readyQ__A                     
20008650  ti_sysbios_knl_Swi_Module__state__V                             
00003811  ti_sysbios_knl_Swi_Module_startup__E                            
00004508  ti_sysbios_knl_Swi_Object__count__C                             
00003dd1  ti_sysbios_knl_Swi_Object__get__S                               
20008564  ti_sysbios_knl_Swi_Object__table__V                             
00003f31  ti_sysbios_knl_Swi_disable__E                                   
00002fa9  ti_sysbios_knl_Swi_post__E                                      
00002411  ti_sysbios_knl_Swi_restoreHwi__E                                
[...]
00003b27  __TI_zero_init_nomemset                                         
00003b49  ti_sysbios_family_arm_m3_Hwi_excHandler__I                      
00003b69  ti_sysbios_gates_GateMutex_Instance_init__E                     
00003b85  ti_sysbios_knl_Queue_destruct                                   
00003ba1  ti_sysbios_knl_Queue_put__E                                     
00003bc1  ti_sysbios_knl_Task_enter__I                                    
00003be1  xdc_runtime_Memory_valloc__E                                    
00003c01  xdc_runtime_System_abort__E                                     
00003c1d  ti_sysbios_family_arm_msp432_init_Boot_init__I                  
00003c1d  xdc_runtime_Startup_reset__I                                    
00003c35  SysCtl_A_disableNMISource                                       
00003c4d  SysCtl_A_enableNMISource                                        
00003c65  _args_main                                                      
00003c7d  ti_sysbios_BIOS_rtsUnlock__I                                    
00003c95  ti_sysbios_family_arm_m3_Hwi_Module__startupDone__F             
00003c95  ti_sysbios_family_arm_m3_Hwi_Module__startupDone__S             
00003c95  ti_sysbios_hal_Hwi_HwiProxy_Module__startupDone__S              
00003cad  ti_sysbios_family_arm_m3_TaskSupport_swap__E                    
00003cad  ti_sysbios_knl_Task_SupportProxy_swap__E                        
00003cb9  ti_sysbios_knl_Task_swapReturn                                  
00003cc5  ti_sysbios_family_arm_msp432_Timer_Module__startupDone__F       
00003cc5  ti_sysbios_family_arm_msp432_Timer_Module__startupDone__S       
00003cc5  ti_sysbios_knl_Clock_TimerProxy_Module__startupDone__S          
00003ce1  ti_sysbios_gates_GateMutex_leave__E                             
00003cf9  xdc_runtime_Error_init__E                                       
00003d11  xdc_runtime_System_exit__E                                      
00003d29  ti_sysbios_BIOS_exitFunc__I                                     
00003d41  ti_sysbios_knl_Task_unblock__E                                  
00003d59  PCM_getPowerState                                               
00003d6d  Power_idleFunc                                                  
00003d81  pthread_attr_setschedparam                                      
00003d95  ti_sysbios_family_arm_m3_Hwi_Object__get__S                     
00003da9  ti_sysbios_family_arm_m3_Hwi_switchFromBootStack__E             
00003da9  ti_sysbios_hal_Hwi_HwiProxy_switchFromBootStack__E              
00003da9  ti_sysbios_hal_Hwi_switchFromBootStack__E                       
00003dbd  ti_sysbios_heaps_HeapMem_Object__get__S                         
00003dd1  ti_sysbios_knl_Swi_Object__get__S                               
00003de9  _pthread_cleanup_pop                                            
00003e19  ti_sysbios_hal_Hwi_Module_startup__E                            
00003e2b  xdc_runtime_Startup_exec__I                                     
00003e3d  HwiP_Params_init                                                
00003e4d  PCM_gotoLPM4                                                    
00003e5d  PCM_setPowerMode                                                
00003e6d  PCM_setPowerState                                               
00003e7d  SysCtl_A_getNMISourceStatus                                     
00003e8d  SysCtl_getNMISourceStatus                                       
00003ea1  ti_sysbios_BIOS_exit__E                                         
00003eb1  ti_sysbios_BIOS_setCpuFreq__E                                   
00003ec1  ti_sysbios_BIOS_setThreadType__E                                
00003ed1  ti_sysbios_BIOS_start__E                                        
00003ee1  ti_sysbios_family_arm_m3_TaskSupport_glue                       
00003ef1  ti_sysbios_family_arm_msp432_init_Boot_disableWatchdog          
00003f01  ti_sysbios_gates_GateMutex_Instance_finalize__E                 
00003f11  ti_sysbios_knl_Mailbox_Object__get__S                           
00003f21  ti_sysbios_knl_Semaphore_Instance_finalize__E                   
00003f31  ti_sysbios_knl_Swi_disable__E                                   
00003f41  ti_sysbios_knl_Task_Object__get__S                              
00003f51  ti_sysbios_knl_Task_disable__E                                  
00003f61  xdc_runtime_Gate_leaveSystem__E                                 
00003f71  xdc_runtime_Memory_free__E                                      
00003f81  xdc_runtime_SysCallback_abort__E                                
00003f81  xdc_runtime_System_SupportProxy_abort__E                        
00003f91  xdc_runtime_SysCallback_exit__E                                 
00003f91  xdc_runtime_System_SupportProxy_exit__E                         
00003fa1  __TI_decompress_none                                            
00003fb1  pthread_attr_setdetachstate                                     
00003fc1  ti_sysbios_knl_Idle_loop__E                                     
00003fd1  ti_sysbios_knl_Queue_empty__E                                   
00003fdf  Board_init                                                      
00003feb  CPU_cpsid                                                       
00003ff7  CPU_cpsie                                                       
00004005  Power_getConstraintMask                                         
00004011  _register_lock                                                  
0000401d  _register_unlock                                                
00004029  pthread_self                                                    
00004035  ti_sysbios_family_arm_m3_Hwi_Params__init__S                    
00004035  ti_sysbios_hal_Hwi_HwiProxy_Params__init__S                     
00004041  ti_sysbios_family_arm_m3_TaskSupport_getStackAlignment__E       
00004041  ti_sysbios_knl_Task_SupportProxy_getStackAlignment__E           
00004051  ti_sysbios_family_arm_msp432_Timer_getMaxTicks__E               
00004061  ti_sysbios_gates_GateHwi_enter__E                               
0000406d  ti_sysbios_knl_Queue_Object__get__S                             
00004079  ti_sysbios_knl_Semaphore_Params__init__S                        
00004085  ti_sysbios_knl_Task_Params__init__S                             
00004091  ti_sysbios_rts_ti_ReentSupport_taskRegHook__I                   
000040a1  xdc_runtime_Gate_enterSystem__E                                 
000040b1  xdc_runtime_Startup_rtsDone__E                                  
000040bd  xdc_runtime_Memory_HeapProxy_alloc__E                           
000040c7  xdc_runtime_Memory_HeapProxy_free__E                            
000040d1  pthread_attr_setstacksize                                       
000040d9  ti_sysbios_family_arm_m3_Hwi_doSwiRestore__I                    
000040e1  ti_sysbios_family_arm_m3_Hwi_startup__E                         
000040e1  ti_sysbios_hal_Hwi_HwiProxy_startup__E                          
000040e1  ti_sysbios_hal_Hwi_startup__E                                   
000040e9  ti_sysbios_family_arm_m3_Hwi_doTaskRestore__I                   
000040f1  ti_sysbios_gates_GateHwi_leave__E                               
000040f9  ti_sysbios_heaps_HeapMem_isBlocking__E                          
00004101  ti_sysbios_knl_Queue_Instance_init__E                           
00004109  ti_sysbios_knl_Swi_startup__E                                   
00004111  xdc_runtime_System_Module_startup__E                            
00004119  ti_sysbios_gates_GateHwi_query__E                               
00004119  xdc_runtime_Main_Module_GateProxy_query__E                      
00004119  xdc_runtime_System_Module_GateProxy_query__E                    
00004121  ti_sysbios_BIOS_RtsGateProxy_query__E                           
00004121  ti_sysbios_gates_GateMutex_query__E                             
00004121  ti_sysbios_heaps_HeapMem_Module_GateProxy_query__E              
00004129  ti_sysbios_knl_Task_startup__E                                  
00004131  ti_sysbios_BIOS_linkedWithIncorrectBootLibrary__E               
00004139  ti_sysbios_gates_GateHwi_Instance_init__E                       
00004141  ti_sysbios_knl_Clock_logTick__E                                 
00004149  xdc_runtime_SysCallback_defaultAbort                            
00004151  xdc_runtime_SysCallback_defaultExit                             
00004159  xdc_runtime_System_abortSpin__E                                 
00004161  xdc_runtime_System_exitSpin__E                                  
00004164  ti_sysbios_knl_Task_Object__PARAMS__C                           
000041a0  PowerMSP432_config                                              
00004208  ti_sysbios_family_arm_m3_Hwi_Object__PARAMS__C                  
00004238  ti_sysbios_heaps_HeapMem_Module__FXNS__C                        
00004260  ti_sysbios_gates_GateHwi_Module__FXNS__C                        
00004284  ti_sysbios_gates_GateMutex_Module__FXNS__C                      
000042a8  ti_sysbios_heaps_HeapMem_Object__PARAMS__C                      
000042cc  ti_sysbios_knl_Semaphore_Object__PARAMS__C                      
000042f0  xdc_runtime_Startup_sfxnTab__A                                  
00004314  ti_sysbios_family_arm_m3_Hwi_Object__DESC__C                    
00004334  ti_sysbios_gates_GateHwi_Object__DESC__C                        
00004354  ti_sysbios_gates_GateMutex_Object__DESC__C                      
00004374  ti_sysbios_heaps_HeapMem_Object__DESC__C                        
00004394  ti_sysbios_knl_Queue_Object__DESC__C                            
000043b4  ti_sysbios_knl_Semaphore_Object__DESC__C                        
000043d4  ti_sysbios_knl_Task_Object__DESC__C                             
000043f4  ti_sysbios_gates_GateHwi_Object__PARAMS__C                      
0000440c  ti_sysbios_gates_GateMutex_Object__PARAMS__C                    
00004424  ti_sysbios_knl_Queue_Object__PARAMS__C                          
0000443c  ti_sysbios_knl_Task_hooks__A                                    
00004454  xdc_runtime_Startup_sfxnRts__A                                  
00004466  ti_sysbios_family_arm_m3_Hwi_Module__id__C                      
00004468  xdc_runtime_Startup_firstFxns__A                                
00004474  p1_in                                                           
00004478  p2_in                                                           
0000447c  ti_sysbios_knl_Idle_funcList__A                                 
00004484  ti_sysbios_knl_Idle_funcList__C                                 
0000448c  ti_sysbios_knl_Task_hooks__C                                    
00004494  xdc_runtime_Startup_firstFxns__C                                
0000449c  xdc_runtime_Startup_lastFxns__C                                 
000044a4  ti_sysbios_family_arm_m3_Hwi_E_alreadyDefined__C                
000044a8  ti_sysbios_family_arm_m3_Hwi_E_badIntNum__C                     
000044ac  ti_sysbios_family_arm_m3_Hwi_NUM_INTERRUPTS__C                  
000044b0  ti_sysbios_family_arm_m3_Hwi_Object__count__C                   
000044b4  ti_sysbios_family_arm_m3_Hwi_ccr__C                             
000044b8  ti_sysbios_family_arm_m3_Hwi_excHandlerFunc__C                  
000044bc  ti_sysbios_family_arm_m3_Hwi_nullIsrFunc__C                     
000044c0  ti_sysbios_family_arm_m3_Hwi_priGroup__C                        
000044c4  ti_sysbios_family_arm_m3_Hwi_swiDisable__C                      
000044c8  ti_sysbios_family_arm_m3_Hwi_swiRestore__C                      
000044cc  ti_sysbios_family_arm_m3_TaskSupport_stackAlignment__C          
000044d0  ti_sysbios_family_arm_msp432_Timer_numTimerDevices__C           
000044d4  ti_sysbios_family_arm_msp432_Timer_startupNeeded__C             
000044d8  ti_sysbios_gates_GateMutex_Instance_State_sem__O                
000044dc  ti_sysbios_heaps_HeapMem_E_memory__C                            
000044e0  ti_sysbios_heaps_HeapMem_Module__gateObj__C                     
000044e4  ti_sysbios_heaps_HeapMem_Object__count__C                       
000044e8  ti_sysbios_heaps_HeapMem_primaryHeapBaseAddr__C                 
000044ec  ti_sysbios_heaps_HeapMem_primaryHeapEndAddr__C                  
000044f0  ti_sysbios_heaps_HeapMem_reqAlign__C                            
000044f4  ti_sysbios_knl_Clock_Module_State_clockQ__O                     
000044f8  ti_sysbios_knl_Mailbox_Instance_State_freeQue__O                
000044fc  ti_sysbios_knl_Mailbox_Object__count__C                         
00004500  ti_sysbios_knl_Mailbox_maxTypeAlign__C                          
00004504  ti_sysbios_knl_Semaphore_Instance_State_pendQ__O                
00004508  ti_sysbios_knl_Swi_Object__count__C                             
0000450c  ti_sysbios_knl_Task_Module_State_inactiveQ__O                   
00004510  ti_sysbios_knl_Task_Object__count__C                            
00004514  ti_sysbios_knl_Task_Object__heap__C                             
00004518  ti_sysbios_knl_Task_allBlockedFunc__C                           
0000451c  ti_sysbios_knl_Task_defaultStackHeap__C                         
00004520  ti_sysbios_knl_Task_defaultStackSize__C                         
00004524  ti_sysbios_knl_Task_numConstructedTasks__C                      
00004528  xdc_runtime_Error_E_memory__C                                   
0000452c  xdc_runtime_Error_policyFxn__C                                  
00004530  xdc_runtime_IGateProvider_Interface__BASE__C                    
00004534  xdc_runtime_IHeap_Interface__BASE__C                            
00004538  xdc_runtime_IModule_Interface__BASE__C                          
0000453c  xdc_runtime_Memory_defaultHeapInstance__C                       
00004540  xdc_runtime_Startup_execImpl__C                                 
00004544  xdc_runtime_Startup_maxPasses__C                                
00004548  xdc_runtime_Startup_sfxnRts__C                                  
0000454c  xdc_runtime_Startup_sfxnTab__C                                  
00004550  xdc_runtime_SysCallback_abortFxn__C                             
00004554  xdc_runtime_SysCallback_exitFxn__C                              
00004558  xdc_runtime_System_Module__gateObj__C                           
0000455c  xdc_runtime_System_abortFxn__C                                  
00004560  xdc_runtime_System_exitFxn__C                                   
00004564  xdc_runtime_System_maxAtexitHandlers__C                         
00004568  ti_sysbios_family_arm_msp432_init_Boot_bypassHFXT__C            
0000456a  ti_sysbios_family_arm_msp432_init_Boot_bypassLFXT__C            
0000456c  ti_sysbios_family_arm_msp432_init_Boot_enableHFXT__C            
0000456e  ti_sysbios_family_arm_msp432_init_Boot_enableLFXT__C            
00004570  ti_sysbios_heaps_HeapMem_Module__id__C                          
00004572  xdc_runtime_Memory_Module__id__C                                
00004574  xdc_runtime_Error_policy__C                                     
00004578  __TI_static_base__                                              
00004780  __TI_Handler_Table_Base                                         
0000478c  __TI_Handler_Table_Limit                                        
00004798  __TI_CINIT_Base                                                 
000047a8  __TI_CINIT_Limit                                                
00008000  HEAPSIZE                                                        
20000000  __start___llvm_prf_cnts                                         
20000000  __stop___llvm_prf_cnts                                          
20000000  ti_sysbios_family_arm_m3_Hwi_ramVectors                         
20000140  __primary_heap_start__                                          
20008140  PowerMSP432_perfLevels                                          
20008140  __primary_heap_end__                                            
20008308  ti_sysbios_knl_Swi_Module_State_0_readyQ__A                     
20008388  ti_sysbios_knl_Task_Module_State_0_readyQ__A                    
20008408  ti_sysbios_gates_GateMutex_Object__table__V                     
2000845c  ti_sysbios_knl_Task_Object__table__V                            
200084a8  ti_sysbios_family_arm_msp432_Timer_Object__table__V             
200084ec  ti_sysbios_knl_Task_Module__state__V                            
20008530  ti_sysbios_family_arm_m3_Hwi_Module__state__V                   
20008564  ti_sysbios_knl_Swi_Object__table__V                             
20008594  PowerMSP432_module                                              
200085c0  ti_sysbios_knl_Clock_Module__state__V                           
200085ec  ti_sysbios_BIOS_Module__state__V                                
20008610  ti_sysbios_family_arm_msp432_Timer_Module_State_0_device__A     
20008630  xdc_runtime_Error_IgnoreBlock                                   
20008650  ti_sysbios_knl_Swi_Module__state__V                             
2000866c  ti_sysbios_family_arm_m3_Hwi_Object__table__V                   
20008684  ti_sysbios_heaps_HeapMem_Object__table__V                       
2000869c  ti_sysbios_family_arm_msp432_Timer_Module_State_0_handles__A    
200086ac  ti_sysbios_family_arm_msp432_ClockFreqs_Module__state__V        
200086b8  ti_sysbios_family_arm_msp432_Timer_Module__state__V             
200086c4  _lock                                                           
200086c8  _unlock                                                         
200086cc  ti_sysbios_family_arm_m3_Hwi_Module__root__V                    
200086d4  ti_sysbios_gates_GateHwi_Module__root__V                        
200086dc  ti_sysbios_gates_GateMutex_Module__root__V                      
200086e4  ti_sysbios_heaps_HeapMem_Module__root__V                        
200086ec  ti_sysbios_knl_Queue_Module__root__V                            
200086f4  ti_sysbios_knl_Semaphore_Module__root__V                        
200086fc  ti_sysbios_knl_Task_Module__root__V                             
20008704  xdc_runtime_Startup_Module__state__V                            
2000870c  xdc_runtime_System_Module_State_0_atexitHandlers__A             
20008714  xdc_runtime_System_Module__state__V                             
2000871c  main_func_sp                                                    
20008720  ti_sysbios_family_arm_m3_Hwi_Module_State_0_excContext__A       
20008724  ti_sysbios_family_arm_m3_Hwi_Module_State_0_excStack__A         
20008728  ti_sysbios_gates_GateHwi_Object__table__V                       
2000872c  ti_sysbios_knl_Task_Module_State_0_idleTask__A                  
20008730  ti_sysbios_rts_ti_ReentSupport_Module__state__V                 
20008734  xdc_runtime_Memory_Module__state__V                             
20008738  ti_sysbios_family_arm_m3_Hwi_Module_State_0_excActive__A        
20008740  ti_sysbios_knl_Task_Instance_State_0_stack__A                   
20008940  ti_sysbios_family_arm_m3_Hwi_dispatchTable                      
20008a88  ti_sysbios_knl_Task_Instance_State_0_hookEnv__A                 
2000fc00  __stack                                                         
20010000  __STACK_END                                                     
4000480c  WDTCTL_SYM                                                      
e000e000  ti_sysbios_family_arm_m3_Hwi_nvic                               
ffffffff  __TI_pprof_out_hndl                                             
ffffffff  __TI_prof_data_size                                             
ffffffff  __TI_prof_data_start                                            
ffffffff  __binit__                                                       
ffffffff  __c_args__                                                      
ffffffff  binit                                                           
UNDEFED   SHT$$INIT_ARRAY$$Base                                           
UNDEFED   SHT$$INIT_ARRAY$$Limit                                          

[444 symbols]
